console.c:396:6:console_puts_select.part.0	0	static
console.c:467:5:fgetc.part.0	32	static
console.c:541:5:getchar	0	static
console.c:641:6:putc	0	static
console.c:682:6:puts	32	static
console.c:396:6:console_puts_select	48	static
console.c:421:5:console_start	16	static
console.c:165:12:console_setfile	32	static
console.c:438:6:console_stop	0	static
console.c:449:5:serial_printf	1344	static
console.c:467:5:fgetc	0	static
console.c:500:5:ftstc	0	static
console.c:564:5:tstc	0	static
console.c:508:6:fputc	0	static
console.c:514:6:fputs	0	static
console.c:520:5:fprintf	1328	static
console.c:771:5:ctrlc	16	static
console.c:790:5:confirm_yesno	64	static
console.c:817:5:disable_ctrlc	0	static
console.c:825:5:had_ctrlc	0	static
console.c:830:6:clear_ctrlc	0	static
console.c:837:19:console_search_dev	32	static
console.c:853:5:console_assign	32	static
console.c:891:5:console_announce_r	224	static
console.c:905:5:console_init_f	0	static
console.c:916:6:stdio_print_current_devices	32	static
console.c:1033:5:console_init_r	48	static
