image-fit.c:799:12:fit_image_get_address	48	static
image-fit.c:85:5:fit_parse_conf	48	static
image-fit.c:111:5:fit_parse_subimage	48	static
image-fit.c:149:5:fit_get_subimage_count	48	static
image-fit.c:574:6:fit_print_contents	0	static
image-fit.c:575:6:fit_image_print	0	static
image-fit.c:591:5:fit_get_desc	48	static
image-fit.c:619:5:fit_get_timestamp	48	static
image-fit.c:651:5:fit_image_get_node	32	static
image-fit.c:685:5:fit_image_get_os	48	static
image-fit.c:717:5:fit_image_get_arch	48	static
image-fit.c:749:5:fit_image_get_type	48	static
image-fit.c:781:5:fit_image_get_comp	48	static
image-fit.c:841:5:fit_image_get_load	0	static
image-fit.c:863:5:fit_image_get_entry	0	static
image-fit.c:883:5:fit_image_get_data	48	static
image-fit.c:910:5:fit_image_get_data_offset	32	static
image-fit.c:934:5:fit_image_get_data_position	32	static
image-fit.c:959:5:fit_image_get_data_size	32	static
image-fit.c:983:5:fit_image_get_data_size_unciphered	32	static
image-fit.c:1013:5:fit_image_get_data_and_size	64	static
image-fit.c:1060:5:fit_image_hash_get_algo	48	static
image-fit.c:1088:5:fit_image_hash_get_value	48	static
image-fit.c:1146:5:fit_image_cipher_get_algo	0	static
image-fit.c:1159:7:fit_get_end	0	static
image-fit.c:1177:5:fit_set_timestamp	32	static
image-fit.c:1213:5:calculate_hash	64	static
image-fit.c:1295:5:fit_image_verify_with_data	144	static
image-fit.c:1372:5:fit_image_verify	64	static
image-fit.c:1412:5:fit_all_image_verify	80	static
image-fit.c:1488:5:fit_image_check_os	48	static
image-fit.c:1510:5:fit_image_check_arch	48	static
image-fit.c:1543:5:fit_image_check_type	48	static
image-fit.c:1566:5:fit_image_check_comp	48	static
image-fit.c:1603:5:fit_check_format	32	static
image-fit.c:1714:5:fit_conf_find_compat	144	static
image-fit.c:1815:5:fit_conf_get_node	64	static
image-fit.c:1875:5:fit_conf_get_prop_node_count	0	static
image-fit.c:1881:5:fit_conf_get_prop_node_index	48	static
image-fit.c:1895:5:fit_conf_get_prop_node	0	static
image-fit.c:1917:5:fit_get_node_from_config	32	static
image-fit.c:1979:5:fit_image_load	192	static
image-fit.c:2236:5:boot_get_setup_fit	80	static
image-fit.c:2257:5:boot_get_fdt_fit	144	static
