gmac_rockchip.c:666:12:gmac_rockchip_eth_start	48	static
gmac_rockchip.c:348:13:px30_gmac_set_to_rmii	16	static
gmac_rockchip.c:364:13:rk3228_gmac_set_to_rgmii	32	static
gmac_rockchip.c:122:12:rk3228_gmac_fix_mac_speed	32	static
gmac_rockchip.c:407:13:rk3288_gmac_set_to_rgmii	32	static
gmac_rockchip.c:155:12:rk3288_gmac_fix_mac_speed	32	static
gmac_rockchip.c:426:13:rk3308_gmac_set_to_rmii	16	static
gmac_rockchip.c:442:13:rk3328_gmac_set_to_rgmii	32	static
gmac_rockchip.c:222:12:rk3328_gmac_fix_mac_speed	32	static
gmac_rockchip.c:485:13:rk3368_gmac_set_to_rgmii	32	static
gmac_rockchip.c:255:12:rk3368_gmac_fix_mac_speed	32	static
gmac_rockchip.c:522:13:rk3399_gmac_set_to_rgmii	32	static
gmac_rockchip.c:287:12:rk3399_gmac_fix_mac_speed	32	static
gmac_rockchip.c:542:13:rv1108_gmac_set_to_rmii	16	static
gmac_rockchip.c:313:12:rv1108_set_rmii_speed	32	static
gmac_rockchip.c:81:12:px30_gmac_fix_mac_speed	80	static
gmac_rockchip.c:181:12:rk3308_gmac_fix_mac_speed	80	static
gmac_rockchip.c:57:12:gmac_rockchip_of_to_plat	32	static
gmac_rockchip.c:557:12:gmac_rockchip_probe	96	static
