Archive member included to satisfy reference by file (symbol)

arch/arm/mach-rockchip/cpu-info.o
                              (--whole-archive)
arch/arm/mach-rockchip/sdram.o
                              (--whole-archive)
arch/arm/mach-rockchip/rk3399/clk_rk3399.o
                              (--whole-archive)
arch/arm/mach-rockchip/rk3399/rk3399.o
                              (--whole-archive)
arch/arm/mach-rockchip/rk3399/syscon_rk3399.o
                              (--whole-archive)
arch/arm/mach-rockchip/bootrom.o
                              (--whole-archive)
arch/arm/mach-rockchip/spl.o  (--whole-archive)
arch/arm/mach-rockchip/spl-boot-order.o
                              (--whole-archive)
arch/arm/cpu/armv8/cpu.o      (--whole-archive)
arch/arm/cpu/armv8/generic_timer.o
                              (--whole-archive)
arch/arm/cpu/armv8/cache_v8.o
                              (--whole-archive)
arch/arm/cpu/armv8/cache.o    (--whole-archive)
arch/arm/cpu/armv8/tlb.o      (--whole-archive)
arch/arm/cpu/armv8/transition.o
                              (--whole-archive)
arch/arm/cpu/armv8/fwcall.o   (--whole-archive)
arch/arm/cpu/armv8/cpu-dt.o   (--whole-archive)
arch/arm/cpu/armv8/smccc-call.o
                              (--whole-archive)
arch/arm/lib/crt0_64.o        (--whole-archive)
arch/arm/lib/setjmp_aarch64.o
                              (--whole-archive)
arch/arm/lib/spl.o            (--whole-archive)
arch/arm/lib/zimage.o         (--whole-archive)
arch/arm/lib/bootm-fdt.o      (--whole-archive)
arch/arm/lib/bdinfo.o         (--whole-archive)
arch/arm/lib/sections.o       (--whole-archive)
arch/arm/lib/stack.o          (--whole-archive)
arch/arm/lib/interrupts_64.o  (--whole-archive)
arch/arm/lib/cache.o          (--whole-archive)
arch/arm/lib/psci-dt.o        (--whole-archive)
board/rockchip/evb_rk3399/evb-rk3399.o
                              (--whole-archive)
common/spl/spl.o              (--whole-archive)
common/spl/spl_fit.o          (--whole-archive)
common/spl/spl_mmc.o          (--whole-archive)
common/spl/spl_atf.o          (--whole-archive)
common/init/board_init.o      (--whole-archive)
common/common_fit.o           (--whole-archive)
common/fdt_support.o          (--whole-archive)
common/bouncebuf.o            (--whole-archive)
common/console.o              (--whole-archive)
common/dlmalloc.o             (--whole-archive)
common/malloc_simple.o        (--whole-archive)
common/image.o                (--whole-archive)
common/image-fdt.o            (--whole-archive)
common/image-fit.o            (--whole-archive)
common/memsize.o              (--whole-archive)
common/stdio.o                (--whole-archive)
common/cli.o                  (--whole-archive)
common/command.o              (--whole-archive)
common/s_record.o             (--whole-archive)
common/xyzModem.o             (--whole-archive)
cmd/nvedit.o                  (--whole-archive)
lib/hash-checksum.o           (--whole-archive)
lib/sha1.o                    (--whole-archive)
lib/sha256.o                  (--whole-archive)
lib/libfdt/fdt.o              (--whole-archive)
lib/libfdt/fdt_ro.o           (--whole-archive)
lib/libfdt/fdt_wip.o          (--whole-archive)
lib/libfdt/fdt_strerror.o     (--whole-archive)
lib/libfdt/fdt_sw.o           (--whole-archive)
lib/libfdt/fdt_rw.o           (--whole-archive)
lib/libfdt/fdt_empty_tree.o   (--whole-archive)
lib/libfdt/fdt_addresses.o    (--whole-archive)
lib/fdtdec_common.o           (--whole-archive)
lib/fdtdec.o                  (--whole-archive)
lib/net_utils.o               (--whole-archive)
lib/qsort.o                   (--whole-archive)
lib/hashtable.o               (--whole-archive)
lib/errno.o                   (--whole-archive)
lib/display_options.o         (--whole-archive)
lib/crc32.o                   (--whole-archive)
lib/ctype.o                   (--whole-archive)
lib/div64.o                   (--whole-archive)
lib/hang.o                    (--whole-archive)
lib/linux_compat.o            (--whole-archive)
lib/linux_string.o            (--whole-archive)
lib/lmb.o                     (--whole-archive)
lib/membuff.o                 (--whole-archive)
lib/slre.o                    (--whole-archive)
lib/string.o                  (--whole-archive)
lib/tables_csum.o             (--whole-archive)
lib/time.o                    (--whole-archive)
lib/hexdump.o                 (--whole-archive)
lib/uuid.o                    (--whole-archive)
lib/rand.o                    (--whole-archive)
lib/panic.o                   (--whole-archive)
lib/tiny-printf.o             (--whole-archive)
lib/strto.o                   (--whole-archive)
lib/date.o                    (--whole-archive)
lib/elf.o                     (--whole-archive)
disk/part.o                   (--whole-archive)
disk/part_dos.o               (--whole-archive)
disk/part_efi.o               (--whole-archive)
drivers/clk/clk-uclass.o      (--whole-archive)
drivers/clk/clk_fixed_rate.o  (--whole-archive)
[...]
Memory Configuration

Name             Origin             Length             Attributes
.sram            0x0000000000000000 0x0000000000040000
.sdram           0x0000000000400000 0x0000000000002000
*default*        0x0000000000000000 0xffffffffffffffff

Linker script and memory map


.text           0x0000000000000000     0xda80
                0x0000000000000000                . = ALIGN (0x8)
 *(.__image_copy_start)
 arch/arm/cpu/armv8/start.o(.text*)
 .text          0x0000000000000000       0xe8 arch/arm/cpu/armv8/start.o
                0x0000000000000000                _start
                0x0000000000000008                _TEXT_BASE
                0x0000000000000010                _end_ofs
                0x0000000000000018                _bss_start_ofs
                0x0000000000000020                _bss_end_ofs
                0x000000000000002c                save_boot_params_ret
                0x0000000000000088                apply_core_errata
                0x00000000000000c4                lowlevel_init
                0x00000000000000d0                smp_kick_all_cpus
                0x00000000000000d4                c_runtime_cpu_setup
 *(.text*)
 .text.dram_init_banksize
                0x00000000000000e8       0x38 arch/arm/mach-rockchip/sdram.o
                0x00000000000000e8                dram_init_banksize
 .text.rockchip_sdram_size
                0x0000000000000120      0x198 arch/arm/mach-rockchip/sdram.o
                0x0000000000000120                rockchip_sdram_size
 .text.dram_init
                0x00000000000002b8       0x3c arch/arm/mach-rockchip/sdram.o
                0x00000000000002b8                dram_init
 .text.board_get_usable_ram_top
                0x00000000000002f4       0x18 arch/arm/mach-rockchip/sdram.o
                0x00000000000002f4                board_get_usable_ram_top
 .text.rockchip_get_cru
                0x000000000000030c       0x3c arch/arm/mach-rockchip/rk3399/clk_rk3399.o
                0x000000000000030c                rockchip_get_cru
 .text.rockchip_stimer_init
                0x0000000000000348       0x58 arch/arm/mach-rockchip/rk3399/rk3399.o
                0x0000000000000348                rockchip_stimer_init
 .text.arch_cpu_init
                0x00000000000003a0       0x50 arch/arm/mach-rockchip/rk3399/rk3399.o
                0x00000000000003a0                arch_cpu_init
 .text.board_debug_uart_init
                0x00000000000003f0       0x3c arch/arm/mach-rockchip/rk3399/rk3399.o
                0x00000000000003f0                board_debug_uart_init
 .text.spl_decode_boot_device
                0x000000000000042c       0x48 arch/arm/mach-rockchip/rk3399/rk3399.o
                0x000000000000042c                spl_decode_boot_device
 .text.spl_perform_fixups
                0x0000000000000474       0xb8 arch/arm/mach-rockchip/rk3399/rk3399.o
                0x0000000000000474                spl_perform_fixups
 .text.led_setup
                0x000000000000052c        0x4 arch/arm/mach-rockchip/rk3399/rk3399.o
                0x000000000000052c                led_setup
 .text.spl_board_init
                0x0000000000000530        0x4 arch/arm/mach-rockchip/rk3399/rk3399.o
                0x0000000000000530                spl_board_init
 .text.save_boot_params
                0x0000000000000534       0x90 arch/arm/mach-rockchip/bootrom.o
                0x0000000000000534                save_boot_params
 .text.board_spl_was_booted_from
                0x00000000000005c4       0x30 arch/arm/mach-rockchip/spl.o
                0x00000000000005c4                board_spl_was_booted_from
 .text.spl_boot_device
                0x00000000000005f4        0x8 arch/arm/mach-rockchip/spl.o
                0x00000000000005f4                spl_boot_device
 .text.spl_mmc_boot_mode
                0x00000000000005fc        0x8 arch/arm/mach-rockchip/spl.o
                0x00000000000005fc                spl_mmc_boot_mode
 .text.board_early_init_f
                0x0000000000000604        0x8 arch/arm/mach-rockchip/spl.o
                0x0000000000000604                board_early_init_f
 .text.board_init_f
                0x000000000000060c       0x88 arch/arm/mach-rockchip/spl.o
                0x000000000000060c                board_init_f
 .text.board_boot_order
                0x0000000000000694      0x184 arch/arm/mach-rockchip/spl-boot-order.o
                0x0000000000000694                board_boot_order
 .text.get_tbclk
                0x0000000000000818        0x8 arch/arm/cpu/armv8/generic_timer.o
                0x0000000000000818                get_tbclk
 .text.get_ticks
                0x0000000000000820       0x10 arch/arm/cpu/armv8/generic_timer.o
                0x0000000000000820                get_ticks
 .text.invalidate_dcache_range
                0x0000000000000830        0x4 arch/arm/cpu/armv8/cache_v8.o
                0x0000000000000830                invalidate_dcache_range
 .text.flush_dcache_range
                0x0000000000000834        0x4 arch/arm/cpu/armv8/cache_v8.o
                0x0000000000000834                flush_dcache_range
 .text.dcache_disable
                0x0000000000000838       0x84 arch/arm/cpu/armv8/cache_v8.o
                0x0000000000000838                dcache_disable
 .text.__asm_dcache_level
                0x00000000000008bc       0x64 arch/arm/cpu/armv8/cache.o
                0x00000000000008bc                __asm_dcache_level
 .text.__asm_dcache_all
                0x0000000000000920       0x60 arch/arm/cpu/armv8/cache.o
                0x0000000000000920                __asm_dcache_all
 .text.__asm_flush_dcache_all
                0x0000000000000980        0x8 arch/arm/cpu/armv8/cache.o
                0x0000000000000980                __asm_flush_dcache_all
 .text.__asm_flush_dcache_range
                0x0000000000000988       0x34 arch/arm/cpu/armv8/cache.o
                0x0000000000000988                __asm_flush_dcache_range
 .text.__asm_invalidate_dcache_range
                0x00000000000009bc       0x30 arch/arm/cpu/armv8/cache.o
                0x00000000000009bc                __asm_invalidate_dcache_range
 .text.__asm_flush_l3_dcache
                0x00000000000009ec        0x8 arch/arm/cpu/armv8/cache.o
                0x00000000000009ec                __asm_flush_l3_dcache
 .text.__asm_invalidate_tlb_all
                0x00000000000009f4       0x4c arch/arm/cpu/armv8/tlb.o
                0x00000000000009f4                __asm_invalidate_tlb_all
 .text          0x0000000000000a40       0x78 arch/arm/lib/crt0_64.o
                0x0000000000000a40                _main
 .text.setjmp   0x0000000000000ab8       0x28 arch/arm/lib/setjmp_aarch64.o
                0x0000000000000ab8                setjmp
 .text.longjmp  0x0000000000000ae0       0x2c arch/arm/lib/setjmp_aarch64.o
                0x0000000000000ae0                longjmp
 .text.arch_fixup_fdt
                0x0000000000000b0c       0x2c arch/arm/lib/bootm-fdt.o
                0x0000000000000b0c                arch_fixup_fdt
 .text.show_boot_progress
                0x0000000000000b38        0x4 common/spl/spl.o
                0x0000000000000b38                show_boot_progress
 .text.spl_fixup_fdt
                0x0000000000000b3c       0x8c common/spl/spl.o
                0x0000000000000b3c                spl_fixup_fdt
 .text.spl_board_prepare_for_boot
                0x0000000000000bc8        0x4 common/spl/spl.o
                0x0000000000000bc8                spl_board_prepare_for_boot
 .text.spl_get_load_buffer
                0x0000000000000bcc        0x8 common/spl/spl.o
                0x0000000000000bcc                spl_get_load_buffer
 .text.spl_parse_legacy_header
                0x0000000000000bd4        0x8 common/spl/spl.o
                0x0000000000000bd4                spl_parse_legacy_header
 .text.spl_parse_image_header
                0x0000000000000bdc       0x20 common/spl/spl.o
                0x0000000000000bdc                spl_parse_image_header
 .text.jump_to_image_no_args
                0x0000000000000bfc       0x10 common/spl/spl.o
                0x0000000000000bfc                jump_to_image_no_args
 .text.spl_set_bd
                0x0000000000000c0c       0x18 common/spl/spl.o
                0x0000000000000c0c                spl_set_bd
 .text.spl_early_init
                0x0000000000000c24       0x44 common/spl/spl.o
                0x0000000000000c24                spl_early_init
 .text.spl_init
                0x0000000000000c68       0x58 common/spl/spl.o
                0x0000000000000c68                spl_init
 .text.board_init_r
                0x0000000000000cc0      0x174 common/spl/spl.o
                0x0000000000000cc0                board_init_r
 .text.preloader_console_init
                0x0000000000000e34       0x30 common/spl/spl.o
                0x0000000000000e34                preloader_console_init
 .text.spl_relocate_stack_gd
                0x0000000000000e64       0x50 common/spl/spl.o
                0x0000000000000e64                spl_relocate_stack_gd
 .text.spl_fit_get_image_name
                0x0000000000000eb4       0x8c common/spl/spl_fit.o
 .text.spl_fit_get_image_node
                0x0000000000000f40       0x54 common/spl/spl_fit.o
 .text.spl_load_fit_image
                0x0000000000000f94      0x1e4 common/spl/spl_fit.o
 .text.spl_fit_append_fdt
                0x0000000000001178       0xa8 common/spl/spl_fit.o
 .text.board_spl_fit_size_align
                0x0000000000001220        0x4 common/spl/spl_fit.o
                0x0000000000001220                board_spl_fit_size_align
 .text.spl_load_simple_fit_skip_processing
                0x0000000000001224        0x8 common/spl/spl_fit.o
                0x0000000000001224                spl_load_simple_fit_skip_processing
 .text.spl_load_simple_fit
                0x000000000000122c      0x390 common/spl/spl_fit.o
                0x000000000000122c                spl_load_simple_fit
 .text.h_spl_load_read
                0x00000000000015bc       0x40 common/spl/spl_mmc.o
 .text.spl_mmc_get_uboot_raw_sector
                0x00000000000015fc        0x8 common/spl/spl_mmc.o
                0x00000000000015fc                spl_mmc_get_uboot_raw_sector
 .text.spl_mmc_load
                0x0000000000001604      0x244 common/spl/spl_mmc.o
                0x0000000000001604                spl_mmc_load
 .text.spl_mmc_load_image
                0x0000000000001848       0x10 common/spl/spl_mmc.o
                0x0000000000001848                spl_mmc_load_image
 .text.spl_fit_images_find
                0x0000000000001858       0xc4 common/spl/spl_atf.o
 .text.bl2_plat_get_bl31_params_default
                0x000000000000191c       0xdc common/spl/spl_atf.o
                0x000000000000191c                bl2_plat_get_bl31_params_default
 .text.bl2_plat_get_bl31_params
                0x00000000000019f8        0x4 common/spl/spl_atf.o
                0x00000000000019f8                bl2_plat_get_bl31_params
 .text.spl_fit_images_get_entry
                0x00000000000019fc       0x40 common/spl/spl_atf.o
                0x00000000000019fc                spl_fit_images_get_entry
 .text.spl_invoke_atf
                0x0000000000001a3c       0xa4 common/spl/spl_atf.o
                0x0000000000001a3c                spl_invoke_atf
 .text.board_init_f_alloc_reserve
                0x0000000000001ae0       0x10 common/init/board_init.o
                0x0000000000001ae0                board_init_f_alloc_reserve
 .text.board_init_f_init_reserve
                0x0000000000001af0       0x30 common/init/board_init.o
                0x0000000000001af0                board_init_f_init_reserve
 .text.board_fit_config_name_match
                0x0000000000001b20        0x8 common/common_fit.o
                0x0000000000001b20                board_fit_config_name_match
 .text.fit_find_config_node
                0x0000000000001b28      0x108 common/common_fit.o
                0x0000000000001b28                fit_find_config_node
 .text.fdt_pack_reg
                0x0000000000001c30       0xd8 common/fdt_support.o
 .text.fdt_find_or_add_subnode
                0x0000000000001d08       0x74 common/fdt_support.o
                0x0000000000001d08                fdt_find_or_add_subnode
 .text.fdt_fixup_memory_banks
                0x0000000000001d7c      0x188 common/fdt_support.o
                0x0000000000001d7c                fdt_fixup_memory_banks
 .text.fdt_record_loadable
                0x0000000000001f04      0x174 common/fdt_support.o
                0x0000000000001f04                fdt_record_loadable
 .text.fdt_shrink_to_minimum
                0x0000000000002078       0xdc common/fdt_support.o
                0x0000000000002078                fdt_shrink_to_minimum
 .text.addr_aligned
                0x0000000000002154       0x24 common/bouncebuf.o
 .text.bounce_buffer_start_extalign
                0x0000000000002178       0x8c common/bouncebuf.o
                0x0000000000002178                bounce_buffer_start_extalign
 .text.bounce_buffer_start
                0x0000000000002204       0x10 common/bouncebuf.o
                0x0000000000002204                bounce_buffer_start
 .text.bounce_buffer_stop
                0x0000000000002214       0x54 common/bouncebuf.o
                0x0000000000002214                bounce_buffer_stop
 .text.console_puts_select.part.0
                0x0000000000002268       0x18 common/console.o
 .text.putc     0x0000000000002280       0x48 common/console.o
                0x0000000000002280                putc
 .text.puts     0x00000000000022c8       0x70 common/console.o
                0x00000000000022c8                puts
 .text.alloc_simple
                0x0000000000002338       0x6c common/malloc_simple.o
 .text.malloc_simple
                0x00000000000023a4        0x8 common/malloc_simple.o
                0x00000000000023a4                malloc_simple
 .text.memalign_simple
                0x00000000000023ac       0x10 common/malloc_simple.o
                0x00000000000023ac                memalign_simple
 .text.calloc   0x00000000000023bc       0x3c common/malloc_simple.o
                0x00000000000023bc                calloc
 .text.get_table_entry_id
                0x00000000000023f8       0x50 common/image.o
                0x00000000000023f8                get_table_entry_id
 .text.genimg_get_os_id
                0x0000000000002448       0x18 common/image.o
                0x0000000000002448                genimg_get_os_id
 .text.fit_image_get_address
                0x0000000000002460       0x88 common/image-fit.o
 .text.fit_image_get_os
                0x00000000000024e8       0x4c common/image-fit.o
                0x00000000000024e8                fit_image_get_os
 .text.fit_image_get_load
                0x0000000000002534       0x10 common/image-fit.o
                0x0000000000002534                fit_image_get_load
 .text.fit_image_get_entry
                0x0000000000002544       0x10 common/image-fit.o
                0x0000000000002544                fit_image_get_entry
 .text.fit_image_get_data
                0x0000000000002554       0x50 common/image-fit.o
                0x0000000000002554                fit_image_get_data
 .text.fit_image_get_data_offset
                0x00000000000025a4       0x48 common/image-fit.o
                0x00000000000025a4                fit_image_get_data_offset
 .text.fit_image_get_data_position
                0x00000000000025ec       0x48 common/image-fit.o
                0x00000000000025ec                fit_image_get_data_position
 .text.fit_image_get_data_size
                0x0000000000002634       0x48 common/image-fit.o
                0x0000000000002634                fit_image_get_data_size
 .text.get_effective_memsize
                0x000000000000267c        0x8 common/memsize.o
                0x000000000000267c                get_effective_memsize
 .text.fdt_check_header
                0x0000000000002684       0x1c lib/libfdt/fdt.o
                0x0000000000002684                fdt_check_header
 .text.fdt_offset_ptr
                0x00000000000026a0       0x38 lib/libfdt/fdt.o
                0x00000000000026a0                fdt_offset_ptr
 .text.fdt_next_tag
                0x00000000000026d8       0xc0 lib/libfdt/fdt.o
                0x00000000000026d8                fdt_next_tag
 .text.fdt_check_node_offset_
                0x0000000000002798       0x40 lib/libfdt/fdt.o
                0x0000000000002798                fdt_check_node_offset_
 .text.fdt_check_prop_offset_
                0x00000000000027d8       0x40 lib/libfdt/fdt.o
                0x00000000000027d8                fdt_check_prop_offset_
 .text.fdt_next_node
                0x0000000000002818       0xb0 lib/libfdt/fdt.o
                0x0000000000002818                fdt_next_node
 .text.fdt_first_subnode
                0x00000000000028c8       0x34 lib/libfdt/fdt.o
                0x00000000000028c8                fdt_first_subnode
 .text.fdt_next_subnode
                0x00000000000028fc       0x50 lib/libfdt/fdt.o
                0x00000000000028fc                fdt_next_subnode
 .text.fdt_find_string_
                0x000000000000294c       0x70 lib/libfdt/fdt.o
                0x000000000000294c                fdt_find_string_
 .text.fdt_mem_rsv
                0x00000000000029bc       0x14 lib/libfdt/fdt_ro.o
 .text.fdt_get_property_by_offset_
                0x00000000000029d0       0x24 lib/libfdt/fdt_ro.o
 .text.nextprop_
                0x00000000000029f4       0x64 lib/libfdt/fdt_ro.o
 .text.fdt_get_string
                0x0000000000002a58       0x40 lib/libfdt/fdt_ro.o
                0x0000000000002a58                fdt_get_string
 .text.fdt_string
                0x0000000000002a98        0x8 lib/libfdt/fdt_ro.o
                0x0000000000002a98                fdt_string
 .text.fdt_get_mem_rsv
                0x0000000000002aa0       0x34 lib/libfdt/fdt_ro.o
                0x0000000000002aa0                fdt_get_mem_rsv
 .text.fdt_num_mem_rsv
                0x0000000000002ad4       0x40 lib/libfdt/fdt_ro.o
                0x0000000000002ad4                fdt_num_mem_rsv
 .text.fdt_get_name
                0x0000000000002b14       0x44 lib/libfdt/fdt_ro.o
                0x0000000000002b14                fdt_get_name
 .text.fdt_subnode_offset_namelen
                0x0000000000002b58       0xc8 lib/libfdt/fdt_ro.o
                0x0000000000002b58                fdt_subnode_offset_namelen
 .text.fdt_subnode_offset
                0x0000000000002c20       0x44 lib/libfdt/fdt_ro.o
                0x0000000000002c20                fdt_subnode_offset
 .text.fdt_first_property_offset
                0x0000000000002c64       0x38 lib/libfdt/fdt_ro.o
                0x0000000000002c64                fdt_first_property_offset
 .text.fdt_next_property_offset
                0x0000000000002c9c       0x38 lib/libfdt/fdt_ro.o
                0x0000000000002c9c                fdt_next_property_offset
 .text.fdt_get_property_namelen_
                0x0000000000002cd4       0xc8 lib/libfdt/fdt_ro.o
 .text.fdt_get_property_namelen
                0x0000000000002d9c        0x8 lib/libfdt/fdt_ro.o
                0x0000000000002d9c                fdt_get_property_namelen
 .text.fdt_get_property
                0x0000000000002da4       0x4c lib/libfdt/fdt_ro.o
                0x0000000000002da4                fdt_get_property
 .text.fdt_getprop_namelen
                0x0000000000002df0       0x20 lib/libfdt/fdt_ro.o
                0x0000000000002df0                fdt_getprop_namelen
 .text.fdt_getprop_by_offset
                0x0000000000002e10       0x50 lib/libfdt/fdt_ro.o
                0x0000000000002e10                fdt_getprop_by_offset
 .text.fdt_getprop
                0x0000000000002e60       0x4c lib/libfdt/fdt_ro.o
                0x0000000000002e60                fdt_getprop
 .text.fdt_get_phandle
                0x0000000000002eac       0x78 lib/libfdt/fdt_ro.o
                0x0000000000002eac                fdt_get_phandle
 .text.fdt_get_alias_namelen
                0x0000000000002f24       0x64 lib/libfdt/fdt_ro.o
                0x0000000000002f24                fdt_get_alias_namelen
 .text.fdt_path_offset_namelen
                0x0000000000002f88       0xf0 lib/libfdt/fdt_ro.o
                0x0000000000002f88                fdt_path_offset_namelen
 .text.fdt_path_offset
                0x0000000000003078       0x34 lib/libfdt/fdt_ro.o
                0x0000000000003078                fdt_path_offset
 .text.fdt_get_alias
                0x00000000000030ac       0x34 lib/libfdt/fdt_ro.o
                0x00000000000030ac                fdt_get_alias
 .text.fdt_supernode_atdepth_offset
                0x00000000000030e0       0xa0 lib/libfdt/fdt_ro.o
                0x00000000000030e0                fdt_supernode_atdepth_offset
 .text.fdt_node_depth
                0x0000000000003180       0x24 lib/libfdt/fdt_ro.o
                0x0000000000003180                fdt_node_depth
 .text.fdt_parent_offset
                0x00000000000031a4       0x44 lib/libfdt/fdt_ro.o
                0x00000000000031a4                fdt_parent_offset
 .text.fdt_node_offset_by_phandle
                0x00000000000031e8       0x78 lib/libfdt/fdt_ro.o
                0x00000000000031e8                fdt_node_offset_by_phandle
 .text.fdt_stringlist_search
                0x0000000000003260       0xc4 lib/libfdt/fdt_ro.o
                0x0000000000003260                fdt_stringlist_search
 .text.fdt_stringlist_get
                0x0000000000003324       0xb4 lib/libfdt/fdt_ro.o
                0x0000000000003324                fdt_stringlist_get
 .text.fdt_strerror
                0x00000000000033d8       0x4c lib/libfdt/fdt_strerror.o
                0x00000000000033d8                fdt_strerror
 .text.fdt_splice_
                0x0000000000003424       0x94 lib/libfdt/fdt_rw.o
 .text.fdt_splice_mem_rsv_
                0x00000000000034b8       0x60 lib/libfdt/fdt_rw.o
 .text.fdt_splice_struct_
                0x0000000000003518       0x60 lib/libfdt/fdt_rw.o
 .text.fdt_add_property_
                0x0000000000003578      0x154 lib/libfdt/fdt_rw.o
 .text.fdt_add_mem_rsv
                0x00000000000036cc       0x70 lib/libfdt/fdt_rw.o
                0x00000000000036cc                fdt_add_mem_rsv
 .text.fdt_del_mem_rsv
                0x000000000000373c       0x68 lib/libfdt/fdt_rw.o
                0x000000000000373c                fdt_del_mem_rsv
 .text.fdt_setprop_placeholder
                0x00000000000037a4       0xc4 lib/libfdt/fdt_rw.o
                0x00000000000037a4                fdt_setprop_placeholder
 .text.fdt_setprop
                0x0000000000003868       0x54 lib/libfdt/fdt_rw.o
                0x0000000000003868                fdt_setprop
 .text.fdt_add_subnode_namelen
                0x00000000000038bc      0x104 lib/libfdt/fdt_rw.o
                0x00000000000038bc                fdt_add_subnode_namelen
 .text.fdt_add_subnode
                0x00000000000039c0       0x44 lib/libfdt/fdt_rw.o
                0x00000000000039c0                fdt_add_subnode
 .text.fdt_cells
                0x0000000000003a04       0x48 lib/libfdt/fdt_addresses.o
 .text.fdt_address_cells
                0x0000000000003a4c       0x34 lib/libfdt/fdt_addresses.o
                0x0000000000003a4c                fdt_address_cells
 .text.fdt_size_cells
                0x0000000000003a80       0x28 lib/libfdt/fdt_addresses.o
                0x0000000000003a80                fdt_size_cells
 .text.fdtdec_get_int
                0x0000000000003aa8       0x40 lib/fdtdec_common.o
                0x0000000000003aa8                fdtdec_get_int
 .text.get_prop_check_min_len
                0x0000000000003ae8       0x48 lib/fdtdec.o
 .text.fdtdec_get_is_enabled
                0x0000000000003b30       0x40 lib/fdtdec.o
                0x0000000000003b30                fdtdec_get_is_enabled
 .text.fdtdec_get_chosen_prop
                0x0000000000003b70       0x44 lib/fdtdec.o
                0x0000000000003b70                fdtdec_get_chosen_prop
 .text.fdtdec_prepare_fdt
                0x0000000000003bb4       0x44 lib/fdtdec.o
                0x0000000000003bb4                fdtdec_prepare_fdt
 .text.fdtdec_get_int_array
                0x0000000000003bf8       0x60 lib/fdtdec.o
                0x0000000000003bf8                fdtdec_get_int_array
 .text.fdtdec_parse_phandle_with_args
                0x0000000000003c58      0x150 lib/fdtdec.o
                0x0000000000003c58                fdtdec_parse_phandle_with_args
 .text.fdtdec_get_number
                0x0000000000003da8       0x30 lib/fdtdec.o
                0x0000000000003da8                fdtdec_get_number
 .text.fdtdec_get_addr_size_fixed
                0x0000000000003dd8       0x94 lib/fdtdec.o
                0x0000000000003dd8                fdtdec_get_addr_size_fixed
 .text.fdtdec_get_addr_size_auto_parent
                0x0000000000003e6c       0xa8 lib/fdtdec.o
                0x0000000000003e6c                fdtdec_get_addr_size_auto_parent
 .text.board_fdt_blob_setup
                0x0000000000003f14        0xc lib/fdtdec.o
                0x0000000000003f14                board_fdt_blob_setup
 .text.fdtdec_board_setup
                0x0000000000003f20        0x8 lib/fdtdec.o
                0x0000000000003f20                fdtdec_board_setup
 .text.fdtdec_setup
                0x0000000000003f28       0x3c lib/fdtdec.o
                0x0000000000003f28                fdtdec_setup
 .text.hang     0x0000000000003f64       0x20 lib/hang.o
                0x0000000000003f64                hang
 .text.strncasecmp
                0x0000000000003f84       0x74 lib/string.o
                0x0000000000003f84                strncasecmp
 .text.strcasecmp
                0x0000000000003ff8        0x8 lib/string.o
                0x0000000000003ff8                strcasecmp
 .text.strcpy   0x0000000000004000       0x18 lib/string.o
                0x0000000000004000                strcpy
 .text.strcmp   0x0000000000004018       0x28 lib/string.o
                0x0000000000004018                strcmp
 .text.strncmp  0x0000000000004040       0x38 lib/string.o
                0x0000000000004040                strncmp
 .text.strchr   0x0000000000004078       0x28 lib/string.o
                0x0000000000004078                strchr
 .text.strlen   0x00000000000040a0       0x1c lib/string.o
                0x00000000000040a0                strlen
 .text.strnlen  0x00000000000040bc       0x28 lib/string.o
                0x00000000000040bc                strnlen
 .text.strdup   0x00000000000040e4       0x4c lib/string.o
                0x00000000000040e4                strdup
 .text.memset   0x0000000000004130       0x1c lib/string.o
                0x0000000000004130                memset
 .text.memcpy   0x000000000000414c       0x68 lib/string.o
                0x000000000000414c                memcpy
 .text.memmove  0x00000000000041b4       0x60 lib/string.o
                0x00000000000041b4                memmove
 .text.memcmp   0x0000000000004214       0x30 lib/string.o
                0x0000000000004214                memcmp
 .text.memchr   0x0000000000004244       0x30 lib/string.o
                0x0000000000004244                memchr
 .text.timer_init
                0x0000000000004274        0x8 lib/time.o
                0x0000000000004274                timer_init
 .text.get_timer
                0x000000000000427c       0x3c lib/time.o
                0x000000000000427c                get_timer
 .text.usec_to_tick
                0x00000000000042b8       0x30 lib/time.o
                0x00000000000042b8                usec_to_tick
 .text.__udelay
                0x00000000000042e8       0x40 lib/time.o
                0x00000000000042e8                __udelay
 .text.udelay   0x0000000000004328       0x44 lib/time.o
                0x0000000000004328                udelay
 .text.panic_finish
                0x000000000000436c       0x34 lib/panic.o
 .text.panic_str
                0x00000000000043a0       0x10 lib/panic.o
                0x00000000000043a0                panic_str
 .text.putc_outstr
                0x00000000000043b0       0x14 lib/tiny-printf.o
 .text.putc_normal
                0x00000000000043c4        0x8 lib/tiny-printf.o
 .text.div_out  0x00000000000043cc       0x60 lib/tiny-printf.o
 .text._vprintf
                0x000000000000442c      0x478 lib/tiny-printf.o
 .text.printf   0x00000000000048a4       0x8c lib/tiny-printf.o
                0x00000000000048a4                printf
 .text.snprintf
                0x0000000000004930       0x94 lib/tiny-printf.o
                0x0000000000004930                snprintf
 .text._parse_integer_fixup_radix
                0x00000000000049c4       0xb4 lib/strto.o
 .text.simple_strtoul
                0x0000000000004a78       0x9c lib/strto.o
                0x0000000000004a78                simple_strtoul
 .text.part_init
                0x0000000000004b14       0x7c disk/part.o
                0x0000000000004b14                part_init
 .text.test_block_type.part.0
                0x0000000000004b90       0x9c disk/part_dos.o
 .text.part_test_dos
                0x0000000000004c2c       0xb4 disk/part_dos.o
 .text.part_test_efi
                0x0000000000004ce0       0xe8 disk/part_efi.o
 .text.clk_request
                0x0000000000004dc8       0x30 drivers/clk/clk-uclass.o
                0x0000000000004dc8                clk_request
 .text.clk_get_by_index_tail.isra.0.part.0
                0x0000000000004df8       0x94 drivers/clk/clk-uclass.o
 .text.clk_get_by_index
                0x0000000000004e8c       0x54 drivers/clk/clk-uclass.o
                0x0000000000004e8c                clk_get_by_index
 .text.clk_get_by_indexed_prop.isra.0
                0x0000000000004ee0       0x50 drivers/clk/clk-uclass.o
 .text.clk_get_rate
                0x0000000000004f30       0x50 drivers/clk/clk-uclass.o
                0x0000000000004f30                clk_get_rate
 .text.clk_set_rate
                0x0000000000004f80       0x34 drivers/clk/clk-uclass.o
                0x0000000000004f80                clk_set_rate
 .text.clk_set_parent
                0x0000000000004fb4       0x34 drivers/clk/clk-uclass.o
                0x0000000000004fb4                clk_set_parent
 .text.clk_set_defaults
                0x0000000000004fe8      0x230 drivers/clk/clk-uclass.o
                0x0000000000004fe8                clk_set_defaults
 .text.clk_uclass_post_probe
                0x0000000000005218       0x1c drivers/clk/clk-uclass.o
                0x0000000000005218                clk_uclass_post_probe
 .text.dummy_enable
                0x0000000000005234        0x8 drivers/clk/clk_fixed_rate.o
 .text.clk_fixed_rate_get_rate
                0x000000000000523c       0x1c drivers/clk/clk_fixed_rate.o
 .text.clk_fixed_rate_ofdata_to_plat_
                0x0000000000005258       0x50 drivers/clk/clk_fixed_rate.o
                0x0000000000005258                clk_fixed_rate_ofdata_to_plat_
 .text.clk_fixed_rate_of_to_plat
                0x00000000000052a8       0x30 drivers/clk/clk_fixed_rate.o
 .text.clk_fixed_factor_get_rate
                0x00000000000052d8       0x40 drivers/clk/clk_fixed_factor.o
 .text.clk_fixed_factor_of_to_plat
                0x0000000000005318       0x78 drivers/clk/clk_fixed_factor.o
 .text.rk3399_mmc_get_clk
                0x0000000000005390       0x70 drivers/clk/rockchip/clk_rk3399.o
 .text.rk3399_pmuclk_probe
                0x0000000000005400        0x8 drivers/clk/rockchip/clk_rk3399.o
 .text.rkclk_set_pll
                0x0000000000005408       0x98 drivers/clk/rockchip/clk_rk3399.o
 .text.rk3399_clk_disable
                0x00000000000054a0      0x2b4 drivers/clk/rockchip/clk_rk3399.o
 .text.rk3399_clk_enable
                0x0000000000005754      0x2b4 drivers/clk/rockchip/clk_rk3399.o
 .text.rk3399_i2c_get_clk
                0x0000000000005a08       0x9c drivers/clk/rockchip/clk_rk3399.o
 .text.rk3399_pmuclk_set_rate
                0x0000000000005aa4       0xc0 drivers/clk/rockchip/clk_rk3399.o
 .text.rk3399_pmuclk_get_rate
                0x0000000000005b64       0xc0 drivers/clk/rockchip/clk_rk3399.o
 .text.rk3399_clk_of_to_plat
                0x0000000000005c24       0x34 drivers/clk/rockchip/clk_rk3399.o
 .text.rk3399_pmuclk_of_to_plat
                0x0000000000005c58       0x34 drivers/clk/rockchip/clk_rk3399.o
 .text.rk3399_clk_bind
                0x0000000000005c8c       0x54 drivers/clk/rockchip/clk_rk3399.o
 .text.rk3399_clk_set_parent
                0x0000000000005ce0       0xc8 drivers/clk/rockchip/clk_rk3399.o
 .text.rk3399_spi_get_clk
                0x0000000000005da8       0x80 drivers/clk/rockchip/clk_rk3399.o
 .text.rk3399_clk_get_rate
                0x0000000000005e28      0x18c drivers/clk/rockchip/clk_rk3399.o
 .text.rk3399_pmuclk_bind
                0x0000000000005fb4        0x8 drivers/clk/rockchip/clk_rk3399.o
 .text.rk3399_clk_set_rate
                0x0000000000005fbc      0x6e4 drivers/clk/rockchip/clk_rk3399.o
 .text.rk3399_configure_cpu_l
                0x00000000000066a0       0x4c drivers/clk/rockchip/clk_rk3399.o
                0x00000000000066a0                rk3399_configure_cpu_l
 .text.rk3399_configure_cpu_b
                0x00000000000066ec       0x4c drivers/clk/rockchip/clk_rk3399.o
                0x00000000000066ec                rk3399_configure_cpu_b
 .text.rk3399_clk_probe
                0x0000000000006738       0xb0 drivers/clk/rockchip/clk_rk3399.o
 .text.alloc_priv
                0x00000000000067e8       0x64 drivers/core/device.o
 .text.device_bind_common.isra.0
                0x000000000000684c      0x22c drivers/core/device.o
 .text.device_bind_with_driver_data
                0x0000000000006a78       0x14 drivers/core/device.o
                0x0000000000006a78                device_bind_with_driver_data
 .text.device_bind_by_name
                0x0000000000006a8c       0x7c drivers/core/device.o
                0x0000000000006a8c                device_bind_by_name
 .text.device_of_to_plat
                0x0000000000006b08      0x118 drivers/core/device.o
                0x0000000000006b08                device_of_to_plat
 .text.device_probe
                0x0000000000006c20      0x168 drivers/core/device.o
                0x0000000000006c20                device_probe
 .text.dev_get_plat
                0x0000000000006d88        0xc drivers/core/device.o
                0x0000000000006d88                dev_get_plat
 .text.dev_get_uclass_plat
                0x0000000000006d94        0xc drivers/core/device.o
                0x0000000000006d94                dev_get_uclass_plat
 .text.dev_get_priv
                0x0000000000006da0        0xc drivers/core/device.o
                0x0000000000006da0                dev_get_priv
 .text.dev_get_uclass_priv
                0x0000000000006dac        0xc drivers/core/device.o
                0x0000000000006dac                dev_get_uclass_priv
 .text.device_find_first_child
                0x0000000000006db8       0x20 drivers/core/device.o
                0x0000000000006db8                device_find_first_child
 .text.device_find_next_child
                0x0000000000006dd8       0x28 drivers/core/device.o
                0x0000000000006dd8                device_find_next_child
 .text.dev_get_parent
                0x0000000000006e00        0x8 drivers/core/device.o
                0x0000000000006e00                dev_get_parent
 .text.dev_get_driver_data
                0x0000000000006e08        0x8 drivers/core/device.o
                0x0000000000006e08                dev_get_driver_data
 .text.device_get_uclass_id
                0x0000000000006e10       0x10 drivers/core/device.o
                0x0000000000006e10                device_get_uclass_id
 .text.device_set_name_alloced
                0x0000000000006e20       0x10 drivers/core/device.o
                0x0000000000006e20                device_set_name_alloced
 .text.dev_set_priv
                0x0000000000006e30        0x8 drivers/core/device.o
                0x0000000000006e30                dev_set_priv
 .text.dev_set_uclass_priv
                0x0000000000006e38        0x8 drivers/core/device.o
                0x0000000000006e38                dev_set_uclass_priv
 .text.devfdt_get_addr_index
                0x0000000000006e40       0x7c drivers/core/fdtaddr.o
                0x0000000000006e40                devfdt_get_addr_index
 .text.devfdt_get_addr
                0x0000000000006ebc        0x8 drivers/core/fdtaddr.o
                0x0000000000006ebc                devfdt_get_addr
 .text.devfdt_get_addr_ptr
                0x0000000000006ec4       0x24 drivers/core/fdtaddr.o
                0x0000000000006ec4                devfdt_get_addr_ptr
 .text.devfdt_get_addr_pci
                0x0000000000006ee8        0x4 drivers/core/fdtaddr.o
                0x0000000000006ee8                devfdt_get_addr_pci
 .text.lists_driver_lookup_name
                0x0000000000006eec       0x78 drivers/core/lists.o
                0x0000000000006eec                lists_driver_lookup_name
 .text.lists_uclass_lookup
                0x0000000000006f64       0x54 drivers/core/lists.o
                0x0000000000006f64                lists_uclass_lookup
 .text.lists_bind_drivers
                0x0000000000006fb8       0xc8 drivers/core/lists.o
                0x0000000000006fb8                lists_bind_drivers
 .text.device_bind_driver_to_node
                0x0000000000007080       0x68 drivers/core/lists.o
                0x0000000000007080                device_bind_driver_to_node
 .text.device_bind_driver
                0x00000000000070e8        0xc drivers/core/lists.o
                0x00000000000070e8                device_bind_driver
 .text.lists_bind_fdt
                0x00000000000070f4      0x17c drivers/core/lists.o
                0x00000000000070f4                lists_bind_fdt
 .text.dm_scan_fdt_node
                0x0000000000007270       0xc0 drivers/core/root.o
 .text.dm_fixup_for_gd_move
                0x0000000000007330       0x20 drivers/core/root.o
                0x0000000000007330                dm_fixup_for_gd_move
 .text.dm_init  0x0000000000007350       0x60 drivers/core/root.o
                0x0000000000007350                dm_init
 .text.dm_scan_plat
                0x00000000000073b0       0x28 drivers/core/root.o
                0x00000000000073b0                dm_scan_plat
 .text.dm_scan_fdt_dev
                0x00000000000073d8       0x14 drivers/core/root.o
                0x00000000000073d8                dm_scan_fdt_dev
 .text.dm_scan_fdt
                0x00000000000073ec       0x14 drivers/core/root.o
                0x00000000000073ec                dm_scan_fdt
 .text.dm_extended_scan
                0x0000000000007400       0x84 drivers/core/root.o
                0x0000000000007400                dm_extended_scan
 .text.dm_scan_other
                0x0000000000007484        0x8 drivers/core/root.o
                0x0000000000007484                dm_scan_other
 .text.dm_init_and_scan
                0x000000000000748c       0x50 drivers/core/root.o
                0x000000000000748c                dm_init_and_scan
 .text.uclass_find
                0x00000000000074dc       0x50 drivers/core/uclass.o
                0x00000000000074dc                uclass_find
 .text.uclass_get
                0x000000000000752c      0x10c drivers/core/uclass.o
                0x000000000000752c                uclass_get
 .text.uclass_find_device
                0x0000000000007638       0x78 drivers/core/uclass.o
                0x0000000000007638                uclass_find_device
 .text.uclass_find_first_device
                0x00000000000076b0       0x48 drivers/core/uclass.o
                0x00000000000076b0                uclass_find_first_device
 .text.uclass_find_next_device
                0x00000000000076f8       0x2c drivers/core/uclass.o
                0x00000000000076f8                uclass_find_next_device
 .text.uclass_find_next_free_seq
                0x0000000000007724       0x38 drivers/core/uclass.o
                0x0000000000007724                uclass_find_next_free_seq
 .text.uclass_find_device_by_seq
                0x000000000000775c       0x7c drivers/core/uclass.o
                0x000000000000775c                uclass_find_device_by_seq
 .text.uclass_find_device_by_of_offset
                0x00000000000077d8       0x78 drivers/core/uclass.o
                0x00000000000077d8                uclass_find_device_by_of_offset
 .text.uclass_find_device_by_ofnode
                0x0000000000007850       0x78 drivers/core/uclass.o
                0x0000000000007850                uclass_find_device_by_ofnode
 .text.uclass_find_device_by_phandle
                0x00000000000078c8       0xb4 drivers/core/uclass.o
                0x00000000000078c8                uclass_find_device_by_phandle
 .text.uclass_get_device_by_driver
                0x000000000000797c       0x7c drivers/core/uclass.o
                0x000000000000797c                uclass_get_device_by_driver
 .text.uclass_get_device_tail
                0x00000000000079f8       0x40 drivers/core/uclass.o
                0x00000000000079f8                uclass_get_device_tail
 .text.uclass_get_device
                0x0000000000007a38       0x38 drivers/core/uclass.o
                0x0000000000007a38                uclass_get_device
 .text.uclass_get_device_by_seq
                0x0000000000007a70       0x38 drivers/core/uclass.o
                0x0000000000007a70                uclass_get_device_by_seq
 .text.uclass_get_device_by_of_offset
                0x0000000000007aa8       0x38 drivers/core/uclass.o
                0x0000000000007aa8                uclass_get_device_by_of_offset
 .text.uclass_get_device_by_ofnode
                0x0000000000007ae0       0x38 drivers/core/uclass.o
                0x0000000000007ae0                uclass_get_device_by_ofnode
 .text.uclass_get_device_by_phandle_id
                0x0000000000007b18       0x90 drivers/core/uclass.o
                0x0000000000007b18                uclass_get_device_by_phandle_id
 .text.uclass_get_device_by_phandle
                0x0000000000007ba8       0x38 drivers/core/uclass.o
                0x0000000000007ba8                uclass_get_device_by_phandle
 .text.uclass_first_device
                0x0000000000007be0       0x44 drivers/core/uclass.o
                0x0000000000007be0                uclass_first_device
 .text.uclass_next_device
                0x0000000000007c24       0x44 drivers/core/uclass.o
                0x0000000000007c24                uclass_next_device
 .text.uclass_first_device_drvdata
                0x0000000000007c68       0x80 drivers/core/uclass.o
                0x0000000000007c68                uclass_first_device_drvdata
 .text.uclass_bind_device
                0x0000000000007ce8       0x70 drivers/core/uclass.o
                0x0000000000007ce8                uclass_bind_device
 .text.uclass_pre_probe_device
                0x0000000000007d58       0x68 drivers/core/uclass.o
                0x0000000000007d58                uclass_pre_probe_device
 .text.uclass_post_probe_device
                0x0000000000007dc0       0x68 drivers/core/uclass.o
                0x0000000000007dc0                uclass_post_probe_device
 .text.simple_bus_post_bind
                0x0000000000007e28       0x60 drivers/core/simple-bus.o
 .text.simple_bus_translate
                0x0000000000007e88       0x4c drivers/core/simple-bus.o
                0x0000000000007e88                simple_bus_translate
 .text.regmap_alloc
                0x0000000000007ed4       0x40 drivers/core/regmap.o
 .text.regmap_init_mem
                0x0000000000007f14      0x178 drivers/core/regmap.o
                0x0000000000007f14                regmap_init_mem
 .text.regmap_get_range
                0x000000000000808c       0x24 drivers/core/regmap.o
                0x000000000000808c                regmap_get_range
 .text.regmap_raw_read_range
                0x00000000000080b0      0x138 drivers/core/regmap.o
                0x00000000000080b0                regmap_raw_read_range
 .text.regmap_raw_read
                0x00000000000081e8       0x14 drivers/core/regmap.o
                0x00000000000081e8                regmap_raw_read
 .text.regmap_read
                0x00000000000081fc       0x70 drivers/core/regmap.o
                0x00000000000081fc                regmap_read
 .text.regmap_raw_write_range
                0x000000000000826c      0x13c drivers/core/regmap.o
                0x000000000000826c                regmap_raw_write_range
 .text.regmap_raw_write
                0x00000000000083a8       0x14 drivers/core/regmap.o
                0x00000000000083a8                regmap_raw_write
 .text.regmap_write
                0x00000000000083bc       0x74 drivers/core/regmap.o
                0x00000000000083bc                regmap_write
 .text.syscon_pre_probe
                0x0000000000008430       0x4c drivers/core/syscon-uclass.o
 .text.syscon_get_regmap
                0x000000000000847c       0x3c drivers/core/syscon-uclass.o
                0x000000000000847c                syscon_get_regmap
 .text.syscon_get_by_driver_data
                0x00000000000084b8       0x14 drivers/core/syscon-uclass.o
                0x00000000000084b8                syscon_get_by_driver_data
 .text.syscon_get_regmap_by_driver_data
                0x00000000000084cc       0x30 drivers/core/syscon-uclass.o
                0x00000000000084cc                syscon_get_regmap_by_driver_data
 .text.syscon_get_first_range
                0x00000000000084fc       0x28 drivers/core/syscon-uclass.o
                0x00000000000084fc                syscon_get_first_range
 .text.ofnode_read_u32_index
                0x0000000000008524       0x70 drivers/core/ofnode.o
                0x0000000000008524                ofnode_read_u32_index
 .text.ofnode_read_u32_default
                0x0000000000008594       0x24 drivers/core/ofnode.o
                0x0000000000008594                ofnode_read_u32_default
 .text.ofnode_read_u64
                0x00000000000085b8       0x5c drivers/core/ofnode.o
                0x00000000000085b8                ofnode_read_u64
 .text.ofnode_read_u64_default
                0x0000000000008614       0x20 drivers/core/ofnode.o
                0x0000000000008614                ofnode_read_u64_default
 .text.ofnode_read_prop
                0x0000000000008634       0x4c drivers/core/ofnode.o
                0x0000000000008634                ofnode_read_prop
 .text.ofnode_read_size
                0x0000000000008680       0x28 drivers/core/ofnode.o
                0x0000000000008680                ofnode_read_size
 .text.ofnode_read_u32_array
                0x00000000000086a8       0x18 drivers/core/ofnode.o
                0x00000000000086a8                ofnode_read_u32_array
 .text.ofnode_get_parent
                0x00000000000086c0       0x20 drivers/core/ofnode.o
                0x00000000000086c0                ofnode_get_parent
 .text.ofnode_get_name
                0x00000000000086e0       0x1c drivers/core/ofnode.o
                0x00000000000086e0                ofnode_get_name
 .text.ofnode_get_by_phandle
                0x00000000000086fc       0x20 drivers/core/ofnode.o
                0x00000000000086fc                ofnode_get_by_phandle
 .text.ofnode_stringlist_search
                0x000000000000871c       0x40 drivers/core/ofnode.o
                0x000000000000871c                ofnode_stringlist_search
 .text.ofnode_read_string_index
                0x000000000000875c       0x48 drivers/core/ofnode.o
                0x000000000000875c                ofnode_read_string_index
 .text.ofnode_parse_phandle_with_args
                0x00000000000087a4       0x70 drivers/core/ofnode.o
                0x00000000000087a4                ofnode_parse_phandle_with_args
 .text.ofnode_count_phandle_with_args
                0x0000000000008814       0x20 drivers/core/ofnode.o
                0x0000000000008814                ofnode_count_phandle_with_args
 .text.ofnode_path
                0x0000000000008834       0x28 drivers/core/ofnode.o
                0x0000000000008834                ofnode_path
 .text.ofnode_get_property
                0x000000000000885c       0x14 drivers/core/ofnode.o
                0x000000000000885c                ofnode_get_property
 .text.ofnode_read_bool
                0x0000000000008870       0x20 drivers/core/ofnode.o
                0x0000000000008870                ofnode_read_bool
 .text.ofnode_read_simple_addr_cells
                0x0000000000008890        0xc drivers/core/ofnode.o
                0x0000000000008890                ofnode_read_simple_addr_cells
 .text.ofnode_read_simple_size_cells
                0x000000000000889c        0xc drivers/core/ofnode.o
                0x000000000000889c                ofnode_read_simple_size_cells
 .text.ofnode_pre_reloc
                0x00000000000088a8        0x8 drivers/core/ofnode.o
                0x00000000000088a8                ofnode_pre_reloc
 .text.sysreset_post_bind
                0x00000000000088b0        0x8 drivers/sysreset/sysreset-uclass.o
 .text.sysreset_request
                0x00000000000088b8       0x20 drivers/sysreset/sysreset-uclass.o
                0x00000000000088b8                sysreset_request
 .text.sysreset_walk
                0x00000000000088d8       0x6c drivers/sysreset/sysreset-uclass.o
                0x00000000000088d8                sysreset_walk
 .text.sysreset_walk_halt
                0x0000000000008944       0x30 drivers/sysreset/sysreset-uclass.o
                0x0000000000008944                sysreset_walk_halt
 .text.do_reset
                0x0000000000008974       0x64 drivers/sysreset/sysreset-uclass.o
                0x0000000000008974                do_reset
 .text.rockchip_sysreset_request
                0x00000000000089d8       0x68 drivers/sysreset/sysreset_rockchip.o
                0x00000000000089d8                rockchip_sysreset_request
 .text.mmc_send_op_cond_iter
                0x0000000000008a40       0x74 drivers/mmc/mmc.o
 .text.mmc_go_idle
                0x0000000000008ab4       0x50 drivers/mmc/mmc.o
 .text.mmc_set_capacity
                0x0000000000008b04       0x84 drivers/mmc/mmc.o
 .text.sd_get_capabilities
                0x0000000000008b88      0x1b0 drivers/mmc/mmc.o
 .text.mmc_send_status
                0x0000000000008d38       0x70 drivers/mmc/mmc.o
                0x0000000000008d38                mmc_send_status
 .text.__mmc_switch.constprop.0
                0x0000000000008da8      0x128 drivers/mmc/mmc.o
 .text.mmc_set_blocklen
                0x0000000000008ed0       0x3c drivers/mmc/mmc.o
                0x0000000000008ed0                mmc_set_blocklen
 .text.mmc_bread
                0x0000000000008f0c      0x18c drivers/mmc/mmc.o
                0x0000000000008f0c                mmc_bread
 .text.mmc_send_ext_csd
                0x0000000000009098       0x40 drivers/mmc/mmc.o
                0x0000000000009098                mmc_send_ext_csd
 .text.mmc_read_and_compare_ext_csd
                0x00000000000090d8       0xb0 drivers/mmc/mmc.o
 .text.mmc_set_card_speed.constprop.0
                0x0000000000009188       0x9c drivers/mmc/mmc.o
 .text.mmc_switch
                0x0000000000009224        0x4 drivers/mmc/mmc.o
                0x0000000000009224                mmc_switch
 .text.mmc_startup_v4
                0x0000000000009228      0x240 drivers/mmc/mmc.o
 .text.mmc_switch_part
                0x0000000000009468       0x94 drivers/mmc/mmc.o
                0x0000000000009468                mmc_switch_part
 .text.mmc_set_clock
                0x00000000000094fc       0x30 drivers/mmc/mmc.o
                0x00000000000094fc                mmc_set_clock
 .text.mmc_get_op_cond
                0x000000000000952c      0x264 drivers/mmc/mmc.o
                0x000000000000952c                mmc_get_op_cond
 .text.mmc_start_init
                0x0000000000009790       0x70 drivers/mmc/mmc.o
                0x0000000000009790                mmc_start_init
 .text.mmc_init
                0x0000000000009800      0x8f0 drivers/mmc/mmc.o
                0x0000000000009800                mmc_init
 .text.mmc_init_device
                0x000000000000a0f0       0x68 drivers/mmc/mmc.o
                0x000000000000a0f0                mmc_init_device
 .text.mmc_blk_probe
                0x000000000000a158       0x1c drivers/mmc/mmc-uclass.o
 .text.mmc_set_ios
                0x000000000000a174       0x24 drivers/mmc/mmc-uclass.o
                0x000000000000a174                mmc_set_ios
 .text.mmc_wait_dat0
                0x000000000000a198       0x24 drivers/mmc/mmc-uclass.o
                0x000000000000a198                mmc_wait_dat0
 .text.mmc_getcd
                0x000000000000a1bc       0x24 drivers/mmc/mmc-uclass.o
                0x000000000000a1bc                mmc_getcd
 .text.mmc_host_power_cycle
                0x000000000000a1e0       0x24 drivers/mmc/mmc-uclass.o
                0x000000000000a1e0                mmc_host_power_cycle
 .text.mmc_deferred_probe
                0x000000000000a204       0x24 drivers/mmc/mmc-uclass.o
                0x000000000000a204                mmc_deferred_probe
 .text.mmc_reinit
                0x000000000000a228       0x24 drivers/mmc/mmc-uclass.o
                0x000000000000a228                mmc_reinit
 .text.mmc_get_mmc_dev
                0x000000000000a24c       0x28 drivers/mmc/mmc-uclass.o
                0x000000000000a24c                mmc_get_mmc_dev
 .text.mmc_get_b_max
                0x000000000000a274       0x6c drivers/mmc/mmc-uclass.o
                0x000000000000a274                mmc_get_b_max
 .text.mmc_send_cmd
                0x000000000000a2e0       0x68 drivers/mmc/mmc-uclass.o
                0x000000000000a2e0                mmc_send_cmd
 .text.mmc_select_hwpart
                0x000000000000a348       0x78 drivers/mmc/mmc-uclass.o
 .text.find_mmc_device
                0x000000000000a3c0       0x54 drivers/mmc/mmc-uclass.o
                0x000000000000a3c0                find_mmc_device
 .text.mmc_get_blk_desc
                0x000000000000a414       0x28 drivers/mmc/mmc-uclass.o
                0x000000000000a414                mmc_get_blk_desc
 .text.mmc_bind
                0x000000000000a43c       0xa0 drivers/mmc/mmc-uclass.o
                0x000000000000a43c                mmc_bind
 .text.dwmci_wait_reset.isra.0
                0x000000000000a4dc       0x3c drivers/mmc/dw_mmc.o
 .text.dwmci_setup_bus.part.0
                0x000000000000a518      0x104 drivers/mmc/dw_mmc.o
 .text.dwmci_fifo_ready.isra.0
                0x000000000000a61c       0x7c drivers/mmc/dw_mmc.o
 .text.dwmci_send_cmd
                0x000000000000a698      0x64c drivers/mmc/dw_mmc.o
 .text.dwmci_set_ios
                0x000000000000ace4       0xb8 drivers/mmc/dw_mmc.o
 .text.dwmci_probe
                0x000000000000ad9c      0x134 drivers/mmc/dw_mmc.o
                0x000000000000ad9c                dwmci_probe
 .text.dwmci_setup_cfg
                0x000000000000aed0       0x50 drivers/mmc/dw_mmc.o
                0x000000000000aed0                dwmci_setup_cfg
 .text.dwmci_bind
                0x000000000000af20        0x4 drivers/mmc/dw_mmc.o
                0x000000000000af20                dwmci_bind
 .text.rockchip_dwmmc_get_mmc_clk
                0x000000000000af24       0x34 drivers/mmc/rockchip_dw_mmc.o
 .text.rockchip_dwmmc_of_to_plat
                0x000000000000af58      0x11c drivers/mmc/rockchip_dw_mmc.o
 .text.rockchip_dwmmc_probe
                0x000000000000b074       0xcc drivers/mmc/rockchip_dw_mmc.o
 .text.rockchip_dwmmc_bind
                0x000000000000b140       0x2c drivers/mmc/rockchip_dw_mmc.o
 .text.sdhci_get_cd
                0x000000000000b16c       0x60 drivers/mmc/sdhci.o
 .text.sdhci_deferred_probe
                0x000000000000b1cc       0x38 drivers/mmc/sdhci.o
 .text.sdhci_reset.isra.0
                0x000000000000b204       0x88 drivers/mmc/sdhci.o
 .text.sdhci_send_command
                0x000000000000b28c      0x504 drivers/mmc/sdhci.o
 .text.sdhci_set_clock
                0x000000000000b790      0x1c0 drivers/mmc/sdhci.o
                0x000000000000b790                sdhci_set_clock
 .text.sdhci_set_ios
                0x000000000000b950      0x138 drivers/mmc/sdhci.o
 .text.sdhci_probe
                0x000000000000ba88      0x18c drivers/mmc/sdhci.o
                0x000000000000ba88                sdhci_probe
 .text.sdhci_setup_cfg
                0x000000000000bc14      0x298 drivers/mmc/sdhci.o
                0x000000000000bc14                sdhci_setup_cfg
 .text.sdhci_bind
                0x000000000000beac        0x4 drivers/mmc/sdhci.o
                0x000000000000beac                sdhci_bind
 .text.arasan_sdhci_of_to_plat
                0x000000000000beb0       0x54 drivers/mmc/rockchip_sdhci.o
 .text.arasan_sdhci_probe
                0x000000000000bf04      0x118 drivers/mmc/rockchip_sdhci.o
 .text.rockchip_sdhci_bind
                0x000000000000c01c       0x2c drivers/mmc/rockchip_sdhci.o
 .text.pinconfig_post_bind
                0x000000000000c048      0x110 drivers/pinctrl/pinctrl-uclass.o
 .text.pinctrl_post_bind
                0x000000000000c158       0x28 drivers/pinctrl/pinctrl-uclass.o
 .text.pinctrl_select_state
                0x000000000000c180      0x1a8 drivers/pinctrl/pinctrl-uclass.o
                0x000000000000c180                pinctrl_select_state
 .text.rockchip_pinctrl_set_state
                0x000000000000c328      0x294 drivers/pinctrl/rockchip/pinctrl-rockchip-core.o
 .text.rockchip_get_recalced_mux
                0x000000000000c5bc       0x6c drivers/pinctrl/rockchip/pinctrl-rockchip-core.o
                0x000000000000c5bc                rockchip_get_recalced_mux
 .text.rockchip_get_mux_route
                0x000000000000c628       0x78 drivers/pinctrl/rockchip/pinctrl-rockchip-core.o
                0x000000000000c628                rockchip_get_mux_route
 .text.rockchip_get_mux_data
                0x000000000000c6a0       0x8c drivers/pinctrl/rockchip/pinctrl-rockchip-core.o
                0x000000000000c6a0                rockchip_get_mux_data
 .text.rockchip_pinctrl_get_gpio_mux
                0x000000000000c72c       0xe8 drivers/pinctrl/rockchip/pinctrl-rockchip-core.o
 .text.rockchip_translate_drive_value
                0x000000000000c814       0x40 drivers/pinctrl/rockchip/pinctrl-rockchip-core.o
                0x000000000000c814                rockchip_translate_drive_value
 .text.rockchip_translate_pull_value
                0x000000000000c854       0x34 drivers/pinctrl/rockchip/pinctrl-rockchip-core.o
                0x000000000000c854                rockchip_translate_pull_value
 .text.rockchip_pinctrl_probe
                0x000000000000c888      0x258 drivers/pinctrl/rockchip/pinctrl-rockchip-core.o
                0x000000000000c888                rockchip_pinctrl_probe
 .text.rk3399_set_drive
                0x000000000000cae0      0x150 drivers/pinctrl/rockchip/pinctrl-rk3399.o
 .text.rk3399_set_pull
                0x000000000000cc30       0xc0 drivers/pinctrl/rockchip/pinctrl-rk3399.o
 .text.rk3399_set_mux
                0x000000000000ccf0       0xd0 drivers/pinctrl/rockchip/pinctrl-rk3399.o
 .text.ram_get_info
                0x000000000000cdc0       0x20 drivers/ram/ram-uclass.o
                0x000000000000cdc0                ram_get_info
 .text.rk3399_dmc_get_info
                0x000000000000cde0       0x34 drivers/ram/rockchip/sdram_rk3399.o
 .text.rk3399_dmc_probe
                0x000000000000ce14       0x40 drivers/ram/rockchip/sdram_rk3399.o
 .text._serial_putc
                0x000000000000ce54       0x58 drivers/serial/serial-uclass.o
 .text.serial_post_probe
                0x000000000000ceac       0x24 drivers/serial/serial-uclass.o
 .text.serial_pre_remove
                0x000000000000ced0        0x8 drivers/serial/serial-uclass.o
 .text.serial_putc
                0x000000000000ced8       0x18 drivers/serial/serial-uclass.o
                0x000000000000ced8                serial_putc
 .text.serial_puts
                0x000000000000cef0       0x44 drivers/serial/serial-uclass.o
                0x000000000000cef0                serial_puts
 .text.serial_setbrg
                0x000000000000cf34       0x30 drivers/serial/serial-uclass.o
                0x000000000000cf34                serial_setbrg
 .text.serial_init
                0x000000000000cf64      0x164 drivers/serial/serial-uclass.o
                0x000000000000cf64                serial_init
 .text.ns16550_serial_getinfo
                0x000000000000d0c8       0x54 drivers/serial/ns16550.o
 .text.ns16550_serial_of_to_plat
                0x000000000000d11c      0x144 drivers/serial/ns16550.o
                0x000000000000d11c                ns16550_serial_of_to_plat
 .text.ns16550_writeb.isra.0
                0x000000000000d260       0x24 drivers/serial/ns16550.o
 .text.ns16550_serial_setconfig
                0x000000000000d284       0x64 drivers/serial/ns16550.o
 .text.ns16550_readb.isra.0
                0x000000000000d2e8       0x24 drivers/serial/ns16550.o
 .text.ns16550_setbrg
                0x000000000000d30c       0x64 drivers/serial/ns16550.o
 .text.ns16550_serial_setbrg
                0x000000000000d370       0x40 drivers/serial/ns16550.o
 .text.ns16550_serial_pending
                0x000000000000d3b0       0x44 drivers/serial/ns16550.o
 .text.ns16550_serial_putc
                0x000000000000d3f4       0x50 drivers/serial/ns16550.o
 .text.ns16550_serial_getc
                0x000000000000d444       0x3c drivers/serial/ns16550.o
 .text.ns16550_init
                0x000000000000d480       0x80 drivers/serial/ns16550.o
                0x000000000000d480                ns16550_init
 .text.ns16550_serial_probe
                0x000000000000d500       0x88 drivers/serial/ns16550.o
                0x000000000000d500                ns16550_serial_probe
 .text.printch  0x000000000000d588       0x50 drivers/serial/ns16550.o
                0x000000000000d588                printch
 .text.debug_uart_init
                0x000000000000d5d8       0x7c drivers/serial/ns16550.o
                0x000000000000d5d8                debug_uart_init
 .text.blk_post_probe
                0x000000000000d654       0x1c drivers/block/blk-uclass.o
 .text.blk_select_hwpart
                0x000000000000d670       0x2c drivers/block/blk-uclass.o
                0x000000000000d670                blk_select_hwpart
 .text.blk_dselect_hwpart
                0x000000000000d69c        0x8 drivers/block/blk-uclass.o
                0x000000000000d69c                blk_dselect_hwpart
 .text.blk_find_device
                0x000000000000d6a4       0xa0 drivers/block/blk-uclass.o
                0x000000000000d6a4                blk_find_device
 .text.blk_dread
                0x000000000000d744       0x24 drivers/block/blk-uclass.o
                0x000000000000d744                blk_dread
 .text.blk_find_max_devnum
                0x000000000000d768       0x90 drivers/block/blk-uclass.o
                0x000000000000d768                blk_find_max_devnum
 .text.blk_next_free_devnum
                0x000000000000d7f8       0x2c drivers/block/blk-uclass.o
                0x000000000000d7f8                blk_next_free_devnum
 .text.blk_create_device
                0x000000000000d824      0x1a8 drivers/block/blk-uclass.o
                0x000000000000d824                blk_create_device
 .text.blk_create_devicef
                0x000000000000d9cc       0xb4 drivers/block/blk-uclass.o
                0x000000000000d9cc                blk_create_devicef

.iplt           0x000000000000da80        0x0
 .iplt          0x000000000000da80        0x0 arch/arm/cpu/armv8/start.o

.rodata         0x000000000000da80     0x25aa
                0x000000000000da80                . = ALIGN (0x8)
 *(SORT_BY_ALIGNMENT(SORT_BY_NAME(.rodata*)))
 .rodata.apll_l_cfgs
                0x000000000000da80       0x10 drivers/clk/rockchip/clk_rk3399.o
 .rodata.arasan_sdhci_ids
                0x000000000000da90       0x20 drivers/mmc/rockchip_sdhci.o
 .rodata.boot_devices
                0x000000000000dab0       0x58 arch/arm/mach-rockchip/rk3399/rk3399.o
                0x000000000000dab0                boot_devices
 .rodata.clk_fixed_factor_match
                0x000000000000db08       0x20 drivers/clk/clk_fixed_factor.o
 .rodata.clk_fixed_factor_ops
                0x000000000000db28       0x48 drivers/clk/clk_fixed_factor.o
                0x000000000000db28                clk_fixed_factor_ops
 .rodata.clk_fixed_rate_match
                0x000000000000db70       0x20 drivers/clk/clk_fixed_rate.o
 .rodata.clk_fixed_rate_ops
                0x000000000000db90       0x48 drivers/clk/clk_fixed_rate.o
                0x000000000000db90                clk_fixed_rate_ops
 .rodata.dm_dwmci_ops
                0x000000000000dbd8       0x50 drivers/mmc/dw_mmc.o
                0x000000000000dbd8                dm_dwmci_ops
 .rodata.fdt_errtable
                0x000000000000dc28       0x98 lib/libfdt/fdt_strerror.o
 .rodata.generic_simple_bus_ids
                0x000000000000dcc0       0x30 drivers/core/simple-bus.o
 .rodata.generic_syscon_ids
                0x000000000000dcf0       0x20 drivers/core/syscon-uclass.o
 .rodata.mmc_blk_ops
                0x000000000000dd10       0x20 drivers/mmc/mmc-uclass.o
 .rodata.ns16550_serial_ids
                0x000000000000dd30       0x60 drivers/serial/ns16550.o
 .rodata.ns16550_serial_ops
                0x000000000000dd90       0x40 drivers/serial/ns16550.o
                0x000000000000dd90                ns16550_serial_ops
 .rodata.rk3399_clk_ids
                0x000000000000ddd0       0x20 drivers/clk/rockchip/clk_rk3399.o
 .rodata.rk3399_dmc_ids
                0x000000000000ddf0       0x20 drivers/ram/rockchip/sdram_rk3399.o
 .rodata.rk3399_pinctrl_ids
                0x000000000000de10       0x20 drivers/pinctrl/rockchip/pinctrl-rk3399.o
 .rodata.rk3399_pmuclk_ids
                0x000000000000de30       0x20 drivers/clk/rockchip/clk_rk3399.o
 .rodata.rk3399_syscon_ids
                0x000000000000de50       0x60 arch/arm/mach-rockchip/rk3399/syscon_rk3399.o
 .rodata.rockchip_conf_params
                0x000000000000deb0       0x80 drivers/pinctrl/rockchip/pinctrl-rockchip-core.o
 .rodata.rockchip_dwmmc_ids
                0x000000000000df30       0x30 drivers/mmc/rockchip_dw_mmc.o
 .rodata.rockchip_pinctrl_ops
                0x000000000000df60       0xa8 drivers/pinctrl/rockchip/pinctrl-rockchip-core.o
                0x000000000000df60                rockchip_pinctrl_ops
 .rodata.sdhci_ops
                0x000000000000e008       0x50 drivers/mmc/sdhci.o
                0x000000000000e008                sdhci_ops
 .rodata.spl_boot_devices_tbl.7739
                0x000000000000e058       0x30 arch/arm/mach-rockchip/rk3399/rk3399.o
 .rodata.uimage_os
                0x000000000000e088      0x150 common/image.o
 .rodata        0x000000000000e1d8       0x14 common/spl/spl.o
 .rodata._vprintf
                0x000000000000e1ec        0x9 lib/tiny-printf.o
 *fill*         0x000000000000e1f5        0x3 
 .rodata.apll_b_600_cfg
                0x000000000000e1f8       0x14 drivers/clk/rockchip/clk_rk3399.o
 .rodata.apll_l_1600_cfg
                0x000000000000e20c       0x14 drivers/clk/rockchip/clk_rk3399.o
 .rodata.apll_l_600_cfg
                0x000000000000e220       0x14 drivers/clk/rockchip/clk_rk3399.o
 .rodata.cpll_init_cfg
                0x000000000000e234       0x14 drivers/clk/rockchip/clk_rk3399.o
 .rodata.ext_csd_bus_width
                0x000000000000e248       0x3c drivers/mmc/mmc.o
 .rodata.fbase  0x000000000000e284       0x10 drivers/mmc/mmc.o
 .rodata.fdt_next_tag
                0x000000000000e294        0x9 lib/libfdt/fdt.o
 *fill*         0x000000000000e29d        0x3 
 .rodata.freqs.8024
                0x000000000000e2a0       0x34 drivers/mmc/mmc.o
 .rodata.gpll_init_cfg
                0x000000000000e2d4       0x14 drivers/clk/rockchip/clk_rk3399.o
 .rodata.mmc_init
                0x000000000000e2e8        0x8 drivers/mmc/mmc.o
 .rodata.mmc_modes_by_pref
                0x000000000000e2f0       0x20 drivers/mmc/mmc.o
 .rodata.mmc_set_capacity
                0x000000000000e310        0x8 drivers/mmc/mmc.o
 .rodata.mmc_versions.8332
                0x000000000000e318       0x24 drivers/mmc/mmc.o
 .rodata.regmap_raw_read_range
                0x000000000000e33c        0x8 drivers/core/regmap.o
 .rodata.regmap_raw_write_range
                0x000000000000e344        0x8 drivers/core/regmap.o
 .rodata.regmap_read
                0x000000000000e34c        0x8 drivers/core/regmap.o
 .rodata.regmap_write
                0x000000000000e354        0x8 drivers/core/regmap.o
 .rodata.rk3399_clk_disable
                0x000000000000e35c       0x58 drivers/clk/rockchip/clk_rk3399.o
 .rodata.rk3399_clk_enable
                0x000000000000e3b4       0x58 drivers/clk/rockchip/clk_rk3399.o
 .rodata.rk3399_clk_get_rate
                0x000000000000e40c       0x20 drivers/clk/rockchip/clk_rk3399.o
 .rodata.rk3399_clk_set_rate
                0x000000000000e42c       0x25 drivers/clk/rockchip/clk_rk3399.o
 *fill*         0x000000000000e451        0x3 
 .rodata.rk3399_i2c_get_clk
                0x000000000000e454        0x6 drivers/clk/rockchip/clk_rk3399.o
 *fill*         0x000000000000e45a        0x2 
 .rodata.rockchip_perpin_drv_list
                0x000000000000e45c       0xa0 drivers/pinctrl/rockchip/pinctrl-rockchip-core.o
 .rodata.rockchip_pinctrl_set_state
                0x000000000000e4fc        0xf drivers/pinctrl/rockchip/pinctrl-rockchip-core.o
 *fill*         0x000000000000e50b        0x1 
 .rodata.rockchip_pull_list
                0x000000000000e50c       0x20 drivers/pinctrl/rockchip/pinctrl-rockchip-core.o
 .rodata.sd_modes_by_pref
                0x000000000000e52c       0x10 drivers/mmc/mmc.o
 .rodata.CSWTCH.34
                0x000000000000e53c        0x3 drivers/serial/ns16550.o
 .rodata.__FUNCTION__.6692
                0x000000000000e53f       0x17 common/fdt_support.o
 .rodata.__func__.6112
                0x000000000000e556       0x15 common/common_fit.o
 .rodata.__func__.6565
                0x000000000000e56b       0x18 common/fdt_support.o
 .rodata.__func__.6746
                0x000000000000e583       0x14 common/fdt_support.o
 .rodata.__func__.7617
                0x000000000000e597       0x10 drivers/clk/rockchip/clk_rk3399.o
 .rodata.__func__.7637
                0x000000000000e5a7       0x14 common/spl/spl_fit.o
 .rodata.__func__.7714
                0x000000000000e5bb       0x13 drivers/clk/rockchip/clk_rk3399.o
 .rodata.__func__.7724
                0x000000000000e5ce       0x13 drivers/clk/rockchip/clk_rk3399.o
 .rodata.__func__.7749
                0x000000000000e5e1       0x13 arch/arm/mach-rockchip/rk3399/rk3399.o
 .rodata.__func__.7792
                0x000000000000e5f4       0x14 drivers/clk/rockchip/clk_rk3399.o
 .rodata.__func__.8201
                0x000000000000e608        0xc drivers/mmc/sdhci.o
 .rodata.__func__.8239
                0x000000000000e614       0x14 drivers/mmc/sdhci.o
 .rodata.__func__.8261
                0x000000000000e628       0x13 drivers/mmc/sdhci.o
 .rodata.__func__.8275
                0x000000000000e63b       0x10 drivers/mmc/sdhci.o
 .rodata.__func__.8333
                0x000000000000e64b       0x13 drivers/mmc/rockchip_sdhci.o
 .rodata.__func__.8338
                0x000000000000e65e        0xb drivers/mmc/sdhci.o
 .rodata.__func__.8366
                0x000000000000e669       0x10 drivers/mmc/sdhci.o
 .rodata._ctype
                0x000000000000e679      0x100 lib/ctype.o
                0x000000000000e679                _ctype
 .rodata.alloc_simple.str1.1
                0x000000000000e779       0x17 common/malloc_simple.o
 .rodata.arasan_sdhci_of_to_plat.str1.1
                0x000000000000e790        0xa drivers/mmc/rockchip_sdhci.o
 .rodata.arasan_sdhci_probe.str1.1
                0x000000000000e790       0x2b drivers/mmc/rockchip_sdhci.o
                                         0x39 (size before relaxing)
 .rodata.blk_create_devicef.str1.1
                0x000000000000e7bb        0x6 drivers/block/blk-uclass.o
 .rodata.board_boot_order.str1.1
                0x000000000000e7c1       0x2a arch/arm/mach-rockchip/spl-boot-order.o
 .rodata.board_init_f.str1.1
                0x000000000000e7eb       0x33 arch/arm/mach-rockchip/spl.o
 .rodata.board_init_r.str1.1
                0x000000000000e81e       0x62 common/spl/spl.o
 .rodata.clk_fixed_factor_of_to_plat.str1.1
                0x000000000000e880       0x15 drivers/clk/clk_fixed_factor.o
 .rodata.clk_fixed_rate_ofdata_to_plat_.str1.1
                0x000000000000e895       0x10 drivers/clk/clk_fixed_rate.o
 .rodata.clk_get_by_index.str1.1
                0x000000000000e8a5        0xd drivers/clk/clk-uclass.o
                                         0x14 (size before relaxing)
 .rodata.clk_set_defaults.str1.1
                0x000000000000e8b2       0x3c drivers/clk/clk-uclass.o
 .rodata.devfdt_get_addr_index.str1.1
                0x000000000000e8ee        0x4 drivers/core/fdtaddr.o
 .rodata.device_probe.str1.1
                0x000000000000e8ee        0x8 drivers/core/device.o
 .rodata.dm_extended_scan.str1.1
                0x000000000000e8ee       0x12 drivers/core/root.o
                                         0x1a (size before relaxing)
 .rodata.do_reset.str1.1
                0x000000000000e900        0xf drivers/sysreset/sysreset-uclass.o
 .rodata.fdt_address_cells.str1.1
                0x000000000000e90f        0xf lib/libfdt/fdt_addresses.o
 .rodata.fdt_find_or_add_subnode.str1.1
                0x000000000000e91e        0xc common/fdt_support.o
 .rodata.fdt_fixup_memory_banks.str1.1
                0x000000000000e92a       0x8c common/fdt_support.o
                                         0x94 (size before relaxing)
 .rodata.fdt_get_alias_namelen.str1.1
                0x000000000000e9b6        0x9 lib/libfdt/fdt_ro.o
 .rodata.fdt_get_phandle.str1.1
                0x000000000000e9bf        0xe lib/libfdt/fdt_ro.o
                                         0x16 (size before relaxing)
 .rodata.fdt_record_loadable.str1.1
                0x000000000000e9cd        0x6 common/fdt_support.o
                                         0x23 (size before relaxing)
 .rodata.fdt_size_cells.str1.1
                0x000000000000e9d3        0xc lib/libfdt/fdt_addresses.o
 .rodata.fdt_strerror.str1.1
                0x000000000000e9df       0x31 lib/libfdt/fdt_strerror.o
 .rodata.fdtdec_get_chosen_prop.str1.1
                0x000000000000ea10        0x8 lib/fdtdec.o
 .rodata.fdtdec_get_is_enabled.str1.1
                0x000000000000ea10        0xc lib/fdtdec.o
 .rodata.fdtdec_prepare_fdt.str1.1
                0x000000000000ea1c        0xd lib/fdtdec.o
 .rodata.find_mmc_device.str1.1
                0x000000000000ea29       0x19 drivers/mmc/mmc-uclass.o
 .rodata.fit_find_config_node.str1.1
                0x000000000000ea42       0x40 common/common_fit.o
                                         0x48 (size before relaxing)
 .rodata.fit_image_get_address.str1.1
                0x000000000000ea82       0x1d common/image-fit.o
 .rodata.fit_image_get_data.str1.1
                0x000000000000ea9f        0x5 common/image-fit.o
 .rodata.fit_image_get_data_offset.str1.1
                0x000000000000eaa4        0xc common/image-fit.o
 .rodata.fit_image_get_data_position.str1.1
                0x000000000000eab0        0xe common/image-fit.o
 .rodata.fit_image_get_data_size.str1.1
                0x000000000000eabe        0xa common/image-fit.o
 .rodata.fit_image_get_entry.str1.1
                0x000000000000eac8        0x6 common/image-fit.o
 .rodata.fit_image_get_load.str1.1
                0x000000000000eac8        0x5 common/image-fit.o
 .rodata.fit_image_get_os.str1.1
                0x000000000000eac8        0x3 common/image-fit.o
 .rodata.genimg_get_os_id.str1.1
                0x000000000000eac8       0x17 common/image.o
                                          0x3 (size before relaxing)
 .rodata.hang.str1.1
                0x000000000000eac8       0x2a lib/hang.o
 .rodata.lists_bind_fdt.str1.1
                0x000000000000eaf2        0xb drivers/core/lists.o
 .rodata.mmc_bind.str1.1
                0x000000000000eafd        0x8 drivers/mmc/mmc-uclass.o
                                          0xc (size before relaxing)
 .rodata.mmc_bread.str1.1
                0x000000000000eb05       0x47 drivers/mmc/mmc.o
 .rodata.mmc_get_op_cond.str1.1
                0x000000000000eb4c       0x2e drivers/mmc/mmc.o
 .rodata.mmc_init.str1.1
                0x000000000000eb7a       0x7c drivers/mmc/mmc.o
 .rodata.mmc_start_init.str1.1
                0x000000000000ebf6       0x16 drivers/mmc/mmc.o
 .rodata.multipliers
                0x000000000000ec0c       0x10 drivers/mmc/mmc.o
 .rodata.ns16550_serial_of_to_plat.str1.1
                0x000000000000ec1c       0x22 drivers/serial/ns16550.o
                                         0x32 (size before relaxing)
 .rodata.pinconfig_post_bind.str1.1
                0x000000000000ec3e       0x1a drivers/pinctrl/pinctrl-uclass.o
                                         0x25 (size before relaxing)
 .rodata.pinctrl_select_state.str1.1
                0x000000000000ec58       0x49 drivers/pinctrl/pinctrl-uclass.o
 .rodata.preloader_console_init.str1.1
                0x000000000000eca1       0x4a common/spl/spl.o
 .rodata.regmap_init_mem_index.str1.1
                0x000000000000eceb       0x27 drivers/core/regmap.o
                                         0x2b (size before relaxing)
 .rodata.rk3399_clk_bind.str1.1
                0x000000000000ed12       0x12 drivers/clk/rockchip/clk_rk3399.o
                                         0x1b (size before relaxing)
 .rodata.rk3399_clk_set_parent.str1.1
                0x000000000000ed24       0x1e drivers/clk/rockchip/clk_rk3399.o
 .rodata.rk3399_clk_set_rate.str1.1
                0x000000000000ed42       0xed drivers/clk/rockchip/clk_rk3399.o
 .rodata.rk3399_i2c_get_clk.str1.1
                0x000000000000ee2f       0x1d drivers/clk/rockchip/clk_rk3399.o
 .rodata.rk3399_spi_get_clk.str1.1
                0x000000000000ee4c       0x22 drivers/clk/rockchip/clk_rk3399.o
 .rodata.rockchip_dwmmc_of_to_plat.str1.1
                0x000000000000ee6e       0x59 drivers/mmc/rockchip_dw_mmc.o
                                         0x63 (size before relaxing)
 .rodata.rockchip_pinctrl_probe.str1.1
                0x000000000000eec7       0x1a drivers/pinctrl/rockchip/pinctrl-rockchip-core.o
 .rodata.rockchip_pinctrl_set_state.str1.1
                0x000000000000eee1        0xe drivers/pinctrl/rockchip/pinctrl-rockchip-core.o
 .rodata.save_boot_params.str1.1
                0x000000000000eeef       0x30 arch/arm/mach-rockchip/bootrom.o
 .rodata.sdhci_probe.str1.1
                0x000000000000ef1f       0x24 drivers/mmc/sdhci.o
 .rodata.sdhci_reset.isra.0.str1.1
                0x000000000000ef43       0x21 drivers/mmc/sdhci.o
 .rodata.sdhci_send_command.str1.1
                0x000000000000ef64       0x76 drivers/mmc/sdhci.o
 .rodata.sdhci_set_clock.str1.1
                0x000000000000efda       0x4e drivers/mmc/sdhci.o
 .rodata.sdhci_setup_cfg.str1.1
                0x000000000000f028       0x4e drivers/mmc/sdhci.o
 .rodata.serial_init.str1.1
                0x000000000000f076       0x2b drivers/serial/serial-uclass.o
 .rodata.simple_bus_post_bind.str1.1
                0x000000000000f0a1        0x7 drivers/core/simple-bus.o
 .rodata.spi_clkregs
                0x000000000000f0a8        0xf drivers/clk/rockchip/clk_rk3399.o
 .rodata.spl_fit_append_fdt.str1.1
                0x000000000000f0b7        0x4 common/spl/spl_fit.o
 .rodata.spl_fit_get_image_node.str1.1
                0x000000000000f0bb       0x21 common/spl/spl_fit.o
 .rodata.spl_fit_images_find.str1.1
                0x000000000000f0dc        0xc common/spl/spl_atf.o
                                          0xf (size before relaxing)
 .rodata.spl_fixup_fdt.str1.1
                0x000000000000f0e8       0x51 common/spl/spl.o
 .rodata.spl_load_fit_image.str1.1
                0x000000000000f139       0x4a common/spl/spl_fit.o
 .rodata.spl_load_simple_fit.str1.1
                0x000000000000f183       0x93 common/spl/spl_fit.o
                                         0xa1 (size before relaxing)
 .rodata.spl_mmc_load.str1.1
                0x000000000000f216      0x10e common/spl/spl_mmc.o
 .rodata.spl_perform_fixups.str1.1
                0x000000000000f324       0x65 arch/arm/mach-rockchip/rk3399/rk3399.o
                                         0x6c (size before relaxing)
 .rodata.str1.1
                0x000000000000f389       0x2c arch/arm/mach-rockchip/rk3399/rk3399.o
 .rodata.str1.1
                0x000000000000f3b5       0x79 arch/arm/mach-rockchip/rk3399/syscon_rk3399.o
 .rodata.str1.1
                0x000000000000f42e       0x11 common/spl/spl_mmc.o
 .rodata.str1.1
                0x000000000000f43f      0x7bd common/image.o
                                        0x7e3 (size before relaxing)
 .rodata.str1.1
                0x000000000000fbfc      0x13e lib/libfdt/fdt_strerror.o
 .rodata.str1.1
                0x000000000000fd3a        0x4 disk/part_dos.o
 .rodata.str1.1
                0x000000000000fd3e        0x4 disk/part_efi.o
 .rodata.str1.1
                0x000000000000fd42        0x4 drivers/clk/clk-uclass.o
 .rodata.str1.1
                0x000000000000fd46       0x18 drivers/clk/clk_fixed_rate.o
 .rodata.str1.1
                0x000000000000fd5e       0x26 drivers/clk/clk_fixed_factor.o
 .rodata.str1.1
                0x000000000000fd84       0x56 drivers/clk/rockchip/clk_rk3399.o
 .rodata.str1.1
                0x000000000000fdda       0x11 drivers/core/root.o
 .rodata.str1.1
                0x000000000000fdeb        0x4 drivers/core/uclass.o
 .rodata.str1.1
                0x000000000000fdef       0x21 drivers/core/simple-bus.o
 .rodata.str1.1
                0x000000000000fe10        0x5 drivers/misc/misc-uclass.o
 .rodata.str1.1
                0x000000000000fe15        0x9 drivers/sysreset/sysreset-uclass.o
 .rodata.str1.1
                0x000000000000fe15       0x12 drivers/sysreset/sysreset_rockchip.o
 .rodata.str1.1
                0x000000000000fe15        0x8 drivers/mmc/mmc-uclass.o
                                          0x4 (size before relaxing)
 .rodata.str1.1
                0x000000000000fe15       0x48 drivers/mmc/rockchip_dw_mmc.o
 .rodata.str1.1
                0x000000000000fe5d       0x2b drivers/mmc/rockchip_sdhci.o
 .rodata.str1.1
                0x000000000000fe88       0x49 drivers/pinctrl/pinctrl-uclass.o
                                          0x8 (size before relaxing)
 .rodata.str1.1
                0x000000000000fe88       0x87 drivers/pinctrl/rockchip/pinctrl-rockchip-core.o
 .rodata.str1.1
                0x000000000000ff0f       0x4e drivers/pinctrl/rockchip/pinctrl-rk3399.o
 .rodata.str1.1
                0x000000000000ff5d       0x4e drivers/ram/ram-uclass.o
                                          0x4 (size before relaxing)
 .rodata.str1.1
                0x000000000000ff5d       0x28 drivers/ram/rockchip/sdram_rk3399.o
 .rodata.str1.1
                0x000000000000ff85       0x2b drivers/serial/serial-uclass.o
                                          0x7 (size before relaxing)
 .rodata.str1.1
                0x000000000000ff85       0x59 drivers/serial/ns16550.o
 .rodata.str1.1
                0x000000000000ffde       0x35 drivers/block/blk-uclass.o
                                         0x44 (size before relaxing)
 .rodata.syscon_probe_by_ofnode.str1.1
                0x0000000000010013       0x27 drivers/core/syscon-uclass.o
                                          0x7 (size before relaxing)
 .rodata.sysreset_walk_halt.str1.1
                0x0000000000010013        0xd drivers/sysreset/sysreset-uclass.o
 .rodata.test_block_type.part.0.str1.1
                0x0000000000010020        0xa disk/part_dos.o

.data           0x0000000000010030      0x4a8
                0x0000000000010030                . = ALIGN (0x8)
 *(.data*)
 .data          0x0000000000010030       0x68 arch/arm/mach-rockchip/bootrom.o
 .data          0x0000000000010098       0x88 common/spl/spl.o
 .data.rk3399_clk_ops
                0x0000000000010120       0x48 drivers/clk/rockchip/clk_rk3399.o
 .data.rk3399_pmuclk_ops
                0x0000000000010168       0x48 drivers/clk/rockchip/clk_rk3399.o
 .data.root_info
                0x00000000000101b0       0x10 drivers/core/root.o
 .data.rockchip_sysreset
                0x00000000000101c0       0x18 drivers/sysreset/sysreset_rockchip.o
 .data.cmd_timeout.8260
                0x00000000000101d8        0x4 drivers/mmc/sdhci.o
 .data.rk3399_mux_route_data
                0x00000000000101dc       0x3c drivers/pinctrl/rockchip/pinctrl-rk3399.o
 .data.rk3399_pin_banks
                0x0000000000010218      0x258 drivers/pinctrl/rockchip/pinctrl-rk3399.o
 .data.rk3399_pin_ctrl
                0x0000000000010470       0x60 drivers/pinctrl/rockchip/pinctrl-rk3399.o
 .data.rk3399_dmc_ops
                0x00000000000104d0        0x8 drivers/ram/rockchip/sdram_rk3399.o

.igot.plt       0x00000000000104d8        0x0
 .igot.plt      0x00000000000104d8        0x0 arch/arm/cpu/armv8/start.o

.u_boot_list    0x00000000000104d8      0xf00
                0x00000000000104d8                . = ALIGN (0x8)
 *(SORT_BY_NAME(.u_boot_list*))
 .u_boot_list_2_cmd_1
                0x00000000000104d8        0x0 common/command.o
 .u_boot_list_2_cmd_3
                0x00000000000104d8        0x0 common/command.o
 .u_boot_list_2_driver_1
                0x00000000000104d8        0x0 drivers/core/lists.o
 .u_boot_list_2_driver_1
                0x00000000000104d8        0x0 drivers/core/root.o
 .u_boot_list_2_driver_1
                0x00000000000104d8        0x0 drivers/core/dump.o
 .u_boot_list_2_driver_2_arasan_sdhci_drv
                0x00000000000104d8       0x78 drivers/mmc/rockchip_sdhci.o
                0x00000000000104d8                _u_boot_list_2_driver_2_arasan_sdhci_drv
 .u_boot_list_2_driver_2_clk_fixed_factor
                0x0000000000010550       0x78 drivers/clk/clk_fixed_factor.o
                0x0000000000010550                _u_boot_list_2_driver_2_clk_fixed_factor
 .u_boot_list_2_driver_2_clk_rk3399
                0x00000000000105c8       0x78 drivers/clk/rockchip/clk_rk3399.o
                0x00000000000105c8                _u_boot_list_2_driver_2_clk_rk3399
 .u_boot_list_2_driver_2_dmc_rk3399
                0x0000000000010640       0x78 drivers/ram/rockchip/sdram_rk3399.o
                0x0000000000010640                _u_boot_list_2_driver_2_dmc_rk3399
 .u_boot_list_2_driver_2_fixed_clock
                0x00000000000106b8       0x78 drivers/clk/clk_fixed_rate.o
                0x00000000000106b8                _u_boot_list_2_driver_2_fixed_clock
 .u_boot_list_2_driver_2_generic_syscon
                0x0000000000010730       0x78 drivers/core/syscon-uclass.o
                0x0000000000010730                _u_boot_list_2_driver_2_generic_syscon
 .u_boot_list_2_driver_2_mmc_blk
                0x00000000000107a8       0x78 drivers/mmc/mmc-uclass.o
                0x00000000000107a8                _u_boot_list_2_driver_2_mmc_blk
 .u_boot_list_2_driver_2_ns16550_serial
                0x0000000000010820       0x78 drivers/serial/ns16550.o
                0x0000000000010820                _u_boot_list_2_driver_2_ns16550_serial
 .u_boot_list_2_driver_2_pinconfig_generic
                0x0000000000010898       0x78 drivers/pinctrl/pinctrl-uclass.o
                0x0000000000010898                _u_boot_list_2_driver_2_pinconfig_generic
 .u_boot_list_2_driver_2_pinctrl_rk3399
                0x0000000000010910       0x78 drivers/pinctrl/rockchip/pinctrl-rk3399.o
                0x0000000000010910                _u_boot_list_2_driver_2_pinctrl_rk3399
 .u_boot_list_2_driver_2_rockchip_rk3288_dw_mshc
                0x0000000000010988       0x78 drivers/mmc/rockchip_dw_mmc.o
                0x0000000000010988                _u_boot_list_2_driver_2_rockchip_rk3288_dw_mshc
 .u_boot_list_2_driver_2_rockchip_rk3399_pmuclk
                0x0000000000010a00       0x78 drivers/clk/rockchip/clk_rk3399.o
                0x0000000000010a00                _u_boot_list_2_driver_2_rockchip_rk3399_pmuclk
 .u_boot_list_2_driver_2_root_driver
                0x0000000000010a78       0x78 drivers/core/root.o
                0x0000000000010a78                _u_boot_list_2_driver_2_root_driver
 .u_boot_list_2_driver_2_simple_bus
                0x0000000000010af0       0x78 drivers/core/simple-bus.o
                0x0000000000010af0                _u_boot_list_2_driver_2_simple_bus
 .u_boot_list_2_driver_2_syscon_rk3399
                0x0000000000010b68       0x78 arch/arm/mach-rockchip/rk3399/syscon_rk3399.o
                0x0000000000010b68                _u_boot_list_2_driver_2_syscon_rk3399
 .u_boot_list_2_driver_2_sysreset_rockchip
                0x0000000000010be0       0x78 drivers/sysreset/sysreset_rockchip.o
                0x0000000000010be0                _u_boot_list_2_driver_2_sysreset_rockchip
 .u_boot_list_2_driver_3
                0x0000000000010c58        0x0 drivers/core/lists.o
 .u_boot_list_2_driver_3
                0x0000000000010c58        0x0 drivers/core/root.o
 .u_boot_list_2_driver_3
                0x0000000000010c58        0x0 drivers/core/dump.o
 .u_boot_list_2_driver_info_1
                0x0000000000010c58        0x0 drivers/core/lists.o
 .u_boot_list_2_driver_info_1
                0x0000000000010c58        0x0 drivers/core/root.o
 .u_boot_list_2_driver_info_1
                0x0000000000010c58        0x0 drivers/core/dump.o
 .u_boot_list_2_driver_info_3
                0x0000000000010c58        0x0 drivers/core/lists.o
 .u_boot_list_2_driver_info_3
                0x0000000000010c58        0x0 drivers/core/root.o
 .u_boot_list_2_driver_info_3
                0x0000000000010c58        0x0 drivers/core/dump.o
 .u_boot_list_2_fit_loadable_1
                0x0000000000010c58        0x0 common/image.o
 .u_boot_list_2_fit_loadable_3
                0x0000000000010c58        0x0 common/image.o
 .u_boot_list_2_part_driver_1
                0x0000000000010c58        0x0 disk/part.o
 .u_boot_list_2_part_driver_2_a_efi
                0x0000000000010c58       0x28 disk/part_efi.o
                0x0000000000010c58                _u_boot_list_2_part_driver_2_a_efi
 .u_boot_list_2_part_driver_2_dos
                0x0000000000010c80       0x28 disk/part_dos.o
                0x0000000000010c80                _u_boot_list_2_part_driver_2_dos
 .u_boot_list_2_part_driver_3
                0x0000000000010ca8        0x0 disk/part.o
 .u_boot_list_2_spl_image_loader_1
                0x0000000000010ca8        0x0 common/spl/spl.o
 .u_boot_list_2_spl_image_loader_2_BOOT_DEVICE_MMC10spl_mmc_load_image
                0x0000000000010ca8       0x18 common/spl/spl_mmc.o
                0x0000000000010ca8                _u_boot_list_2_spl_image_loader_2_BOOT_DEVICE_MMC10spl_mmc_load_image
 .u_boot_list_2_spl_image_loader_2_BOOT_DEVICE_MMC20spl_mmc_load_image
                0x0000000000010cc0       0x18 common/spl/spl_mmc.o
                0x0000000000010cc0                _u_boot_list_2_spl_image_loader_2_BOOT_DEVICE_MMC20spl_mmc_load_image
 .u_boot_list_2_spl_image_loader_2_BOOT_DEVICE_MMC2_20spl_mmc_load_image
                0x0000000000010cd8       0x18 common/spl/spl_mmc.o
                0x0000000000010cd8                _u_boot_list_2_spl_image_loader_2_BOOT_DEVICE_MMC2_20spl_mmc_load_image
 .u_boot_list_2_spl_image_loader_3
                0x0000000000010cf0        0x0 common/spl/spl.o
 .u_boot_list_2_uclass_driver_1
                0x0000000000010cf0        0x0 drivers/core/lists.o
 .u_boot_list_2_uclass_driver_1
                0x0000000000010cf0        0x0 drivers/core/root.o
 .u_boot_list_2_uclass_driver_2_blk
                0x0000000000010cf0       0x88 drivers/block/blk-uclass.o
                0x0000000000010cf0                _u_boot_list_2_uclass_driver_2_blk
 .u_boot_list_2_uclass_driver_2_clk
                0x0000000000010d78       0x88 drivers/clk/clk-uclass.o
                0x0000000000010d78                _u_boot_list_2_uclass_driver_2_clk
 .u_boot_list_2_uclass_driver_2_misc
                0x0000000000010e00       0x88 drivers/misc/misc-uclass.o
                0x0000000000010e00                _u_boot_list_2_uclass_driver_2_misc
 .u_boot_list_2_uclass_driver_2_mmc
                0x0000000000010e88       0x88 drivers/mmc/mmc-uclass.o
                0x0000000000010e88                _u_boot_list_2_uclass_driver_2_mmc
 .u_boot_list_2_uclass_driver_2_nop
                0x0000000000010f10       0x88 drivers/core/uclass.o
                0x0000000000010f10                _u_boot_list_2_uclass_driver_2_nop
 .u_boot_list_2_uclass_driver_2_pinconfig
                0x0000000000010f98       0x88 drivers/pinctrl/pinctrl-uclass.o
                0x0000000000010f98                _u_boot_list_2_uclass_driver_2_pinconfig
 .u_boot_list_2_uclass_driver_2_pinctrl
                0x0000000000011020       0x88 drivers/pinctrl/pinctrl-uclass.o
                0x0000000000011020                _u_boot_list_2_uclass_driver_2_pinctrl
 .u_boot_list_2_uclass_driver_2_ram
                0x00000000000110a8       0x88 drivers/ram/ram-uclass.o
                0x00000000000110a8                _u_boot_list_2_uclass_driver_2_ram
 .u_boot_list_2_uclass_driver_2_root
                0x0000000000011130       0x88 drivers/core/root.o
                0x0000000000011130                _u_boot_list_2_uclass_driver_2_root
 .u_boot_list_2_uclass_driver_2_serial
                0x00000000000111b8       0x88 drivers/serial/serial-uclass.o
                0x00000000000111b8                _u_boot_list_2_uclass_driver_2_serial
 .u_boot_list_2_uclass_driver_2_simple_bus
                0x0000000000011240       0x88 drivers/core/simple-bus.o