console.c:289:12:console_tstc	80	static
console.c:311:13:console_putc	64	static
console.c:348:13:console_puts	64	static
console.c:590:13:pre_console_putc	0	static
console.c:27:12:on_console	48	static
console.c:330:13:console_puts_select	80	static
console.c:253:13:console_needs_start_stop	64	static
console.c:449:5:serial_printf	1344	static
console.c:273:12:console_getc.isra.0	32	static
console.c:641:6:putc	16	static
console.c:564:5:tstc	0	static
console.c:541:5:getchar	32	static
console.c:682:6:puts	32	static
console.c:607:13:print_pre_console_buffer	4128	static
console.c:343:6:console_puts_select_stderr	0	static
console.c:421:5:console_start	32	static
console.c:438:6:console_stop	32	static
console.c:467:5:fgetc	32	static
console.c:500:5:ftstc	0	static
console.c:508:6:fputc	0	static
console.c:514:6:fputs	0	static
console.c:520:5:fprintf	1328	static
console.c:771:5:ctrlc	16	static
console.c:790:5:confirm_yesno	64	static
console.c:817:5:disable_ctrlc	0	static
console.c:825:5:had_ctrlc	0	static
console.c:830:6:clear_ctrlc	0	static
console.c:837:19:console_search_dev	32	static
console.c:853:5:console_assign	32	static
console.c:891:5:console_announce_r	0	static
console.c:905:5:console_init_f	16	static
console.c:916:6:stdio_print_current_devices	32	static
console.c:943:5:console_init_r	64	static
