regulator-uclass.c:325:13:regulator_show	48	static
regulator-uclass.c:433:12:regulator_pre_probe	32	static
regulator-uclass.c:407:12:regulator_post_bind	64	static
regulator-uclass.c:16:5:regulator_mode	32	static
regulator-uclass.c:30:5:regulator_get_value	32	static
regulator-uclass.c:82:5:regulator_set_suspend_value	48	static
regulator-uclass.c:99:5:regulator_get_suspend_value	32	static
regulator-uclass.c:113:5:regulator_set_value_force	32	static
regulator-uclass.c:123:5:regulator_get_current	32	static
regulator-uclass.c:133:5:regulator_set_current	48	static
regulator-uclass.c:150:5:regulator_get_enable	32	static
regulator-uclass.c:51:5:regulator_set_value	64	static
regulator-uclass.c:160:5:regulator_set_enable	64	static
regulator-uclass.c:191:5:regulator_set_enable_if_allowed	16	static
regulator-uclass.c:202:5:regulator_set_suspend_enable	32	static
regulator-uclass.c:212:5:regulator_get_suspend_enable	32	static
regulator-uclass.c:222:5:regulator_get_mode	32	static
regulator-uclass.c:232:5:regulator_set_mode	32	static
regulator-uclass.c:242:5:regulator_get_by_platname	48	static
regulator-uclass.c:269:5:regulator_get_by_devname	0	static
regulator-uclass.c:274:5:device_get_supply_regulator	0	static
regulator-uclass.c:281:5:regulator_autoset	32	static
regulator-uclass.c:314:5:regulator_unset	32	static
regulator-uclass.c:342:5:regulator_autoset_by_name	48	static
regulator-uclass.c:358:5:regulator_list_autoset	96	static
regulator-uclass.c:484:5:regulators_enable_boot_on	48	static
regulator-uclass.c:510:5:regulators_enable_boot_off	48	static
