rk8xx.c:946:12:switch_set_suspend_value	0	static
rk8xx.c:951:12:switch_get_suspend_value	0	static
rk8xx.c:769:12:buck_get_suspend_enable	32	static
rk8xx.c:776:12:buck_get_enable	48	static
rk8xx.c:875:12:ldo_get_suspend_enable	32	static
rk8xx.c:882:12:ldo_get_enable	48	static
rk8xx.c:986:12:switch_get_suspend_enable	32	static
rk8xx.c:919:12:switch_get_enable	32	static
rk8xx.c:762:12:buck_set_suspend_enable	48	static
rk8xx.c:868:12:ldo_set_suspend_enable	48	static
rk8xx.c:956:12:switch_set_suspend_enable	32	static
rk8xx.c:889:12:switch_set_enable	32	static
rk8xx.c:302:12:_buck_set_enable	48	static
rk8xx.c:755:12:buck_set_enable	0	static
rk8xx.c:861:12:ldo_set_enable	48	static
rk8xx.c:1035:12:rk8xx_buck_probe	16	static
rk8xx.c:1047:12:rk8xx_ldo_probe	16	static
rk8xx.c:1059:12:rk8xx_switch_probe	16	static
rk8xx.c:219:37:get_buck_reg	32	static
rk8xx.c:728:12:buck_get_suspend_value	48	static
rk8xx.c:702:12:buck_get_value	48	static
rk8xx.c:748:12:buck_set_suspend_value	32	static
rk8xx.c:275:12:_buck_set_value	48	static
rk8xx.c:721:12:buck_set_value	0	static
rk8xx.c:501:37:get_ldo_reg	32	static
rk8xx.c:842:12:ldo_get_suspend_value	48	static
rk8xx.c:783:12:ldo_get_value	48	static
rk8xx.c:821:12:ldo_set_suspend_value	32	static
rk8xx.c:800:12:ldo_set_value	32	static
rk8xx.c:1030:12:switch_set_value	0	static
rk8xx.c:1025:12:switch_get_value	0	static
rk8xx.c:1126:5:rk8xx_spl_configure_buck	32	static
rk8xx.c:1137:5:rk818_spl_configure_usb_input_current	0	static
rk8xx.c:1148:5:rk818_spl_configure_usb_chrg_shutdown	0	static
