reset-uclass.c:36:12:reset_get_by_index_tail.isra.0.part.0	64	static
reset-uclass.c:78:5:reset_get_by_index	112	static
reset-uclass.c:91:5:reset_get_by_index_nodev	112	static
reset-uclass.c:145:5:reset_get_by_name	32	static
reset-uclass.c:163:5:reset_request	0	static
reset-uclass.c:172:5:reset_free	0	static
reset-uclass.c:181:5:reset_assert	0	static
reset-uclass.c:190:5:reset_assert_bulk	32	static
reset-uclass.c:203:5:reset_deassert	0	static
reset-uclass.c:212:5:reset_deassert_bulk	32	static
reset-uclass.c:225:5:reset_status	0	static
reset-uclass.c:234:5:reset_release_all	48	static
reset-uclass.c:104:12:__reset_get_bulk.isra.0	64	static
reset-uclass.c:140:5:reset_get_bulk	0	static
reset-uclass.c:262:19:devm_reset_control_get_by_index	48	static
reset-uclass.c:281:19:devm_reset_control_get	48	static
reset-uclass.c:299:19:devm_reset_control_get_optional	16	static
reset-uclass.c:317:24:devm_reset_bulk_get_by_node	32	static
reset-uclass.c:337:24:devm_reset_bulk_get_optional_by_node	16	static
reset-uclass.c:350:24:devm_reset_bulk_get	0	static
reset-uclass.c:355:24:devm_reset_bulk_get_optional	0	static
