efi_file.c:743:28:efi_file_getpos	32	static
efi_file.c:1027:28:efi_file_flush_ex	32	static
efi_file.c:56:12:set_blk_dev.isra.0	0	static
efi_file.c:175:32:file_open	112	static
efi_file.c:1127:1:efi_open_volume	32	static
efi_file.c:379:28:efi_file_delete	32	static
efi_file.c:249:21:efi_file_open_int	32	static
efi_file.c:337:28:efi_file_open_ex	64	static
efi_file.c:308:28:efi_file_open	64	static
efi_file.c:633:21:efi_file_write_int	64	static
efi_file.c:710:28:efi_file_write_ex	32	static
efi_file.c:685:28:efi_file_write	48	static
efi_file.c:400:21:efi_get_file_size	32	static
efi_file.c:803:28:efi_file_getinfo	208	static
efi_file.c:771:28:efi_file_setpos	48	static
efi_file.c:550:21:efi_file_read_int	96	static
efi_file.c:610:28:efi_file_read_ex	32	static
efi_file.c:586:28:efi_file_read	48	static
efi_file.c:372:28:efi_file_close	32	static
efi_file.c:1004:28:efi_file_flush	32	static
efi_file.c:904:28:efi_file_setinfo	80	static
efi_file.c:420:14:efi_file_size	64	static
efi_file.c:1074:25:efi_file_from_path	64	static
efi_file.c:1140:1:efi_simple_file_system	48	static
