Archive member included to satisfy reference by file (symbol)

arch/arm/mach-rockchip/sdram.o
                              (--whole-archive)
arch/arm/mach-rockchip/rk3399/clk_rk3399.o
                              (--whole-archive)
arch/arm/mach-rockchip/rk3399/rk3399.o
                              (--whole-archive)
arch/arm/mach-rockchip/rk3399/syscon_rk3399.o
                              (--whole-archive)
arch/arm/mach-rockchip/bootrom.o
                              (--whole-archive)
arch/arm/mach-rockchip/tpl.o  (--whole-archive)
arch/arm/cpu/armv8/cpu.o      (--whole-archive)
arch/arm/cpu/armv8/generic_timer.o
                              (--whole-archive)
arch/arm/cpu/armv8/cache_v8.o
                              (--whole-archive)
arch/arm/cpu/armv8/cache.o    (--whole-archive)
arch/arm/cpu/armv8/tlb.o      (--whole-archive)
arch/arm/cpu/armv8/transition.o
                              (--whole-archive)
arch/arm/cpu/armv8/fwcall.o   (--whole-archive)
arch/arm/cpu/armv8/cpu-dt.o   (--whole-archive)
arch/arm/cpu/armv8/smccc-call.o
                              (--whole-archive)
arch/arm/lib/crt0_64.o        (--whole-archive)
arch/arm/lib/setjmp_aarch64.o
                              (--whole-archive)
arch/arm/lib/spl.o            (--whole-archive)
arch/arm/lib/zimage.o         (--whole-archive)
arch/arm/lib/bootm-fdt.o      (--whole-archive)
arch/arm/lib/bdinfo.o         (--whole-archive)
arch/arm/lib/sections.o       (--whole-archive)
arch/arm/lib/stack.o          (--whole-archive)
arch/arm/lib/interrupts_64.o  (--whole-archive)
arch/arm/lib/cache.o          (--whole-archive)
arch/arm/lib/psci-dt.o        (--whole-archive)
board/rockchip/evb_rk3399/evb-rk3399.o
                              (--whole-archive)
common/spl/spl.o              (--whole-archive)
common/spl/spl_bootrom.o      (--whole-archive)
common/init/board_init.o      (--whole-archive)
common/common_fit.o           (--whole-archive)
common/fdt_support.o          (--whole-archive)
common/bouncebuf.o            (--whole-archive)
common/console.o              (--whole-archive)
common/dlmalloc.o             (--whole-archive)
common/malloc_simple.o        (--whole-archive)
common/image.o                (--whole-archive)
common/image-fdt.o            (--whole-archive)
common/memsize.o              (--whole-archive)
common/stdio.o                (--whole-archive)
common/cli.o                  (--whole-archive)
common/command.o              (--whole-archive)
common/s_record.o             (--whole-archive)
common/xyzModem.o             (--whole-archive)
cmd/nvedit.o                  (--whole-archive)
lib/hash-checksum.o           (--whole-archive)
lib/sha1.o                    (--whole-archive)
lib/sha256.o                  (--whole-archive)
lib/libfdt/fdt.o              (--whole-archive)
lib/libfdt/fdt_ro.o           (--whole-archive)
lib/libfdt/fdt_wip.o          (--whole-archive)
lib/libfdt/fdt_strerror.o     (--whole-archive)
lib/libfdt/fdt_sw.o           (--whole-archive)
lib/libfdt/fdt_rw.o           (--whole-archive)
lib/libfdt/fdt_empty_tree.o   (--whole-archive)
lib/libfdt/fdt_addresses.o    (--whole-archive)
lib/fdtdec_common.o           (--whole-archive)
lib/fdtdec.o                  (--whole-archive)
lib/net_utils.o               (--whole-archive)
lib/qsort.o                   (--whole-archive)
lib/hashtable.o               (--whole-archive)
lib/errno.o                   (--whole-archive)
lib/display_options.o         (--whole-archive)
lib/crc32.o                   (--whole-archive)
lib/ctype.o                   (--whole-archive)
lib/div64.o                   (--whole-archive)
lib/hang.o                    (--whole-archive)
lib/linux_compat.o            (--whole-archive)
lib/linux_string.o            (--whole-archive)
lib/lmb.o                     (--whole-archive)
lib/membuff.o                 (--whole-archive)
lib/slre.o                    (--whole-archive)
lib/string.o                  (--whole-archive)
lib/tables_csum.o             (--whole-archive)
lib/time.o                    (--whole-archive)
lib/hexdump.o                 (--whole-archive)
lib/uuid.o                    (--whole-archive)
lib/rand.o                    (--whole-archive)
lib/panic.o                   (--whole-archive)
lib/tiny-printf.o             (--whole-archive)
lib/strto.o                   (--whole-archive)
lib/date.o                    (--whole-archive)
lib/elf.o                     (--whole-archive)
drivers/clk/clk-uclass.o      (--whole-archive)
drivers/clk/clk_fixed_rate.o  (--whole-archive)
drivers/clk/clk_fixed_factor.o
                              (--whole-archive)
drivers/clk/rockchip/clk_pll.o
                              (--whole-archive)
drivers/clk/rockchip/clk_rk3399.o
                              (--whole-archive)
drivers/core/device.o         (--whole-archive)
drivers/core/fdtaddr.o        (--whole-archive)
drivers/core/lists.o          (--whole-archive)
drivers/core/root.o           (--whole-archive)
[...]
Memory Configuration

Name             Origin             Length             Attributes
*default*        0x0000000000000000 0xffffffffffffffff

Linker script and memory map

                0x0000000000000000                . = 0x0

.text           0x00000000ff8c2000     0x85c4
                0x00000000ff8c2000                . = ALIGN (0x8)
 *(.__image_copy_start)
 arch/arm/cpu/armv8/start.o(.text*)
 .text          0x00000000ff8c2000       0xe8 arch/arm/cpu/armv8/start.o
                0x00000000ff8c2000                _start
                0x00000000ff8c2008                _TEXT_BASE
                0x00000000ff8c2010                _end_ofs
                0x00000000ff8c2018                _bss_start_ofs
                0x00000000ff8c2020                _bss_end_ofs
                0x00000000ff8c202c                save_boot_params_ret
                0x00000000ff8c2088                apply_core_errata
                0x00000000ff8c20c4                lowlevel_init
                0x00000000ff8c20d0                smp_kick_all_cpus
                0x00000000ff8c20d4                c_runtime_cpu_setup
 *(.text*)
 .text.dram_init_banksize
                0x00000000ff8c20e8       0x38 arch/arm/mach-rockchip/sdram.o
                0x00000000ff8c20e8                dram_init_banksize
 .text.rockchip_get_cru
                0x00000000ff8c2120       0x3c arch/arm/mach-rockchip/rk3399/clk_rk3399.o
                0x00000000ff8c2120                rockchip_get_cru
 .text.rockchip_get_pmucru
                0x00000000ff8c215c       0x3c arch/arm/mach-rockchip/rk3399/clk_rk3399.o
                0x00000000ff8c215c                rockchip_get_pmucru
 .text.rockchip_stimer_init
                0x00000000ff8c2198       0x58 arch/arm/mach-rockchip/rk3399/rk3399.o
                0x00000000ff8c2198                rockchip_stimer_init
 .text.board_debug_uart_init
                0x00000000ff8c21f0       0x3c arch/arm/mach-rockchip/rk3399/rk3399.o
                0x00000000ff8c21f0                board_debug_uart_init
 .text.back_to_bootrom
                0x00000000ff8c222c       0x34 arch/arm/mach-rockchip/bootrom.o
                0x00000000ff8c222c                back_to_bootrom
 .text.save_boot_params
                0x00000000ff8c2260       0x90 arch/arm/mach-rockchip/bootrom.o
                0x00000000ff8c2260                save_boot_params
 .text.board_init_f
                0x00000000ff8c22f0       0x58 arch/arm/mach-rockchip/tpl.o
                0x00000000ff8c22f0                board_init_f
 .text.board_return_to_bootrom
                0x00000000ff8c2348       0x1c arch/arm/mach-rockchip/tpl.o
                0x00000000ff8c2348                board_return_to_bootrom
 .text.spl_boot_device
                0x00000000ff8c2364        0x8 arch/arm/mach-rockchip/tpl.o
                0x00000000ff8c2364                spl_boot_device
 .text.get_tbclk
                0x00000000ff8c236c        0x8 arch/arm/cpu/armv8/generic_timer.o
                0x00000000ff8c236c                get_tbclk
 .text.get_ticks
                0x00000000ff8c2374       0x10 arch/arm/cpu/armv8/generic_timer.o
                0x00000000ff8c2374                get_ticks
 .text.flush_dcache_range
                0x00000000ff8c2384        0x4 arch/arm/cpu/armv8/cache_v8.o
                0x00000000ff8c2384                flush_dcache_range
 .text.__asm_flush_dcache_range
                0x00000000ff8c2388       0x34 arch/arm/cpu/armv8/cache.o
                0x00000000ff8c2388                __asm_flush_dcache_range
 *fill*         0x00000000ff8c23bc        0x4 
 .text          0x00000000ff8c23c0       0x78 arch/arm/lib/crt0_64.o
                0x00000000ff8c23c0                _main
 .text.setjmp   0x00000000ff8c2438       0x28 arch/arm/lib/setjmp_aarch64.o
                0x00000000ff8c2438                setjmp
 .text.longjmp  0x00000000ff8c2460       0x2c arch/arm/lib/setjmp_aarch64.o
                0x00000000ff8c2460                longjmp
 .text.show_boot_progress
                0x00000000ff8c248c        0x4 common/spl/spl.o
                0x00000000ff8c248c                show_boot_progress
 .text.spl_perform_fixups
                0x00000000ff8c2490        0x4 common/spl/spl.o
                0x00000000ff8c2490                spl_perform_fixups
 .text.spl_board_prepare_for_boot
                0x00000000ff8c2494        0x4 common/spl/spl.o
                0x00000000ff8c2494                spl_board_prepare_for_boot
 .text.jump_to_image_no_args
                0x00000000ff8c2498       0x10 common/spl/spl.o
                0x00000000ff8c2498                jump_to_image_no_args
 .text.spl_set_bd
                0x00000000ff8c24a8       0x18 common/spl/spl.o
                0x00000000ff8c24a8                spl_set_bd
 .text.spl_early_init
                0x00000000ff8c24c0       0x44 common/spl/spl.o
                0x00000000ff8c24c0                spl_early_init
 .text.spl_init
                0x00000000ff8c2504       0x58 common/spl/spl.o
                0x00000000ff8c2504                spl_init
 .text.board_boot_order
                0x00000000ff8c255c       0x24 common/spl/spl.o
                0x00000000ff8c255c                board_boot_order
 .text.board_init_r
                0x00000000ff8c2580      0x154 common/spl/spl.o
                0x00000000ff8c2580                board_init_r
 .text.spl_relocate_stack_gd
                0x00000000ff8c26d4       0x50 common/spl/spl.o
                0x00000000ff8c26d4                spl_relocate_stack_gd
 .text.spl_return_to_bootrom
                0x00000000ff8c2724        0x4 common/spl/spl_bootrom.o
 .text.board_init_f_alloc_reserve
                0x00000000ff8c2728       0x10 common/init/board_init.o
                0x00000000ff8c2728                board_init_f_alloc_reserve
 .text.board_init_f_init_reserve
                0x00000000ff8c2738       0x30 common/init/board_init.o
                0x00000000ff8c2738                board_init_f_init_reserve
 .text.console_puts_select.part.0
                0x00000000ff8c2768       0x18 common/console.o
 .text.putc     0x00000000ff8c2780       0x48 common/console.o
                0x00000000ff8c2780                putc
 .text.puts     0x00000000ff8c27c8       0x70 common/console.o
                0x00000000ff8c27c8                puts
 .text.alloc_simple
                0x00000000ff8c2838       0x6c common/malloc_simple.o
 .text.malloc_simple
                0x00000000ff8c28a4        0x8 common/malloc_simple.o
                0x00000000ff8c28a4                malloc_simple
 .text.memalign_simple
                0x00000000ff8c28ac       0x10 common/malloc_simple.o
                0x00000000ff8c28ac                memalign_simple
 .text.calloc   0x00000000ff8c28bc       0x3c common/malloc_simple.o
                0x00000000ff8c28bc                calloc
 .text.fdt_check_header
                0x00000000ff8c28f8       0x1c lib/libfdt/fdt.o
                0x00000000ff8c28f8                fdt_check_header
 .text.fdt_offset_ptr
                0x00000000ff8c2914       0x38 lib/libfdt/fdt.o
                0x00000000ff8c2914                fdt_offset_ptr
 .text.fdt_next_tag
                0x00000000ff8c294c       0xc0 lib/libfdt/fdt.o
                0x00000000ff8c294c                fdt_next_tag
 .text.fdt_check_node_offset_
                0x00000000ff8c2a0c       0x40 lib/libfdt/fdt.o
                0x00000000ff8c2a0c                fdt_check_node_offset_
 .text.fdt_check_prop_offset_
                0x00000000ff8c2a4c       0x40 lib/libfdt/fdt.o
                0x00000000ff8c2a4c                fdt_check_prop_offset_
 .text.fdt_next_node
                0x00000000ff8c2a8c       0xb0 lib/libfdt/fdt.o
                0x00000000ff8c2a8c                fdt_next_node
 .text.fdt_first_subnode
                0x00000000ff8c2b3c       0x34 lib/libfdt/fdt.o
                0x00000000ff8c2b3c                fdt_first_subnode
 .text.fdt_next_subnode
                0x00000000ff8c2b70       0x50 lib/libfdt/fdt.o
                0x00000000ff8c2b70                fdt_next_subnode
 .text.fdt_get_property_by_offset_
                0x00000000ff8c2bc0       0x24 lib/libfdt/fdt_ro.o
 .text.nextprop_
                0x00000000ff8c2be4       0x64 lib/libfdt/fdt_ro.o
 .text.fdt_get_string
                0x00000000ff8c2c48       0x40 lib/libfdt/fdt_ro.o
                0x00000000ff8c2c48                fdt_get_string
 .text.fdt_get_name
                0x00000000ff8c2c88       0x44 lib/libfdt/fdt_ro.o
                0x00000000ff8c2c88                fdt_get_name
 .text.fdt_subnode_offset_namelen
                0x00000000ff8c2ccc       0xc8 lib/libfdt/fdt_ro.o
                0x00000000ff8c2ccc                fdt_subnode_offset_namelen
 .text.fdt_first_property_offset
                0x00000000ff8c2d94       0x38 lib/libfdt/fdt_ro.o
                0x00000000ff8c2d94                fdt_first_property_offset
 .text.fdt_next_property_offset
                0x00000000ff8c2dcc       0x38 lib/libfdt/fdt_ro.o
                0x00000000ff8c2dcc                fdt_next_property_offset
 .text.fdt_get_property_namelen_
                0x00000000ff8c2e04       0xc8 lib/libfdt/fdt_ro.o
 .text.fdt_getprop_namelen
                0x00000000ff8c2ecc       0x20 lib/libfdt/fdt_ro.o
                0x00000000ff8c2ecc                fdt_getprop_namelen
 .text.fdt_getprop
                0x00000000ff8c2eec       0x4c lib/libfdt/fdt_ro.o
                0x00000000ff8c2eec                fdt_getprop
 .text.fdt_get_phandle
                0x00000000ff8c2f38       0x78 lib/libfdt/fdt_ro.o
                0x00000000ff8c2f38                fdt_get_phandle
 .text.fdt_get_alias_namelen
                0x00000000ff8c2fb0       0x64 lib/libfdt/fdt_ro.o
                0x00000000ff8c2fb0                fdt_get_alias_namelen
 .text.fdt_path_offset_namelen
                0x00000000ff8c3014       0xf0 lib/libfdt/fdt_ro.o
                0x00000000ff8c3014                fdt_path_offset_namelen
 .text.fdt_path_offset
                0x00000000ff8c3104       0x34 lib/libfdt/fdt_ro.o
                0x00000000ff8c3104                fdt_path_offset
 .text.fdt_supernode_atdepth_offset
                0x00000000ff8c3138       0xa0 lib/libfdt/fdt_ro.o
                0x00000000ff8c3138                fdt_supernode_atdepth_offset
 .text.fdt_node_depth
                0x00000000ff8c31d8       0x24 lib/libfdt/fdt_ro.o
                0x00000000ff8c31d8                fdt_node_depth
 .text.fdt_parent_offset
                0x00000000ff8c31fc       0x44 lib/libfdt/fdt_ro.o
                0x00000000ff8c31fc                fdt_parent_offset
 .text.fdt_node_offset_by_phandle
                0x00000000ff8c3240       0x78 lib/libfdt/fdt_ro.o
                0x00000000ff8c3240                fdt_node_offset_by_phandle
 .text.fdt_stringlist_get
                0x00000000ff8c32b8       0xb4 lib/libfdt/fdt_ro.o
                0x00000000ff8c32b8                fdt_stringlist_get
 .text.fdt_cells
                0x00000000ff8c336c       0x48 lib/libfdt/fdt_addresses.o
 .text.fdt_address_cells
                0x00000000ff8c33b4       0x34 lib/libfdt/fdt_addresses.o
                0x00000000ff8c33b4                fdt_address_cells
 .text.fdt_size_cells
                0x00000000ff8c33e8       0x28 lib/libfdt/fdt_addresses.o
                0x00000000ff8c33e8                fdt_size_cells
 .text.fdtdec_get_int
                0x00000000ff8c3410       0x40 lib/fdtdec_common.o
                0x00000000ff8c3410                fdtdec_get_int
 .text.get_prop_check_min_len
                0x00000000ff8c3450       0x48 lib/fdtdec.o
 .text.fdtdec_get_is_enabled
                0x00000000ff8c3498       0x40 lib/fdtdec.o
                0x00000000ff8c3498                fdtdec_get_is_enabled
 .text.fdtdec_prepare_fdt
                0x00000000ff8c34d8       0x44 lib/fdtdec.o
                0x00000000ff8c34d8                fdtdec_prepare_fdt
 .text.fdtdec_get_int_array
                0x00000000ff8c351c       0x60 lib/fdtdec.o
                0x00000000ff8c351c                fdtdec_get_int_array
 .text.fdtdec_parse_phandle_with_args
                0x00000000ff8c357c      0x150 lib/fdtdec.o
                0x00000000ff8c357c                fdtdec_parse_phandle_with_args
 .text.fdtdec_get_number
                0x00000000ff8c36cc       0x30 lib/fdtdec.o
                0x00000000ff8c36cc                fdtdec_get_number
 .text.fdtdec_get_addr_size_fixed
                0x00000000ff8c36fc       0x94 lib/fdtdec.o
                0x00000000ff8c36fc                fdtdec_get_addr_size_fixed
 .text.fdtdec_get_addr_size_auto_parent
                0x00000000ff8c3790       0xa8 lib/fdtdec.o
                0x00000000ff8c3790                fdtdec_get_addr_size_auto_parent
 .text.board_fdt_blob_setup
                0x00000000ff8c3838        0xc lib/fdtdec.o
                0x00000000ff8c3838                board_fdt_blob_setup
 .text.fdtdec_board_setup
                0x00000000ff8c3844        0x8 lib/fdtdec.o
                0x00000000ff8c3844                fdtdec_board_setup
 .text.fdtdec_setup
                0x00000000ff8c384c       0x3c lib/fdtdec.o
                0x00000000ff8c384c                fdtdec_setup
 .text.hang     0x00000000ff8c3888       0x20 lib/hang.o
                0x00000000ff8c3888                hang
 .text.strcmp   0x00000000ff8c38a8       0x28 lib/string.o
                0x00000000ff8c38a8                strcmp
 .text.strlen   0x00000000ff8c38d0       0x1c lib/string.o
                0x00000000ff8c38d0                strlen
 .text.strnlen  0x00000000ff8c38ec       0x28 lib/string.o
                0x00000000ff8c38ec                strnlen
 .text.memset   0x00000000ff8c3914       0x1c lib/string.o
                0x00000000ff8c3914                memset
 .text.memcpy   0x00000000ff8c3930       0x68 lib/string.o
                0x00000000ff8c3930                memcpy
 .text.memcmp   0x00000000ff8c3998       0x30 lib/string.o
                0x00000000ff8c3998                memcmp
 .text.memchr   0x00000000ff8c39c8       0x30 lib/string.o
                0x00000000ff8c39c8                memchr
 .text.timer_init
                0x00000000ff8c39f8        0x8 lib/time.o
                0x00000000ff8c39f8                timer_init
 .text.usec_to_tick
                0x00000000ff8c3a00       0x30 lib/time.o
                0x00000000ff8c3a00                usec_to_tick
 .text.__udelay
                0x00000000ff8c3a30       0x40 lib/time.o
                0x00000000ff8c3a30                __udelay
 .text.udelay   0x00000000ff8c3a70       0x44 lib/time.o
                0x00000000ff8c3a70                udelay
 .text.putc_normal
                0x00000000ff8c3ab4        0x8 lib/tiny-printf.o
 .text.div_out  0x00000000ff8c3abc       0x60 lib/tiny-printf.o
 .text._vprintf
                0x00000000ff8c3b1c      0x478 lib/tiny-printf.o
 .text.printf   0x00000000ff8c3f94       0x8c lib/tiny-printf.o
                0x00000000ff8c3f94                printf
 .text.clk_request
                0x00000000ff8c4020       0x30 drivers/clk/clk-uclass.o
                0x00000000ff8c4020                clk_request
 .text.clk_get_by_index_tail.isra.0.part.0
                0x00000000ff8c4050       0x94 drivers/clk/clk-uclass.o
 .text.clk_get_by_index
                0x00000000ff8c40e4       0x54 drivers/clk/clk-uclass.o
                0x00000000ff8c40e4                clk_get_by_index
 .text.clk_get_by_indexed_prop.isra.0
                0x00000000ff8c4138       0x50 drivers/clk/clk-uclass.o
 .text.clk_get_rate
                0x00000000ff8c4188       0x50 drivers/clk/clk-uclass.o
                0x00000000ff8c4188                clk_get_rate
 .text.clk_set_rate
                0x00000000ff8c41d8       0x34 drivers/clk/clk-uclass.o
                0x00000000ff8c41d8                clk_set_rate
 .text.clk_set_parent
                0x00000000ff8c420c       0x34 drivers/clk/clk-uclass.o
                0x00000000ff8c420c                clk_set_parent
 .text.clk_set_defaults
                0x00000000ff8c4240      0x230 drivers/clk/clk-uclass.o
                0x00000000ff8c4240                clk_set_defaults
 .text.clk_uclass_post_probe
                0x00000000ff8c4470       0x1c drivers/clk/clk-uclass.o
                0x00000000ff8c4470                clk_uclass_post_probe
 .text.dummy_enable
                0x00000000ff8c448c        0x8 drivers/clk/clk_fixed_rate.o
 .text.clk_fixed_rate_get_rate
                0x00000000ff8c4494       0x1c drivers/clk/clk_fixed_rate.o
 .text.clk_fixed_rate_ofdata_to_plat_
                0x00000000ff8c44b0       0x50 drivers/clk/clk_fixed_rate.o
                0x00000000ff8c44b0                clk_fixed_rate_ofdata_to_plat_
 .text.clk_fixed_rate_of_to_plat
                0x00000000ff8c4500       0x30 drivers/clk/clk_fixed_rate.o
 .text.clk_fixed_factor_get_rate
                0x00000000ff8c4530       0x40 drivers/clk/clk_fixed_factor.o
 .text.clk_fixed_factor_of_to_plat
                0x00000000ff8c4570       0x78 drivers/clk/clk_fixed_factor.o
 .text.rk3399_mmc_get_clk
                0x00000000ff8c45e8       0x70 drivers/clk/rockchip/clk_rk3399.o
 .text.rk3399_pmuclk_probe
                0x00000000ff8c4658        0x8 drivers/clk/rockchip/clk_rk3399.o
 .text.rkclk_set_pll
                0x00000000ff8c4660       0x98 drivers/clk/rockchip/clk_rk3399.o
 .text.rk3399_clk_disable
                0x00000000ff8c46f8      0x2b4 drivers/clk/rockchip/clk_rk3399.o
 .text.rk3399_clk_enable
                0x00000000ff8c49ac      0x2b4 drivers/clk/rockchip/clk_rk3399.o
 .text.rk3399_i2c_get_clk
                0x00000000ff8c4c60       0x9c drivers/clk/rockchip/clk_rk3399.o
 .text.rk3399_pmuclk_set_rate
                0x00000000ff8c4cfc       0xc0 drivers/clk/rockchip/clk_rk3399.o
 .text.rk3399_pmuclk_get_rate
                0x00000000ff8c4dbc       0xc0 drivers/clk/rockchip/clk_rk3399.o
 .text.rk3399_clk_of_to_plat
                0x00000000ff8c4e7c       0x34 drivers/clk/rockchip/clk_rk3399.o
 .text.rk3399_pmuclk_of_to_plat
                0x00000000ff8c4eb0       0x34 drivers/clk/rockchip/clk_rk3399.o
 .text.rk3399_clk_bind
                0x00000000ff8c4ee4       0x54 drivers/clk/rockchip/clk_rk3399.o
 .text.rk3399_clk_set_parent
                0x00000000ff8c4f38       0xc8 drivers/clk/rockchip/clk_rk3399.o
 .text.rk3399_spi_get_clk
                0x00000000ff8c5000       0x80 drivers/clk/rockchip/clk_rk3399.o
 .text.rk3399_clk_get_rate
                0x00000000ff8c5080      0x18c drivers/clk/rockchip/clk_rk3399.o
 .text.rk3399_pmuclk_bind
                0x00000000ff8c520c        0x8 drivers/clk/rockchip/clk_rk3399.o
 .text.rk3399_clk_set_rate
                0x00000000ff8c5214      0x6e4 drivers/clk/rockchip/clk_rk3399.o
 .text.rk3399_configure_cpu_l
                0x00000000ff8c58f8       0x4c drivers/clk/rockchip/clk_rk3399.o
                0x00000000ff8c58f8                rk3399_configure_cpu_l
 .text.rk3399_configure_cpu_b
                0x00000000ff8c5944       0x4c drivers/clk/rockchip/clk_rk3399.o
                0x00000000ff8c5944                rk3399_configure_cpu_b
 .text.rk3399_clk_probe
                0x00000000ff8c5990       0xb0 drivers/clk/rockchip/clk_rk3399.o
 .text.alloc_priv
                0x00000000ff8c5a40       0x64 drivers/core/device.o
 .text.device_bind_common.isra.0
                0x00000000ff8c5aa4      0x22c drivers/core/device.o
 .text.device_bind_with_driver_data
                0x00000000ff8c5cd0       0x14 drivers/core/device.o
                0x00000000ff8c5cd0                device_bind_with_driver_data
 .text.device_bind_by_name
                0x00000000ff8c5ce4       0x7c drivers/core/device.o
                0x00000000ff8c5ce4                device_bind_by_name
 .text.device_of_to_plat
                0x00000000ff8c5d60      0x118 drivers/core/device.o
                0x00000000ff8c5d60                device_of_to_plat
 .text.device_probe
                0x00000000ff8c5e78       0xe8 drivers/core/device.o
                0x00000000ff8c5e78                device_probe
 .text.dev_get_plat
                0x00000000ff8c5f60        0xc drivers/core/device.o
                0x00000000ff8c5f60                dev_get_plat
 .text.dev_get_uclass_plat
                0x00000000ff8c5f6c        0xc drivers/core/device.o
                0x00000000ff8c5f6c                dev_get_uclass_plat
 .text.dev_get_priv
                0x00000000ff8c5f78        0xc drivers/core/device.o
                0x00000000ff8c5f78                dev_get_priv
 .text.dev_get_uclass_priv
                0x00000000ff8c5f84        0xc drivers/core/device.o
                0x00000000ff8c5f84                dev_get_uclass_priv
 .text.dev_get_driver_data
                0x00000000ff8c5f90        0x8 drivers/core/device.o
                0x00000000ff8c5f90                dev_get_driver_data
 .text.device_get_uclass_id
                0x00000000ff8c5f98       0x10 drivers/core/device.o
                0x00000000ff8c5f98                device_get_uclass_id
 .text.dev_set_priv
                0x00000000ff8c5fa8        0x8 drivers/core/device.o
                0x00000000ff8c5fa8                dev_set_priv
 .text.dev_set_uclass_priv
                0x00000000ff8c5fb0        0x8 drivers/core/device.o
                0x00000000ff8c5fb0                dev_set_uclass_priv
 .text.devfdt_get_addr_index
                0x00000000ff8c5fb8       0x2c drivers/core/fdtaddr.o
                0x00000000ff8c5fb8                devfdt_get_addr_index
 .text.devfdt_get_addr
                0x00000000ff8c5fe4        0x8 drivers/core/fdtaddr.o
                0x00000000ff8c5fe4                devfdt_get_addr
 .text.devfdt_get_addr_ptr
                0x00000000ff8c5fec       0x24 drivers/core/fdtaddr.o
                0x00000000ff8c5fec                devfdt_get_addr_ptr
 .text.devfdt_get_addr_pci
                0x00000000ff8c6010        0x4 drivers/core/fdtaddr.o
                0x00000000ff8c6010                devfdt_get_addr_pci
 .text.lists_driver_lookup_name
                0x00000000ff8c6014       0x78 drivers/core/lists.o
                0x00000000ff8c6014                lists_driver_lookup_name
 .text.lists_uclass_lookup
                0x00000000ff8c608c       0x54 drivers/core/lists.o
                0x00000000ff8c608c                lists_uclass_lookup
 .text.lists_bind_drivers
                0x00000000ff8c60e0       0xc8 drivers/core/lists.o
                0x00000000ff8c60e0                lists_bind_drivers
 .text.device_bind_driver_to_node
                0x00000000ff8c61a8       0x68 drivers/core/lists.o
                0x00000000ff8c61a8                device_bind_driver_to_node
 .text.device_bind_driver
                0x00000000ff8c6210        0xc drivers/core/lists.o
                0x00000000ff8c6210                device_bind_driver
 .text.lists_bind_fdt
                0x00000000ff8c621c      0x17c drivers/core/lists.o
                0x00000000ff8c621c                lists_bind_fdt
 .text.dm_scan_fdt_node
                0x00000000ff8c6398       0xc0 drivers/core/root.o
 .text.dm_fixup_for_gd_move
                0x00000000ff8c6458       0x20 drivers/core/root.o
                0x00000000ff8c6458                dm_fixup_for_gd_move
 .text.dm_init  0x00000000ff8c6478       0x60 drivers/core/root.o
                0x00000000ff8c6478                dm_init
 .text.dm_scan_plat
                0x00000000ff8c64d8       0x28 drivers/core/root.o
                0x00000000ff8c64d8                dm_scan_plat
 .text.dm_scan_fdt_dev
                0x00000000ff8c6500       0x14 drivers/core/root.o
                0x00000000ff8c6500                dm_scan_fdt_dev
 .text.dm_scan_fdt
                0x00000000ff8c6514       0x14 drivers/core/root.o
                0x00000000ff8c6514                dm_scan_fdt
 .text.dm_extended_scan
                0x00000000ff8c6528       0x84 drivers/core/root.o
                0x00000000ff8c6528                dm_extended_scan
 .text.dm_scan_other
                0x00000000ff8c65ac        0x8 drivers/core/root.o
                0x00000000ff8c65ac                dm_scan_other
 .text.dm_init_and_scan
                0x00000000ff8c65b4       0x50 drivers/core/root.o
                0x00000000ff8c65b4                dm_init_and_scan
 .text.uclass_find
                0x00000000ff8c6604       0x50 drivers/core/uclass.o
                0x00000000ff8c6604                uclass_find
 .text.uclass_get
                0x00000000ff8c6654      0x10c drivers/core/uclass.o
                0x00000000ff8c6654                uclass_get
 .text.uclass_find_device
                0x00000000ff8c6760       0x78 drivers/core/uclass.o
                0x00000000ff8c6760                uclass_find_device
 .text.uclass_find_next_free_seq
                0x00000000ff8c67d8       0x38 drivers/core/uclass.o
                0x00000000ff8c67d8                uclass_find_next_free_seq
 .text.uclass_find_device_by_ofnode
                0x00000000ff8c6810       0x78 drivers/core/uclass.o
                0x00000000ff8c6810                uclass_find_device_by_ofnode
 .text.uclass_get_device_by_driver
                0x00000000ff8c6888       0x7c drivers/core/uclass.o
                0x00000000ff8c6888                uclass_get_device_by_driver
 .text.uclass_get_device_tail
                0x00000000ff8c6904       0x40 drivers/core/uclass.o
                0x00000000ff8c6904                uclass_get_device_tail
 .text.uclass_get_device
                0x00000000ff8c6944       0x38 drivers/core/uclass.o
                0x00000000ff8c6944                uclass_get_device
 .text.uclass_get_device_by_ofnode
                0x00000000ff8c697c       0x38 drivers/core/uclass.o
                0x00000000ff8c697c                uclass_get_device_by_ofnode
 .text.uclass_first_device_drvdata
                0x00000000ff8c69b4       0x80 drivers/core/uclass.o
                0x00000000ff8c69b4                uclass_first_device_drvdata
 .text.uclass_bind_device
                0x00000000ff8c6a34       0x70 drivers/core/uclass.o
                0x00000000ff8c6a34                uclass_bind_device
 .text.uclass_pre_probe_device
                0x00000000ff8c6aa4       0x68 drivers/core/uclass.o
                0x00000000ff8c6aa4                uclass_pre_probe_device
 .text.uclass_post_probe_device
                0x00000000ff8c6b0c       0x68 drivers/core/uclass.o
                0x00000000ff8c6b0c                uclass_post_probe_device
 .text.simple_bus_post_bind
                0x00000000ff8c6b74       0x60 drivers/core/simple-bus.o
 .text.regmap_alloc
                0x00000000ff8c6bd4       0x40 drivers/core/regmap.o
 .text.regmap_init_mem
                0x00000000ff8c6c14      0x178 drivers/core/regmap.o
                0x00000000ff8c6c14                regmap_init_mem
 .text.regmap_get_range
                0x00000000ff8c6d8c       0x24 drivers/core/regmap.o
                0x00000000ff8c6d8c                regmap_get_range
 .text.syscon_pre_probe
                0x00000000ff8c6db0       0x4c drivers/core/syscon-uclass.o
 .text.syscon_get_by_driver_data
                0x00000000ff8c6dfc       0x14 drivers/core/syscon-uclass.o
                0x00000000ff8c6dfc                syscon_get_by_driver_data
 .text.syscon_get_regmap_by_driver_data
                0x00000000ff8c6e10       0x30 drivers/core/syscon-uclass.o
                0x00000000ff8c6e10                syscon_get_regmap_by_driver_data
 .text.syscon_get_first_range
                0x00000000ff8c6e40       0x28 drivers/core/syscon-uclass.o
                0x00000000ff8c6e40                syscon_get_first_range
 .text.ofnode_read_u32_index
                0x00000000ff8c6e68       0x70 drivers/core/ofnode.o
                0x00000000ff8c6e68                ofnode_read_u32_index
 .text.ofnode_read_u32_default
                0x00000000ff8c6ed8       0x24 drivers/core/ofnode.o
                0x00000000ff8c6ed8                ofnode_read_u32_default
 .text.ofnode_read_prop
                0x00000000ff8c6efc       0x4c drivers/core/ofnode.o
                0x00000000ff8c6efc                ofnode_read_prop
 .text.ofnode_read_size
                0x00000000ff8c6f48       0x28 drivers/core/ofnode.o
                0x00000000ff8c6f48                ofnode_read_size
 .text.ofnode_read_u32_array
                0x00000000ff8c6f70       0x18 drivers/core/ofnode.o
                0x00000000ff8c6f70                ofnode_read_u32_array
 .text.ofnode_get_parent
                0x00000000ff8c6f88       0x20 drivers/core/ofnode.o
                0x00000000ff8c6f88                ofnode_get_parent
 .text.ofnode_get_name
                0x00000000ff8c6fa8       0x1c drivers/core/ofnode.o
                0x00000000ff8c6fa8                ofnode_get_name
 .text.ofnode_read_string_index
                0x00000000ff8c6fc4       0x48 drivers/core/ofnode.o
                0x00000000ff8c6fc4                ofnode_read_string_index
 .text.ofnode_parse_phandle_with_args
                0x00000000ff8c700c       0x70 drivers/core/ofnode.o
                0x00000000ff8c700c                ofnode_parse_phandle_with_args
 .text.ofnode_count_phandle_with_args
                0x00000000ff8c707c       0x20 drivers/core/ofnode.o
                0x00000000ff8c707c                ofnode_count_phandle_with_args
 .text.ofnode_path
                0x00000000ff8c709c       0x28 drivers/core/ofnode.o
                0x00000000ff8c709c                ofnode_path
 .text.ofnode_get_property
                0x00000000ff8c70c4       0x14 drivers/core/ofnode.o
                0x00000000ff8c70c4                ofnode_get_property
 .text.ofnode_read_bool
                0x00000000ff8c70d8       0x20 drivers/core/ofnode.o
                0x00000000ff8c70d8                ofnode_read_bool
 .text.ofnode_read_simple_addr_cells
                0x00000000ff8c70f8        0xc drivers/core/ofnode.o
                0x00000000ff8c70f8                ofnode_read_simple_addr_cells
 .text.ofnode_read_simple_size_cells
                0x00000000ff8c7104        0xc drivers/core/ofnode.o
                0x00000000ff8c7104                ofnode_read_simple_size_cells
 .text.ofnode_pre_reloc
                0x00000000ff8c7110        0x8 drivers/core/ofnode.o
                0x00000000ff8c7110                ofnode_pre_reloc
 .text.sysreset_post_bind
                0x00000000ff8c7118        0x8 drivers/sysreset/sysreset-uclass.o
 .text.rockchip_sysreset_request
                0x00000000ff8c7120       0x68 drivers/sysreset/sysreset_rockchip.o
                0x00000000ff8c7120                rockchip_sysreset_request
 .text.rkclk_ddr_reset
                0x00000000ff8c7188       0x40 drivers/ram/rockchip/sdram_rk3399.o
 .text.set_memory_map
                0x00000000ff8c71c8      0x144 drivers/ram/rockchip/sdram_rk3399.o
 .text.calculate_ddrconfig
                0x00000000ff8c730c       0x90 drivers/ram/rockchip/sdram_rk3399.o
 .text.get_phy_index_params
                0x00000000ff8c739c        0xc drivers/ram/rockchip/sdram_rk3399.o
                0x00000000ff8c739c                get_phy_index_params
 .text.rk3399_dmc_get_info
                0x00000000ff8c73a8       0x34 drivers/ram/rockchip/sdram_rk3399.o
 .text.rk3399_dmc_of_to_plat
                0x00000000ff8c73dc       0x94 drivers/ram/rockchip/sdram_rk3399.o
 .text.select_per_cs_training_index.isra.0
                0x00000000ff8c7470       0x50 drivers/ram/rockchip/sdram_rk3399.o
 .text.data_training
                0x00000000ff8c74c0      0x598 drivers/ram/rockchip/sdram_rk3399.o
 .text.data_training_first
                0x00000000ff8c7a58       0x18 drivers/ram/rockchip/sdram_rk3399.o
 .text.switch_to_phy_index1
                0x00000000ff8c7a70       0xfc drivers/ram/rockchip/sdram_rk3399.o
 .text.set_ddrconfig.isra.0
                0x00000000ff8c7b6c       0xa8 drivers/ram/rockchip/sdram_rk3399.o
 .text.rk3399_dmc_probe
                0x00000000ff8c7c14     0x10ac drivers/ram/rockchip/sdram_rk3399.o
 .text.lpddr4_get_io_settings.isra.0.constprop.0
                0x00000000ff8c8cc0       0x48 drivers/ram/rockchip/sdram_rk3399.o
 .text.modify_param
                0x00000000ff8c8d08      0x8c8 drivers/ram/rockchip/sdram_rk3399.o
                0x00000000ff8c8d08                modify_param
 .text.sdram_print_dram_type
                0x00000000ff8c95d0       0x6c drivers/ram/rockchip/sdram_common.o
                0x00000000ff8c95d0                sdram_print_dram_type
 .text.sdram_print_stride
                0x00000000ff8c963c       0x6c drivers/ram/rockchip/sdram_common.o
                0x00000000ff8c963c                sdram_print_stride
 .text.sdram_get_cs_cap
                0x00000000ff8c96a8       0x7c drivers/ram/rockchip/sdram_common.o
                0x00000000ff8c96a8                sdram_get_cs_cap
 .text.sdram_print_ddr_info
                0x00000000ff8c9724      0x1b4 drivers/ram/rockchip/sdram_common.o
                0x00000000ff8c9724                sdram_print_ddr_info
 .text.sdram_copy_to_reg
                0x00000000ff8c98d8       0x2c drivers/ram/rockchip/sdram_common.o
                0x00000000ff8c98d8                sdram_copy_to_reg
 .text.sdram_org_config
                0x00000000ff8c9904      0x190 drivers/ram/rockchip/sdram_common.o
                0x00000000ff8c9904                sdram_org_config
 .text.sdram_detect_col
                0x00000000ff8c9a94       0x8c drivers/ram/rockchip/sdram_common.o
                0x00000000ff8c9a94                sdram_detect_col
 .text.sdram_detect_bank
                0x00000000ff8c9b20       0x68 drivers/ram/rockchip/sdram_common.o
                0x00000000ff8c9b20                sdram_detect_bank
 .text.sdram_detect_dbw
                0x00000000ff8c9b88      0x108 drivers/ram/rockchip/sdram_common.o
                0x00000000ff8c9b88                sdram_detect_dbw
 .text.sdram_detect_row
                0x00000000ff8c9c90       0x94 drivers/ram/rockchip/sdram_common.o
                0x00000000ff8c9c90                sdram_detect_row
 .text.sdram_detect_row_3_4
                0x00000000ff8c9d24       0x6c drivers/ram/rockchip/sdram_common.o
                0x00000000ff8c9d24                sdram_detect_row_3_4
 .text.sdram_detect_cs1_row
                0x00000000ff8c9d90       0xe0 drivers/ram/rockchip/sdram_common.o
                0x00000000ff8c9d90                sdram_detect_cs1_row
 .text._serial_putc
                0x00000000ff8c9e70       0x58 drivers/serial/serial-uclass.o
 .text.serial_post_probe
                0x00000000ff8c9ec8       0x24 drivers/serial/serial-uclass.o
 .text.serial_pre_remove
                0x00000000ff8c9eec        0x8 drivers/serial/serial-uclass.o
 .text.serial_putc
                0x00000000ff8c9ef4       0x18 drivers/serial/serial-uclass.o
                0x00000000ff8c9ef4                serial_putc
 .text.serial_puts
                0x00000000ff8c9f0c       0x44 drivers/serial/serial-uclass.o
                0x00000000ff8c9f0c                serial_puts
 .text.ns16550_serial_getinfo
                0x00000000ff8c9f50       0x54 drivers/serial/ns16550.o
 .text.ns16550_serial_of_to_plat
                0x00000000ff8c9fa4      0x144 drivers/serial/ns16550.o
                0x00000000ff8c9fa4                ns16550_serial_of_to_plat
 .text.ns16550_writeb.isra.0
                0x00000000ff8ca0e8       0x24 drivers/serial/ns16550.o
 .text.ns16550_serial_setconfig
                0x00000000ff8ca10c       0x64 drivers/serial/ns16550.o
 .text.ns16550_readb.isra.0
                0x00000000ff8ca170       0x24 drivers/serial/ns16550.o
 .text.ns16550_setbrg
                0x00000000ff8ca194       0x64 drivers/serial/ns16550.o
 .text.ns16550_serial_setbrg
                0x00000000ff8ca1f8       0x40 drivers/serial/ns16550.o
 .text.ns16550_serial_pending
                0x00000000ff8ca238       0x44 drivers/serial/ns16550.o
 .text.ns16550_serial_putc
                0x00000000ff8ca27c       0x50 drivers/serial/ns16550.o
 .text.ns16550_serial_getc
                0x00000000ff8ca2cc       0x3c drivers/serial/ns16550.o
 .text.ns16550_init
                0x00000000ff8ca308       0x80 drivers/serial/ns16550.o
                0x00000000ff8ca308                ns16550_init
 .text.ns16550_serial_probe
                0x00000000ff8ca388       0x88 drivers/serial/ns16550.o
                0x00000000ff8ca388                ns16550_serial_probe
 .text.printch  0x00000000ff8ca410       0x50 drivers/serial/ns16550.o
                0x00000000ff8ca410                printch
 .text.printascii
                0x00000000ff8ca460       0x54 drivers/serial/ns16550.o
                0x00000000ff8ca460                printascii
 .text.printdec
                0x00000000ff8ca4b4       0x94 drivers/serial/ns16550.o
                0x00000000ff8ca4b4                printdec
 .text.debug_uart_init
                0x00000000ff8ca548       0x7c drivers/serial/ns16550.o
                0x00000000ff8ca548                debug_uart_init

.iplt           0x00000000ff8ca5c4        0x0
 .iplt          0x00000000ff8ca5c4        0x0 arch/arm/cpu/armv8/start.o

.rodata         0x00000000ff8ca5c8      0xd24
                0x00000000ff8ca5c8                . = ALIGN (0x8)
 *(SORT_BY_ALIGNMENT(SORT_BY_NAME(.rodata*)))
 .rodata.apll_l_cfgs
                0x00000000ff8ca5c8       0x10 drivers/clk/rockchip/clk_rk3399.o
 .rodata.clk_fixed_factor_match
                0x00000000ff8ca5d8       0x20 drivers/clk/clk_fixed_factor.o
 .rodata.clk_fixed_factor_ops
                0x00000000ff8ca5f8       0x48 drivers/clk/clk_fixed_factor.o
                0x00000000ff8ca5f8                clk_fixed_factor_ops
 .rodata.clk_fixed_rate_match
                0x00000000ff8ca640       0x20 drivers/clk/clk_fixed_rate.o
 .rodata.clk_fixed_rate_ops
                0x00000000ff8ca660       0x48 drivers/clk/clk_fixed_rate.o
                0x00000000ff8ca660                clk_fixed_rate_ops
 .rodata.generic_simple_bus_ids
                0x00000000ff8ca6a8       0x30 drivers/core/simple-bus.o
 .rodata.generic_syscon_ids
                0x00000000ff8ca6d8       0x20 drivers/core/syscon-uclass.o
 .rodata.ns16550_serial_ids
                0x00000000ff8ca6f8       0x60 drivers/serial/ns16550.o
 .rodata.ns16550_serial_ops
                0x00000000ff8ca758       0x40 drivers/serial/ns16550.o
                0x00000000ff8ca758                ns16550_serial_ops
 .rodata.rk3399_clk_ids
                0x00000000ff8ca798       0x20 drivers/clk/rockchip/clk_rk3399.o
 .rodata.rk3399_dmc_ids
                0x00000000ff8ca7b8       0x20 drivers/ram/rockchip/sdram_rk3399.o
 .rodata.rk3399_ops
                0x00000000ff8ca7d8       0x20 drivers/ram/rockchip/sdram_rk3399.o
 .rodata.rk3399_pmuclk_ids
                0x00000000ff8ca7f8       0x20 drivers/clk/rockchip/clk_rk3399.o
 .rodata.rk3399_syscon_ids
                0x00000000ff8ca818       0x60 arch/arm/mach-rockchip/rk3399/syscon_rk3399.o
 .rodata        0x00000000ff8ca878       0x14 common/spl/spl.o
 .rodata._vprintf
                0x00000000ff8ca88c        0x9 lib/tiny-printf.o
 *fill*         0x00000000ff8ca895        0x3 
 .rodata.apll_b_600_cfg
                0x00000000ff8ca898       0x14 drivers/clk/rockchip/clk_rk3399.o
 .rodata.apll_l_1600_cfg
                0x00000000ff8ca8ac       0x14 drivers/clk/rockchip/clk_rk3399.o
 .rodata.apll_l_600_cfg
                0x00000000ff8ca8c0       0x14 drivers/clk/rockchip/clk_rk3399.o
 .rodata.cpll_init_cfg
                0x00000000ff8ca8d4       0x14 drivers/clk/rockchip/clk_rk3399.o
 .rodata.fdt_next_tag
                0x00000000ff8ca8e8        0x9 lib/libfdt/fdt.o
 *fill*         0x00000000ff8ca8f1        0x3 
 .rodata.gpll_init_cfg
                0x00000000ff8ca8f4       0x14 drivers/clk/rockchip/clk_rk3399.o
 .rodata.modify_param
                0x00000000ff8ca908       0x1e drivers/ram/rockchip/sdram_rk3399.o
 *fill*         0x00000000ff8ca926        0x2 
 .rodata.rk3399_clk_disable
                0x00000000ff8ca928       0x58 drivers/clk/rockchip/clk_rk3399.o
 .rodata.rk3399_clk_enable
                0x00000000ff8ca980       0x58 drivers/clk/rockchip/clk_rk3399.o
 .rodata.rk3399_clk_get_rate
                0x00000000ff8ca9d8       0x20 drivers/clk/rockchip/clk_rk3399.o
 .rodata.rk3399_clk_set_rate
                0x00000000ff8ca9f8       0x25 drivers/clk/rockchip/clk_rk3399.o
 *fill*         0x00000000ff8caa1d        0x3 
 .rodata.rk3399_i2c_get_clk
                0x00000000ff8caa20        0x6 drivers/clk/rockchip/clk_rk3399.o
 *fill*         0x00000000ff8caa26        0x2 
 .rodata.sdram_print_dram_type
                0x00000000ff8caa28        0x8 drivers/ram/rockchip/sdram_common.o
 .rodata.sdram_print_stride
                0x00000000ff8caa30       0x1b drivers/ram/rockchip/sdram_common.o
 .rodata.CSWTCH.34
                0x00000000ff8caa4b        0x3 drivers/serial/ns16550.o
 .rodata.__func__.7617
                0x00000000ff8caa4e       0x10 drivers/clk/rockchip/clk_rk3399.o
 .rodata.__func__.7714
                0x00000000ff8caa5e       0x13 drivers/clk/rockchip/clk_rk3399.o
 .rodata.__func__.7724
                0x00000000ff8caa71       0x13 drivers/clk/rockchip/clk_rk3399.o
 .rodata.__func__.7792
                0x00000000ff8caa84       0x14 drivers/clk/rockchip/clk_rk3399.o
 .rodata.__func__.8482
                0x00000000ff8caa98        0xb drivers/ram/rockchip/sdram_rk3399.o
 .rodata.__func__.8511
                0x00000000ff8caaa3        0xb drivers/ram/rockchip/sdram_rk3399.o
 .rodata.__func__.9023
                0x00000000ff8caaae        0xb drivers/ram/rockchip/sdram_rk3399.o
 .rodata.__func__.9041
                0x00000000ff8caab9       0x16 drivers/ram/rockchip/sdram_rk3399.o
 .rodata.__func__.9050
                0x00000000ff8caacf       0x10 drivers/ram/rockchip/sdram_rk3399.o
 .rodata.alloc_simple.str1.1
                0x00000000ff8caadf       0x17 common/malloc_simple.o
 .rodata.back_to_bootrom.str1.1
                0x00000000ff8caaf6       0x1a arch/arm/mach-rockchip/bootrom.o
 .rodata.board_init_f.str1.1
                0x00000000ff8cab10       0x5a arch/arm/mach-rockchip/tpl.o
 .rodata.board_init_r.str1.1
                0x00000000ff8cab6a       0x62 common/spl/spl.o
 .rodata.clk_fixed_factor_of_to_plat.str1.1
                0x00000000ff8cabcc       0x15 drivers/clk/clk_fixed_factor.o
 .rodata.clk_fixed_rate_ofdata_to_plat_.str1.1
                0x00000000ff8cabe1       0x10 drivers/clk/clk_fixed_rate.o
 .rodata.clk_get_by_index.str1.1
                0x00000000ff8cabf1        0xd drivers/clk/clk-uclass.o
                                         0x14 (size before relaxing)
 .rodata.clk_set_defaults.str1.1
                0x00000000ff8cabfe       0x3c drivers/clk/clk-uclass.o
 .rodata.devfdt_get_addr_index.str1.1
                0x00000000ff8cac3a        0x4 drivers/core/fdtaddr.o
 .rodata.dm_extended_scan.str1.1
                0x00000000ff8cac3e       0x1a drivers/core/root.o
 .rodata.fdt_address_cells.str1.1
                0x00000000ff8cac58        0xf lib/libfdt/fdt_addresses.o
 .rodata.fdt_get_alias_namelen.str1.1
                0x00000000ff8cac67        0x9 lib/libfdt/fdt_ro.o
 .rodata.fdt_get_phandle.str1.1
                0x00000000ff8cac70        0xe lib/libfdt/fdt_ro.o
                                         0x16 (size before relaxing)
 .rodata.fdt_size_cells.str1.1
                0x00000000ff8cac7e        0xc lib/libfdt/fdt_addresses.o
 .rodata.fdtdec_get_is_enabled.str1.1
                0x00000000ff8cac8a        0xc lib/fdtdec.o
 .rodata.fdtdec_prepare_fdt.str1.1
                0x00000000ff8cac96        0xd lib/fdtdec.o
 .rodata.hang.str1.1
                0x00000000ff8caca3       0x2a lib/hang.o
 .rodata.lists_bind_fdt.str1.1
                0x00000000ff8caccd        0xb drivers/core/lists.o
 .rodata.modify_param.str1.1
                0x00000000ff8cacd8       0x2b drivers/ram/rockchip/sdram_rk3399.o
 .rodata.ns16550_serial_of_to_plat.str1.1
                0x00000000ff8cad03       0x22 drivers/serial/ns16550.o
                                         0x32 (size before relaxing)
 .rodata.regmap_init_mem_index.str1.1
                0x00000000ff8cad25       0x27 drivers/core/regmap.o
                                         0x2b (size before relaxing)
 .rodata.rk3399_clk_bind.str1.1
                0x00000000ff8cad4c       0x12 drivers/clk/rockchip/clk_rk3399.o
                                         0x1b (size before relaxing)
 .rodata.rk3399_clk_set_parent.str1.1
                0x00000000ff8cad5e       0x1e drivers/clk/rockchip/clk_rk3399.o
 .rodata.rk3399_clk_set_rate.str1.1
                0x00000000ff8cad7c       0xed drivers/clk/rockchip/clk_rk3399.o
 .rodata.rk3399_dmc_of_to_plat.str1.1
                0x00000000ff8cae69       0x56 drivers/ram/rockchip/sdram_rk3399.o
 .rodata.rk3399_dmc_probe.str1.1
                0x00000000ff8caebf      0x10b drivers/ram/rockchip/sdram_rk3399.o
                                        0x11d (size before relaxing)
 .rodata.rk3399_i2c_get_clk.str1.1
                0x00000000ff8cafca       0x1d drivers/clk/rockchip/clk_rk3399.o
 .rodata.rk3399_spi_get_clk.str1.1
                0x00000000ff8cafe7       0x22 drivers/clk/rockchip/clk_rk3399.o
 .rodata.save_boot_params.str1.1
                0x00000000ff8cb009       0x30 arch/arm/mach-rockchip/bootrom.o
 .rodata.sdram_detect_col.str1.1
                0x00000000ff8cb039        0xb drivers/ram/rockchip/sdram_common.o
 .rodata.sdram_detect_row.str1.1
                0x00000000ff8cb044        0xa drivers/ram/rockchip/sdram_common.o
 .rodata.sdram_print_ddr_info.str1.1
                0x00000000ff8cb04e       0x47 drivers/ram/rockchip/sdram_common.o
                                         0x4b (size before relaxing)
 .rodata.sdram_print_dram_type.str1.1
                0x00000000ff8cb095       0x24 drivers/ram/rockchip/sdram_common.o
                                         0x2e (size before relaxing)
 .rodata.sdram_print_stride.str1.1
                0x00000000ff8cb0b9       0x44 drivers/ram/rockchip/sdram_common.o
                                         0x51 (size before relaxing)
 .rodata.simple_bus_post_bind.str1.1
                0x00000000ff8cb0fd        0x7 drivers/core/simple-bus.o
 .rodata.spi_clkregs
                0x00000000ff8cb104        0xf drivers/clk/rockchip/clk_rk3399.o
 .rodata.str1.1
                0x00000000ff8cb113       0x79 arch/arm/mach-rockchip/rk3399/syscon_rk3399.o
 .rodata.str1.1
                0x00000000ff8cb18c        0x8 common/spl/spl_bootrom.o
 .rodata.str1.1
                0x00000000ff8cb194        0x4 drivers/clk/clk-uclass.o
 .rodata.str1.1
                0x00000000ff8cb198       0x18 drivers/clk/clk_fixed_rate.o
 .rodata.str1.1
                0x00000000ff8cb1b0       0x26 drivers/clk/clk_fixed_factor.o
 .rodata.str1.1
                0x00000000ff8cb1d6       0x56 drivers/clk/rockchip/clk_rk3399.o
 .rodata.str1.1
                0x00000000ff8cb22c       0x11 drivers/core/root.o
 .rodata.str1.1
                0x00000000ff8cb23d        0x4 drivers/core/uclass.o
 .rodata.str1.1
                0x00000000ff8cb241       0x21 drivers/core/simple-bus.o
 .rodata.str1.1
                0x00000000ff8cb262        0x5 drivers/misc/misc-uclass.o
 .rodata.str1.1
                0x00000000ff8cb267        0x9 drivers/sysreset/sysreset-uclass.o
 .rodata.str1.1
                0x00000000ff8cb267       0x12 drivers/sysreset/sysreset_rockchip.o
 .rodata.str1.1
                0x00000000ff8cb267        0x4 drivers/ram/ram-uclass.o
 .rodata.str1.1
                0x00000000ff8cb26b       0x28 drivers/ram/rockchip/sdram_rk3399.o
 .rodata.str1.1
                0x00000000ff8cb293        0xa drivers/serial/serial-uclass.o
                                          0x7 (size before relaxing)
 .rodata.str1.1
                0x00000000ff8cb293       0x59 drivers/serial/ns16550.o
 .rodata.syscon_probe_by_ofnode.str1.1
                0x00000000ff8cb2ec       0x27 drivers/core/syscon-uclass.o
                                          0x7 (size before relaxing)

.rela.dyn       0x00000000ff8cb2f0        0x0
 .rela.iplt     0x00000000ff8cb2f0        0x0 arch/arm/cpu/armv8/start.o
 .rela.text.board_fdt_blob_setup
                0x00000000ff8cb2f0        0x0 arch/arm/cpu/armv8/start.o

.data           0x00000000ff8cb2f0      0x280
                0x00000000ff8cb2f0                . = ALIGN (0x8)
 *(.data*)
 .data          0x00000000ff8cb2f0       0x68 arch/arm/mach-rockchip/bootrom.o
 .data          0x00000000ff8cb358       0x88 common/spl/spl.o
 .data.rk3399_clk_ops
                0x00000000ff8cb3e0       0x48 drivers/clk/rockchip/clk_rk3399.o
 .data.rk3399_pmuclk_ops
                0x00000000ff8cb428       0x48 drivers/clk/rockchip/clk_rk3399.o
 .data.root_info
                0x00000000ff8cb470       0x10 drivers/core/root.o
 .data.rockchip_sysreset
                0x00000000ff8cb480       0x18 drivers/sysreset/sysreset_rockchip.o
 .data.lpddr4_io_setting
                0x00000000ff8cb498       0xd0 drivers/ram/rockchip/sdram_rk3399.o
                0x00000000ff8cb498                lpddr4_io_setting
 .data.rk3399_dmc_ops
                0x00000000ff8cb568        0x8 drivers/ram/rockchip/sdram_rk3399.o

.igot.plt       0x00000000ff8cb570        0x0
 .igot.plt      0x00000000ff8cb570        0x0 arch/arm/cpu/armv8/start.o

.u_boot_list    0x00000000ff8cb570      0xa08
                0x00000000ff8cb570                . = ALIGN (0x8)
 *(SORT_BY_NAME(.u_boot_list*))
 .u_boot_list_2_cmd_1
                0x00000000ff8cb570        0x0 common/command.o
 .u_boot_list_2_cmd_3
                0x00000000ff8cb570        0x0 common/command.o
 .u_boot_list_2_driver_1
                0x00000000ff8cb570        0x0 drivers/core/lists.o
 .u_boot_list_2_driver_1
                0x00000000ff8cb570        0x0 drivers/core/root.o
 .u_boot_list_2_driver_1
                0x00000000ff8cb570        0x0 drivers/core/dump.o
 .u_boot_list_2_driver_2_clk_fixed_factor
                0x00000000ff8cb570       0x78 drivers/clk/clk_fixed_factor.o
                0x00000000ff8cb570                _u_boot_list_2_driver_2_clk_fixed_factor
 .u_boot_list_2_driver_2_clk_rk3399
                0x00000000ff8cb5e8       0x78 drivers/clk/rockchip/clk_rk3399.o
                0x00000000ff8cb5e8                _u_boot_list_2_driver_2_clk_rk3399
 .u_boot_list_2_driver_2_dmc_rk3399
                0x00000000ff8cb660       0x78 drivers/ram/rockchip/sdram_rk3399.o
                0x00000000ff8cb660                _u_boot_list_2_driver_2_dmc_rk3399
 .u_boot_list_2_driver_2_fixed_clock
                0x00000000ff8cb6d8       0x78 drivers/clk/clk_fixed_rate.o
                0x00000000ff8cb6d8                _u_boot_list_2_driver_2_fixed_clock
 .u_boot_list_2_driver_2_generic_syscon
                0x00000000ff8cb750       0x78 drivers/core/syscon-uclass.o
                0x00000000ff8cb750                _u_boot_list_2_driver_2_generic_syscon
 .u_boot_list_2_driver_2_ns16550_serial
                0x00000000ff8cb7c8       0x78 drivers/serial/ns16550.o
                0x00000000ff8cb7c8                _u_boot_list_2_driver_2_ns16550_serial
 .u_boot_list_2_driver_2_rockchip_rk3399_pmuclk
                0x00000000ff8cb840       0x78 drivers/clk/rockchip/clk_rk3399.o
                0x00000000ff8cb840                _u_boot_list_2_driver_2_rockchip_rk3399_pmuclk
 .u_boot_list_2_driver_2_root_driver
                0x00000000ff8cb8b8       0x78 drivers/core/root.o
                0x00000000ff8cb8b8                _u_boot_list_2_driver_2_root_driver
 .u_boot_list_2_driver_2_simple_bus
                0x00000000ff8cb930       0x78 drivers/core/simple-bus.o
                0x00000000ff8cb930                _u_boot_list_2_driver_2_simple_bus
 .u_boot_list_2_driver_2_syscon_rk3399
                0x00000000ff8cb9a8       0x78 arch/arm/mach-rockchip/rk3399/syscon_rk3399.o
                0x00000000ff8cb9a8                _u_boot_list_2_driver_2_syscon_rk3399
 .u_boot_list_2_driver_2_sysreset_rockchip
                0x00000000ff8cba20       0x78 drivers/sysreset/sysreset_rockchip.o
                0x00000000ff8cba20                _u_boot_list_2_driver_2_sysreset_rockchip
 .u_boot_list_2_driver_3
                0x00000000ff8cba98        0x0 drivers/core/lists.o
 .u_boot_list_2_driver_3
                0x00000000ff8cba98        0x0 drivers/core/root.o
 .u_boot_list_2_driver_3
                0x00000000ff8cba98        0x0 drivers/core/dump.o
 .u_boot_list_2_driver_info_1
                0x00000000ff8cba98        0x0 drivers/core/lists.o
 .u_boot_list_2_driver_info_1
                0x00000000ff8cba98        0x0 drivers/core/root.o
 .u_boot_list_2_driver_info_1
                0x00000000ff8cba98        0x0 drivers/core/dump.o
 .u_boot_list_2_driver_info_3
                0x00000000ff8cba98        0x0 drivers/core/lists.o
 .u_boot_list_2_driver_info_3
                0x00000000ff8cba98        0x0 drivers/core/root.o
 .u_boot_list_2_driver_info_3
                0x00000000ff8cba98        0x0 drivers/core/dump.o
 .u_boot_list_2_spl_image_loader_1
                0x00000000ff8cba98        0x0 common/spl/spl.o
 .u_boot_list_2_spl_image_loader_2_BOOT_DEVICE_BOOTROM0spl_return_to_bootrom
                0x00000000ff8cba98       0x18 common/spl/spl_bootrom.o
                0x00000000ff8cba98                _u_boot_list_2_spl_image_loader_2_BOOT_DEVICE_BOOTROM0spl_return_to_bootrom
 .u_boot_list_2_spl_image_loader_3
                0x00000000ff8cbab0        0x0 common/spl/spl.o
 .u_boot_list_2_uclass_driver_1
                0x00000000ff8cbab0        0x0 drivers/core/lists.o
 .u_boot_list_2_uclass_driver_1
                0x00000000ff8cbab0        0x0 drivers/core/root.o
 .u_boot_list_2_uclass_driver_2_clk
                0x00000000ff8cbab0       0x88 drivers/clk/clk-uclass.o
                0x00000000ff8cbab0                _u_boot_list_2_uclass_driver_2_clk
 .u_boot_list_2_uclass_driver_2_misc
                0x00000000ff8cbb38       0x88 drivers/misc/misc-uclass.o
                0x00000000ff8cbb38                _u_boot_list_2_uclass_driver_2_misc
 .u_boot_list_2_uclass_driver_2_nop
                0x00000000ff8cbbc0       0x88 drivers/core/uclass.o
                0x00000000ff8cbbc0                _u_boot_list_2_uclass_driver_2_nop
 .u_boot_list_2_uclass_driver_2_ram
                0x00000000ff8cbc48       0x88 drivers/ram/ram-uclass.o
                0x00000000ff8cbc48                _u_boot_list_2_uclass_driver_2_ram
 .u_boot_list_2_uclass_driver_2_root
                0x00000000ff8cbcd0       0x88 drivers/core/root.o
                0x00000000ff8cbcd0                _u_boot_list_2_uclass_driver_2_root
 .u_boot_list_2_uclass_driver_2_serial
                0x00000000ff8cbd58       0x88 drivers/serial/serial-uclass.o
                0x00000000ff8cbd58                _u_boot_list_2_uclass_driver_2_serial
 .u_boot_list_2_uclass_driver_2_simple_bus
                0x00000000ff8cbde0       0x88 drivers/core/simple-bus.o
                0x00000000ff8cbde0                _u_boot_list_2_uclass_driver_2_simple_bus
 .u_boot_list_2_uclass_driver_2_syscon
                0x00000000ff8cbe68       0x88 drivers/core/syscon-uclass.o
                0x00000000ff8cbe68                _u_boot_list_2_uclass_driver_2_syscon
 .u_boot_list_2_uclass_driver_2_sysreset
                0x00000000ff8cbef0       0x88 drivers/sysreset/sysreset-uclass.o
                0x00000000ff8cbef0                _u_boot_list_2_uclass_driver_2_sysreset
 .u_boot_list_2_uclass_driver_3
                0x00000000ff8cbf78        0x0 drivers/core/lists.o
 .u_boot_list_2_uclass_driver_3
                0x00000000ff8cbf78        0x0 drivers/core/root.o

.image_copy_end
                0x00000000ff8cbf78        0x0
                0x00000000ff8cbf78                . = ALIGN (0x8)
 *(.__image_copy_end)

.end            0x00000000ff8cbf78        0x0
                0x00000000ff8cbf78                . = ALIGN (0x8)
 *(.__end)
 .__end         0x00000000ff8cbf78        0x0 arch/arm/lib/sections.o
                0x00000000ff8cbf78                _end
                0x00000000ff8cbf78                _image_binary_end = .

.bss_start      0x00000000ff8cbf78        0x0
                0x00000000ff8cbf78                . = ALIGN (0x8)
 *(.__bss_start)
 .__bss_start   0x00000000ff8cbf78        0x0 arch/arm/lib/sections.o
                0x00000000ff8cbf78                __bss_start

.bss            0x00000000ff8cbf78       0x18
 *(.bss*)
 .bss.stdio_devices
                0x00000000ff8cbf78       0x18 common/stdio.o
                0x00000000ff8cbf78                stdio_devices
                0x00000000ff8cbf90                . = ALIGN (0x8)

.bss_end        0x00000000ff8cbf90        0x0
 *(.__bss_end)
 .__bss_end     0x00000000ff8cbf90        0x0 arch/arm/lib/sections.o
                0x00000000ff8cbf90                __bss_end

/DISCARD/
 *(.dynsym)
 *(.dynstr*)
 *(.dynamic*)
 *(.plt*)
 *(.interp*)
 *(.gnu*)
                0x0000000000000001                ASSERT (((__image_copy_end - __image_copy_start) < 0x2e000), TPL image too big)
Address of section .text set to 0xff8c2000
LOAD arch/arm/cpu/armv8/start.o
LOAD arch/arm/mach-rockchip/built-in.o
LOAD arch/arm/cpu/armv8/built-in.o
LOAD arch/arm/cpu/built-in.o
LOAD arch/arm/lib/built-in.o
LOAD board/rockchip/evb_rk3399/built-in.o
LOAD common/spl/built-in.o
LOAD common/init/built-in.o
LOAD common/built-in.o
LOAD cmd/built-in.o
LOAD env/built-in.o
LOAD lib/built-in.o
LOAD drivers/built-in.o
LOAD dts/built-in.o
LOAD fs/built-in.o
LOAD /usr/lib/gcc-cross/aarch64-linux-gnu/9/libgcc.a
OUTPUT(u-boot-tpl elf64-littleaarch64)
LOAD linker stubs

.debug_line     0x0000000000000000    0x195f1
 .debug_line    0x0000000000000000       0xb9 arch/arm/cpu/armv8/start.o
 .debug_line    0x00000000000000b9      0x47d arch/arm/mach-rockchip/sdram.o
 .debug_line    0x0000000000000536      0x317 arch/arm/mach-rockchip/rk3399/clk_rk3399.o
 .debug_line    0x000000000000084d      0x30e arch/arm/mach-rockchip/rk3399/rk3399.o
 .debug_line    0x0000000000000b5b      0x1e9 arch/arm/mach-rockchip/rk3399/syscon_rk3399.o
 .debug_line    0x0000000000000d44      0x22d arch/arm/mach-rockchip/bootrom.o
 .debug_line    0x0000000000000f71      0x314 arch/arm/mach-rockchip/tpl.o
 .debug_line    0x0000000000001285      0x29a arch/arm/cpu/armv8/generic_timer.o
 .debug_line    0x000000000000151f     0x1259 arch/arm/cpu/armv8/cache_v8.o
 .debug_line    0x0000000000002778      0x182 arch/arm/cpu/armv8/cache.o
 .debug_line    0x00000000000028fa       0x66 arch/arm/lib/crt0_64.o
 .debug_line    0x0000000000002960       0x77 arch/arm/lib/setjmp_aarch64.o
 .debug_line    0x00000000000029d7       0x38 arch/arm/lib/sections.o
 .debug_line    0x0000000000002a0f      0x9ea common/spl/spl.o
 .debug_line    0x00000000000033f9      0x17f common/spl/spl_bootrom.o
 .debug_line    0x0000000000003578      0x24b common/init/board_init.o
 .debug_line    0x00000000000037c3      0xc49 common/console.o
 .debug_line    0x000000000000440c      0x2cd common/malloc_simple.o
 .debug_line    0x00000000000046d9      0x6ea common/stdio.o
 .debug_line    0x0000000000004dc3      0xe08 common/command.o
 .debug_line    0x0000000000005bcb      0x67c lib/libfdt/fdt.o
 .debug_line    0x0000000000006247     0x111b lib/libfdt/fdt_ro.o
 .debug_line    0x0000000000007362      0x309 lib/libfdt/fdt_addresses.o
 .debug_line    0x000000000000766b      0x233 lib/fdtdec_common.o
 .debug_line    0x000000000000789e     0x1d91 lib/fdtdec.o
 .debug_line    0x000000000000962f       0xf2 lib/hang.o
 .debug_line    0x0000000000009721      0xbf4 lib/string.o
 .debug_line    0x000000000000a315      0x42b lib/time.o
 .debug_line    0x000000000000a740      0x68d lib/tiny-printf.o
 .debug_line    0x000000000000adcd     0x11b7 drivers/clk/clk-uclass.o
 .debug_line    0x000000000000bf84      0x30c drivers/clk/clk_fixed_rate.o
 .debug_line    0x000000000000c290      0x2f1 drivers/clk/clk_fixed_factor.o
 .debug_line    0x000000000000c581     0x1106 drivers/clk/rockchip/clk_rk3399.o
 .debug_line    0x000000000000d687     0x185b drivers/core/device.o
 .debug_line    0x000000000000eee2      0x499 drivers/core/fdtaddr.o
 .debug_line    0x000000000000f37b      0x5ec drivers/core/lists.o
 .debug_line    0x000000000000f967      0xa52 drivers/core/root.o
 .debug_line    0x00000000000103b9     0x147b drivers/core/uclass.o
 .debug_line    0x0000000000011834      0x29c drivers/core/simple-bus.o
 .debug_line    0x0000000000011ad0      0x853 drivers/core/dump.o
 .debug_line    0x0000000000012323      0xd2a drivers/core/regmap.o
 .debug_line    0x000000000001304d      0x544 drivers/core/syscon-uclass.o
 .debug_line    0x0000000000013591     0x1ae0 drivers/core/ofnode.o
 .debug_line    0x0000000000015071      0x29e drivers/misc/misc-uclass.o
 .debug_line    0x000000000001530f      0x4a6 drivers/sysreset/sysreset-uclass.o
 .debug_line    0x00000000000157b5      0x2a5 drivers/sysreset/sysreset_rockchip.o
 .debug_line    0x0000000000015a5a      0x1f7 drivers/ram/ram-uclass.o
 .debug_line    0x0000000000015c51     0x1bc7 drivers/ram/rockchip/sdram_rk3399.o
 .debug_line    0x0000000000017818      0x927 drivers/ram/rockchip/sdram_common.o
 .debug_line    0x000000000001813f      0x6a5 drivers/serial/serial-uclass.o
 .debug_line    0x00000000000187e4      0xe0d drivers/serial/ns16550.o

.debug_info     0x0000000000000000    0x59bef
 .debug_info    0x0000000000000000       0x2e arch/arm/cpu/armv8/start.o
 .debug_info    0x000000000000002e     0x11e9 arch/arm/mach-rockchip/sdram.o
 .debug_info    0x0000000000001217     0x15bc arch/arm/mach-rockchip/rk3399/clk_rk3399.o
 .debug_info    0x00000000000027d3     0x27f9 arch/arm/mach-rockchip/rk3399/rk3399.o
 .debug_info    0x0000000000004fcc      0xea4 arch/arm/mach-rockchip/rk3399/syscon_rk3399.o
 .debug_info    0x0000000000005e70      0x78a arch/arm/mach-rockchip/bootrom.o
 .debug_info    0x00000000000065fa     0x1354 arch/arm/mach-rockchip/tpl.o
 .debug_info    0x000000000000794e      0xba0 arch/arm/cpu/armv8/generic_timer.o
 .debug_info    0x00000000000084ee     0x25c3 arch/arm/cpu/armv8/cache_v8.o
 .debug_info    0x000000000000aab1       0x22 arch/arm/cpu/armv8/cache.o
 .debug_info    0x000000000000aad3       0x2e arch/arm/lib/crt0_64.o
 .debug_info    0x000000000000ab01       0x22 arch/arm/lib/setjmp_aarch64.o
 .debug_info    0x000000000000ab23      0x2a5 arch/arm/lib/sections.o
 .debug_info    0x000000000000adc8     0x2aec common/spl/spl.o
 .debug_info    0x000000000000d8b4      0x76a common/spl/spl_bootrom.o
 .debug_info    0x000000000000e01e      0xabd common/init/board_init.o
 .debug_info    0x000000000000eadb     0x2b92 common/console.o
 .debug_info    0x000000000001166d      0xc78 common/malloc_simple.o
 .debug_info    0x00000000000122e5     0x1c67 common/stdio.o
 .debug_info    0x0000000000013f4c     0x2417 common/command.o
 .debug_info    0x0000000000016363      0x9e1 lib/libfdt/fdt.o
 .debug_info    0x0000000000016d44     0x2458 lib/libfdt/fdt_ro.o
 .debug_info    0x000000000001919c      0x611 lib/libfdt/fdt_addresses.o
 .debug_info    0x00000000000197ad      0x4fe lib/fdtdec_common.o
 .debug_info    0x0000000000019cab     0x5ac9 lib/fdtdec.o
 .debug_info    0x000000000001f774      0x44e lib/hang.o
 .debug_info    0x000000000001fbc2     0x1346 lib/string.o
 .debug_info    0x0000000000020f08     0x1326 lib/time.o
 .debug_info    0x000000000002222e      0xb38 lib/tiny-printf.o
 .debug_info    0x0000000000022d66     0x3dae drivers/clk/clk-uclass.o
 .debug_info    0x0000000000026b14     0x14bf drivers/clk/clk_fixed_rate.o
 .debug_info    0x0000000000027fd3     0x1570 drivers/clk/clk_fixed_factor.o
 .debug_info    0x0000000000029543     0x48e6 drivers/clk/rockchip/clk_rk3399.o
 .debug_info    0x000000000002de29     0x4273 drivers/core/device.o
 .debug_info    0x000000000003209c     0x1813 drivers/core/fdtaddr.o
 .debug_info    0x00000000000338af     0x1a70 drivers/core/lists.o
 .debug_info    0x000000000003531f     0x212b drivers/core/root.o
 .debug_info    0x000000000003744a     0x35a6 drivers/core/uclass.o
 .debug_info    0x000000000003a9f0     0x11b7 drivers/core/simple-bus.o
 .debug_info    0x000000000003bba7     0x1af6 drivers/core/dump.o
 .debug_info    0x000000000003d69d     0x30d1 drivers/core/regmap.o
 .debug_info    0x000000000004076e     0x1a59 drivers/core/syscon-uclass.o
 .debug_info    0x00000000000421c7     0x46b6 drivers/core/ofnode.o
 .debug_info    0x000000000004687d     0x1291 drivers/misc/misc-uclass.o
 .debug_info    0x0000000000047b0e     0x176d drivers/sysreset/sysreset-uclass.o
 .debug_info    0x000000000004927b     0x141b drivers/sysreset/sysreset_rockchip.o
 .debug_info    0x000000000004a696      0xf4a drivers/ram/ram-uclass.o
 .debug_info    0x000000000004b5e0     0x7b3b drivers/ram/rockchip/sdram_rk3399.o
 .debug_info    0x000000000005311b     0x1129 drivers/ram/rockchip/sdram_common.o
 .debug_info    0x0000000000054244     0x1ee7 drivers/serial/serial-uclass.o
 .debug_info    0x000000000005612b     0x3ac4 drivers/serial/ns16550.o

.debug_abbrev   0x0000000000000000     0xb495
 .debug_abbrev  0x0000000000000000       0x14 arch/arm/cpu/armv8/start.o
 .debug_abbrev  0x0000000000000014      0x2c1 arch/arm/mach-rockchip/sdram.o
 .debug_abbrev  0x00000000000002d5      0x2ec arch/arm/mach-rockchip/rk3399/clk_rk3399.o
 .debug_abbrev  0x00000000000005c1      0x2cf arch/arm/mach-rockchip/rk3399/rk3399.o
 .debug_abbrev  0x0000000000000890      0x1f7 arch/arm/mach-rockchip/rk3399/syscon_rk3399.o
 .debug_abbrev  0x0000000000000a87      0x288 arch/arm/mach-rockchip/bootrom.o
 .debug_abbrev  0x0000000000000d0f      0x33b arch/arm/mach-rockchip/tpl.o
 .debug_abbrev  0x000000000000104a      0x24f arch/arm/cpu/armv8/generic_timer.o
 .debug_abbrev  0x0000000000001299      0x54b arch/arm/cpu/armv8/cache_v8.o
 .debug_abbrev  0x00000000000017e4       0x12 arch/arm/cpu/armv8/cache.o
 .debug_abbrev  0x00000000000017f6       0x14 arch/arm/lib/crt0_64.o
 .debug_abbrev  0x000000000000180a       0x12 arch/arm/lib/setjmp_aarch64.o
 .debug_abbrev  0x000000000000181c       0x4b arch/arm/lib/sections.o
 .debug_abbrev  0x0000000000001867      0x72e common/spl/spl.o
 .debug_abbrev  0x0000000000001f95      0x1c1 common/spl/spl_bootrom.o
 .debug_abbrev  0x0000000000002156      0x27c common/init/board_init.o
 .debug_abbrev  0x00000000000023d2      0x626 common/console.o
 .debug_abbrev  0x00000000000029f8      0x2b6 common/malloc_simple.o
 .debug_abbrev  0x0000000000002cae      0x4f3 common/stdio.o
 .debug_abbrev  0x00000000000031a1      0x4d0 common/command.o
 .debug_abbrev  0x0000000000003671      0x2c5 lib/libfdt/fdt.o
 .debug_abbrev  0x0000000000003936      0x3c4 lib/libfdt/fdt_ro.o
 .debug_abbrev  0x0000000000003cfa      0x1f1 lib/libfdt/fdt_addresses.o
 .debug_abbrev  0x0000000000003eeb      0x1a7 lib/fdtdec_common.o
 .debug_abbrev  0x0000000000004092      0x56f lib/fdtdec.o
 .debug_abbrev  0x0000000000004601      0x104 lib/hang.o
 .debug_abbrev  0x0000000000004705      0x37a lib/string.o
 .debug_abbrev  0x0000000000004a7f      0x33c lib/time.o
 .debug_abbrev  0x0000000000004dbb      0x394 lib/tiny-printf.o
 .debug_abbrev  0x000000000000514f      0x6a7 drivers/clk/clk-uclass.o
 .debug_abbrev  0x00000000000057f6      0x36b drivers/clk/clk_fixed_rate.o
 .debug_abbrev  0x0000000000005b61      0x371 drivers/clk/clk_fixed_factor.o
 .debug_abbrev  0x0000000000005ed2      0x552 drivers/clk/rockchip/clk_rk3399.o
 .debug_abbrev  0x0000000000006424      0x67c drivers/core/device.o
 .debug_abbrev  0x0000000000006aa0      0x34d drivers/core/fdtaddr.o
 .debug_abbrev  0x0000000000006ded      0x3ff drivers/core/lists.o
 .debug_abbrev  0x00000000000071ec      0x61e drivers/core/root.o
 .debug_abbrev  0x000000000000780a      0x627 drivers/core/uclass.o
 .debug_abbrev  0x0000000000007e31      0x36c drivers/core/simple-bus.o
 .debug_abbrev  0x000000000000819d      0x3c1 drivers/core/dump.o
 .debug_abbrev  0x000000000000855e      0x5e7 drivers/core/regmap.o
 .debug_abbrev  0x0000000000008b45      0x3fc drivers/core/syscon-uclass.o
 .debug_abbrev  0x0000000000008f41      0x5ca drivers/core/ofnode.o
 .debug_abbrev  0x000000000000950b      0x265 drivers/misc/misc-uclass.o
 .debug_abbrev  0x0000000000009770      0x380 drivers/sysreset/sysreset-uclass.o
 .debug_abbrev  0x0000000000009af0      0x2f2 drivers/sysreset/sysreset_rockchip.o
 .debug_abbrev  0x0000000000009de2      0x249 drivers/ram/ram-uclass.o
 .debug_abbrev  0x000000000000a02b      0x6a0 drivers/ram/rockchip/sdram_rk3399.o
 .debug_abbrev  0x000000000000a6cb      0x302 drivers/ram/rockchip/sdram_common.o
 .debug_abbrev  0x000000000000a9cd      0x514 drivers/serial/serial-uclass.o
 .debug_abbrev  0x000000000000aee1      0x5b4 drivers/serial/ns16550.o

.debug_aranges  0x0000000000000000     0x2f40
 .debug_aranges
                0x0000000000000000       0x30 arch/arm/cpu/armv8/start.o
 .debug_aranges
                0x0000000000000030       0x60 arch/arm/mach-rockchip/sdram.o
 .debug_aranges
                0x0000000000000090       0x40 arch/arm/mach-rockchip/rk3399/clk_rk3399.o
 .debug_aranges
                0x00000000000000d0       0x50 arch/arm/mach-rockchip/rk3399/rk3399.o
 .debug_aranges
                0x0000000000000120       0x20 arch/arm/mach-rockchip/rk3399/syscon_rk3399.o
 .debug_aranges
                0x0000000000000140       0x40 arch/arm/mach-rockchip/bootrom.o
 .debug_aranges
                0x0000000000000180       0x60 arch/arm/mach-rockchip/tpl.o
 .debug_aranges
                0x00000000000001e0       0x70 arch/arm/cpu/armv8/generic_timer.o
 .debug_aranges
                0x0000000000000250      0x1a0 arch/arm/cpu/armv8/cache_v8.o
 .debug_aranges
                0x00000000000003f0       0xd0 arch/arm/cpu/armv8/cache.o
 .debug_aranges
                0x00000000000004c0       0x30 arch/arm/lib/crt0_64.o
 .debug_aranges
                0x00000000000004f0       0x40 arch/arm/lib/setjmp_aarch64.o
 .debug_aranges
                0x0000000000000530       0x20 arch/arm/lib/sections.o
 .debug_aranges
                0x0000000000000550      0x150 common/spl/spl.o
 .debug_aranges
                0x00000000000006a0       0x40 common/spl/spl_bootrom.o
 .debug_aranges
                0x00000000000006e0       0x70 common/init/board_init.o
 .debug_aranges
                0x0000000000000750      0x1d0 common/console.o
 .debug_aranges
                0x0000000000000920       0x70 common/malloc_simple.o
 .debug_aranges
                0x0000000000000990      0x100 common/stdio.o
 .debug_aranges
                0x0000000000000a90      0x100 common/command.o
 .debug_aranges
                0x0000000000000b90       0xf0 lib/libfdt/fdt.o
 .debug_aranges
                0x0000000000000c80      0x280 lib/libfdt/fdt_ro.o
 .debug_aranges
                0x0000000000000f00       0x60 lib/libfdt/fdt_addresses.o
 .debug_aranges
                0x0000000000000f60       0x50 lib/fdtdec_common.o
 .debug_aranges
                0x0000000000000fb0      0x330 lib/fdtdec.o
 .debug_aranges
                0x00000000000012e0       0x30 lib/hang.o
 .debug_aranges
                0x0000000000001310      0x210 lib/string.o
 .debug_aranges
                0x0000000000001520       0xb0 lib/time.o
 .debug_aranges
                0x00000000000015d0       0xb0 lib/tiny-printf.o
 .debug_aranges
                0x0000000000001680      0x1f0 drivers/clk/clk-uclass.o
 .debug_aranges
                0x0000000000001870       0x60 drivers/clk/clk_fixed_rate.o
 .debug_aranges
                0x00000000000018d0       0x40 drivers/clk/clk_fixed_factor.o
 .debug_aranges
                0x0000000000001910      0x140 drivers/clk/rockchip/clk_rk3399.o
 .debug_aranges
                0x0000000000001a50      0x370 drivers/core/device.o
 .debug_aranges
                0x0000000000001dc0       0xd0 drivers/core/fdtaddr.o
 .debug_aranges
                0x0000000000001e90       0x80 drivers/core/lists.o
 .debug_aranges
                0x0000000000001f10      0x100 drivers/core/root.o
 .debug_aranges
                0x0000000000002010      0x270 drivers/core/uclass.o
 .debug_aranges
                0x0000000000002280       0x40 drivers/core/simple-bus.o
 .debug_aranges
                0x00000000000022c0       0x80 drivers/core/dump.o
 .debug_aranges
                0x0000000000002340      0x160 drivers/core/regmap.o
 .debug_aranges
                0x00000000000024a0       0xa0 drivers/core/syscon-uclass.o
 .debug_aranges
                0x0000000000002540      0x3d0 drivers/core/ofnode.o
 .debug_aranges
                0x0000000000002910       0x70 drivers/misc/misc-uclass.o
 .debug_aranges
                0x0000000000002980       0xb0 drivers/sysreset/sysreset-uclass.o
 .debug_aranges
                0x0000000000002a30       0x30 drivers/sysreset/sysreset_rockchip.o
 .debug_aranges
                0x0000000000002a60       0x30 drivers/ram/ram-uclass.o
 .debug_aranges
                0x0000000000002a90      0x100 drivers/ram/rockchip/sdram_rk3399.o
 .debug_aranges
                0x0000000000002b90      0x110 drivers/ram/rockchip/sdram_common.o
 .debug_aranges
                0x0000000000002ca0      0x100 drivers/serial/serial-uclass.o
 .debug_aranges
                0x0000000000002da0      0x1a0 drivers/serial/ns16550.o

.debug_str      0x0000000000000000     0xc6ed
 .debug_str     0x0000000000000000       0x4c arch/arm/cpu/armv8/start.o
 .debug_str     0x000000000000004c      0xf40 arch/arm/mach-rockchip/sdram.o
                                       0x111b (size before relaxing)
 .debug_str     0x0000000000000f8c      0x35f arch/arm/mach-rockchip/rk3399/clk_rk3399.o
                                       0x1375 (size before relaxing)
 .debug_str     0x00000000000012eb     0x2375 arch/arm/mach-rockchip/rk3399/rk3399.o
                                       0x319a (size before relaxing)
 .debug_str     0x0000000000003660       0x66 arch/arm/mach-rockchip/rk3399/syscon_rk3399.o
                                       0x10c1 (size before relaxing)
 .debug_str     0x00000000000036c6       0xf6 arch/arm/mach-rockchip/bootrom.o
                                        0xb3d (size before relaxing)
 .debug_str     0x00000000000037bc      0x1ec arch/arm/mach-rockchip/tpl.o
                                       0x1296 (size before relaxing)
 .debug_str     0x00000000000039a8       0x8f arch/arm/cpu/armv8/generic_timer.o
                                        0xdf1 (size before relaxing)
 .debug_str     0x0000000000003a37      0x3e2 arch/arm/cpu/armv8/cache_v8.o
                                       0x124d (size before relaxing)
 .debug_str     0x0000000000003e19       0x1b arch/arm/cpu/armv8/cache.o
                                         0x3a (size before relaxing)
 .debug_str     0x0000000000003e34       0x17 arch/arm/lib/crt0_64.o
                                         0x36 (size before relaxing)
 .debug_str     0x0000000000003e4b       0x1e arch/arm/lib/setjmp_aarch64.o
                                         0x3d (size before relaxing)
 .debug_str     0x0000000000003e69       0xf4 arch/arm/lib/sections.o
                                        0x30c (size before relaxing)
 .debug_str     0x0000000000003f5d     0x148e common/spl/spl.o
                                       0x26c0 (size before relaxing)
 .debug_str     0x00000000000053eb       0x65 common/spl/spl_bootrom.o
                                        0xcb5 (size before relaxing)
 .debug_str     0x0000000000005450       0xa0 common/init/board_init.o
                                        0xe27 (size before relaxing)
 .debug_str     0x00000000000054f0      0x507 common/console.o
                                       0x1838 (size before relaxing)
 .debug_str     0x00000000000059f7       0x58 common/malloc_simple.o
                                        0xe4a (size before relaxing)
 .debug_str     0x0000000000005a4f      0x1b9 common/stdio.o
                                       0x137b (size before relaxing)
 .debug_str     0x0000000000005c08      0x277 common/command.o
                                       0x1101 (size before relaxing)
 .debug_str     0x0000000000005e7f      0x1dd lib/libfdt/fdt.o
                                        0x4fc (size before relaxing)
 .debug_str     0x000000000000605c      0x44f lib/libfdt/fdt_ro.o
                                        0x8f4 (size before relaxing)
 .debug_str     0x00000000000064ab       0x80 lib/libfdt/fdt_addresses.o
                                        0x327 (size before relaxing)
 .debug_str     0x000000000000652b       0x65 lib/fdtdec_common.o
                                        0x437 (size before relaxing)
 .debug_str     0x0000000000006590     0x116a lib/fdtdec.o
                                       0x2629 (size before relaxing)
 .debug_str     0x00000000000076fa       0x1b lib/hang.o
                                        0xda7 (size before relaxing)
 .debug_str     0x0000000000007715       0xf5 lib/string.o
                                        0x3f0 (size before relaxing)
 .debug_str     0x000000000000780a       0x77 lib/time.o
                                       0x10b2 (size before relaxing)
 .debug_str     0x0000000000007881       0x7d lib/tiny-printf.o
                                        0x4a1 (size before relaxing)
 .debug_str     0x00000000000078fe      0x61c drivers/clk/clk-uclass.o
                                       0x1950 (size before relaxing)
 .debug_str     0x0000000000007f1a      0x111 drivers/clk/clk_fixed_rate.o
                                       0x1264 (size before relaxing)
 .debug_str     0x000000000000802b       0xaf drivers/clk/clk_fixed_factor.o
                                       0x123b (size before relaxing)
 .debug_str     0x00000000000080da     0x138a drivers/clk/rockchip/clk_rk3399.o
                                       0x281c (size before relaxing)
 .debug_str     0x0000000000009464      0x6dc drivers/core/device.o
                                       0x19c6 (size before relaxing)
 .debug_str     0x0000000000009b40      0x1b0 drivers/core/fdtaddr.o
                                       0x1245 (size before relaxing)
 .debug_str     0x0000000000009cf0      0x127 drivers/core/lists.o
                                       0x11cc (size before relaxing)
 .debug_str     0x0000000000009e17      0x1a7 drivers/core/root.o
                                       0x172d (size before relaxing)
 .debug_str     0x0000000000009fbe      0x2f0 drivers/core/uclass.o
                                       0x15f7 (size before relaxing)
 .debug_str     0x000000000000a2ae       0xbf drivers/core/simple-bus.o
                                       0x1139 (size before relaxing)
 .debug_str     0x000000000000a36d       0xb2 drivers/core/dump.o
                                       0x1145 (size before relaxing)
 .debug_str     0x000000000000a41f      0x3c4 drivers/core/regmap.o
                                       0x1644 (size before relaxing)
 .debug_str     0x000000000000a7e3      0x1a2 drivers/core/syscon-uclass.o
                                       0x157a (size before relaxing)
 .debug_str     0x000000000000a985      0x48c drivers/core/ofnode.o
                                       0x1e1a (size before relaxing)
 .debug_str     0x000000000000ae11       0xa7 drivers/misc/misc-uclass.o
                                       0x108a (size before relaxing)
 .debug_str     0x000000000000aeb8      0x13b drivers/sysreset/sysreset-uclass.o
                                       0x1311 (size before relaxing)
 .debug_str     0x000000000000aff3       0xbf drivers/sysreset/sysreset_rockchip.o
                                       0x12e0 (size before relaxing)
 .debug_str     0x000000000000b0b2       0x44 drivers/ram/ram-uclass.o
                                       0x1042 (size before relaxing)
 .debug_str     0x000000000000b0f6      0xe73 drivers/ram/rockchip/sdram_rk3399.o
                                       0x317c (size before relaxing)
 .debug_str     0x000000000000bf69       0xdd drivers/ram/rockchip/sdram_common.o
                                        0x557 (size before relaxing)
 .debug_str     0x000000000000c046      0x1c8 drivers/serial/serial-uclass.o
                                       0x168a (size before relaxing)
 .debug_str     0x000000000000c20e      0x4df drivers/serial/ns16550.o
                                       0x18a8 (size before relaxing)

.debug_loc      0x0000000000000000    0x4077e
 .debug_loc     0x0000000000000000      0x67c arch/arm/mach-rockchip/sdram.o
 .debug_loc     0x000000000000067c      0x1be arch/arm/mach-rockchip/rk3399/clk_rk3399.o
 .debug_loc     0x000000000000083a      0x186 arch/arm/mach-rockchip/rk3399/rk3399.o
 .debug_loc     0x00000000000009c0      0x1f3 arch/arm/mach-rockchip/bootrom.o
 .debug_loc     0x0000000000000bb3      0x1ff arch/arm/mach-rockchip/tpl.o
 .debug_loc     0x0000000000000db2      0x1d4 arch/arm/cpu/armv8/generic_timer.o
 .debug_loc     0x0000000000000f86     0x2bc6 arch/arm/cpu/armv8/cache_v8.o
 .debug_loc     0x0000000000003b4c      0x982 common/spl/spl.o
 .debug_loc     0x00000000000044ce       0xb7 common/spl/spl_bootrom.o
 .debug_loc     0x0000000000004585      0x1a6 common/init/board_init.o
 .debug_loc     0x000000000000472b     0x13cc common/console.o
 .debug_loc     0x0000000000005af7      0x391 common/malloc_simple.o
 .debug_loc     0x0000000000005e88      0xa0a common/stdio.o
 .debug_loc     0x0000000000006892     0x364f common/command.o
 .debug_loc     0x0000000000009ee1      0xf01 lib/libfdt/fdt.o
 .debug_loc     0x000000000000ade2     0x3b5f lib/libfdt/fdt_ro.o
 .debug_loc     0x000000000000e941      0x9f4 lib/libfdt/fdt_addresses.o
 .debug_loc     0x000000000000f335      0x3de lib/fdtdec_common.o
 .debug_loc     0x000000000000f713     0x6f4a lib/fdtdec.o
 .debug_loc     0x000000000001665d       0x26 lib/hang.o
 .debug_loc     0x0000000000016683     0x2d80 lib/string.o
 .debug_loc     0x0000000000019403      0x50d lib/time.o
 .debug_loc     0x0000000000019910     0x1522 lib/tiny-printf.o
 .debug_loc     0x000000000001ae32     0x35d4 drivers/clk/clk-uclass.o
 .debug_loc     0x000000000001e406      0x274 drivers/clk/clk_fixed_rate.o
 .debug_loc     0x000000000001e67a      0x35d drivers/clk/clk_fixed_factor.o
 .debug_loc     0x000000000001e9d7     0x4262 drivers/clk/rockchip/clk_rk3399.o
 .debug_loc     0x0000000000022c39     0x3ad2 drivers/core/device.o
 .debug_loc     0x000000000002670b      0xa3b drivers/core/fdtaddr.o
 .debug_loc     0x0000000000027146      0xf3b drivers/core/lists.o
 .debug_loc     0x0000000000028081      0xae4 drivers/core/root.o
 .debug_loc     0x0000000000028b65     0x398d drivers/core/uclass.o
 .debug_loc     0x000000000002c4f2      0x280 drivers/core/simple-bus.o
 .debug_loc     0x000000000002c772      0xb6b drivers/core/dump.o
 .debug_loc     0x000000000002d2dd     0x3245 drivers/core/regmap.o
 .debug_loc     0x0000000000030522      0x6f9 drivers/core/syscon-uclass.o
 .debug_loc     0x0000000000030c1b     0x30ba drivers/core/ofnode.o
 .debug_loc     0x0000000000033cd5      0x845 drivers/misc/misc-uclass.o
 .debug_loc     0x000000000003451a      0x6ea drivers/sysreset/sysreset-uclass.o
 .debug_loc     0x0000000000034c04      0x16a drivers/sysreset/sysreset_rockchip.o
 .debug_loc     0x0000000000034d6e      0x118 drivers/ram/ram-uclass.o
 .debug_loc     0x0000000000034e86     0x6d78 drivers/ram/rockchip/sdram_rk3399.o
 .debug_loc     0x000000000003bbfe     0x17a0 drivers/ram/rockchip/sdram_common.o
 .debug_loc     0x000000000003d39e      0xa9f drivers/serial/serial-uclass.o
 .debug_loc     0x000000000003de3d     0x2941 drivers/serial/ns16550.o

.debug_ranges   0x0000000000000000     0x9220
 .debug_ranges  0x0000000000000000       0xc0 arch/arm/mach-rockchip/sdram.o
 .debug_ranges  0x00000000000000c0       0xd0 arch/arm/mach-rockchip/rk3399/clk_rk3399.o
 .debug_ranges  0x0000000000000190       0x40 arch/arm/mach-rockchip/rk3399/rk3399.o
 .debug_ranges  0x00000000000001d0       0xa0 arch/arm/mach-rockchip/bootrom.o
 .debug_ranges  0x0000000000000270       0x50 arch/arm/mach-rockchip/tpl.o
 .debug_ranges  0x00000000000002c0       0x60 arch/arm/cpu/armv8/generic_timer.o
 .debug_ranges  0x0000000000000320      0x8f0 arch/arm/cpu/armv8/cache_v8.o
 .debug_ranges  0x0000000000000c10       0xd0 arch/arm/cpu/armv8/cache.o
 .debug_ranges  0x0000000000000ce0       0x40 arch/arm/lib/setjmp_aarch64.o
 .debug_ranges  0x0000000000000d20      0x500 common/spl/spl.o
 .debug_ranges  0x0000000000001220       0x30 common/spl/spl_bootrom.o
 .debug_ranges  0x0000000000001250       0x90 common/init/board_init.o
 .debug_ranges  0x00000000000012e0      0x350 common/console.o
 .debug_ranges  0x0000000000001630       0x90 common/malloc_simple.o
 .debug_ranges  0x00000000000016c0      0x230 common/stdio.o
 .debug_ranges  0x00000000000018f0      0x370 common/command.o
 .debug_ranges  0x0000000000001c60      0x110 lib/libfdt/fdt.o
 .debug_ranges  0x0000000000001d70      0x4b0 lib/libfdt/fdt_ro.o
 .debug_ranges  0x0000000000002220       0x50 lib/libfdt/fdt_addresses.o
 .debug_ranges  0x0000000000002270       0x40 lib/fdtdec_common.o
 .debug_ranges  0x00000000000022b0      0x620 lib/fdtdec.o
 .debug_ranges  0x00000000000028d0       0x20 lib/hang.o
 .debug_ranges  0x00000000000028f0      0x300 lib/string.o
 .debug_ranges  0x0000000000002bf0      0x140 lib/time.o
 .debug_ranges  0x0000000000002d30      0x180 lib/tiny-printf.o
 .debug_ranges  0x0000000000002eb0      0x7b0 drivers/clk/clk-uclass.o
 .debug_ranges  0x0000000000003660       0x80 drivers/clk/clk_fixed_rate.o
 .debug_ranges  0x00000000000036e0       0x60 drivers/clk/clk_fixed_factor.o
 .debug_ranges  0x0000000000003740      0xa90 drivers/clk/rockchip/clk_rk3399.o
 .debug_ranges  0x00000000000041d0      0x8e0 drivers/core/device.o
 .debug_ranges  0x0000000000004ab0      0x1f0 drivers/core/fdtaddr.o
 .debug_ranges  0x0000000000004ca0      0x3a0 drivers/core/lists.o
 .debug_ranges  0x0000000000005040      0x3e0 drivers/core/root.o
 .debug_ranges  0x0000000000005420      0x630 drivers/core/uclass.o
 .debug_ranges  0x0000000000005a50       0x30 drivers/core/simple-bus.o
 .debug_ranges  0x0000000000005a80      0x310 drivers/core/dump.o
 .debug_ranges  0x0000000000005d90      0x560 drivers/core/regmap.o
 .debug_ranges  0x00000000000062f0       0x90 drivers/core/syscon-uclass.o
 .debug_ranges  0x0000000000006380      0xa80 drivers/core/ofnode.o
 .debug_ranges  0x0000000000006e00       0x60 drivers/misc/misc-uclass.o
 .debug_ranges  0x0000000000006e60       0xa0 drivers/sysreset/sysreset-uclass.o
 .debug_ranges  0x0000000000006f00       0x50 drivers/sysreset/sysreset_rockchip.o
 .debug_ranges  0x0000000000006f50       0x20 drivers/ram/ram-uclass.o
 .debug_ranges  0x0000000000006f70      0xdd0 drivers/ram/rockchip/sdram_rk3399.o
 .debug_ranges  0x0000000000007d40      0x240 drivers/ram/rockchip/sdram_common.o
 .debug_ranges  0x0000000000007f80      0x260 drivers/serial/serial-uclass.o
 .debug_ranges  0x00000000000081e0     0x1040 drivers/serial/ns16550.o

.comment        0x0000000000000000       0x2a
 .comment       0x0000000000000000       0x2a arch/arm/mach-rockchip/sdram.o
                                         0x2b (size before relaxing)
 .comment       0x000000000000002a       0x2b arch/arm/mach-rockchip/rk3399/clk_rk3399.o
 .comment       0x000000000000002a       0x2b arch/arm/mach-rockchip/rk3399/rk3399.o
 .comment       0x000000000000002a       0x2b arch/arm/mach-rockchip/rk3399/syscon_rk3399.o
 .comment       0x000000000000002a       0x2b arch/arm/mach-rockchip/bootrom.o
 .comment       0x000000000000002a       0x2b arch/arm/mach-rockchip/tpl.o
 .comment       0x000000000000002a       0x2b arch/arm/cpu/armv8/generic_timer.o
 .comment       0x000000000000002a       0x2b arch/arm/cpu/armv8/cache_v8.o
 .comment       0x000000000000002a       0x2b arch/arm/lib/sections.o
 .comment       0x000000000000002a       0x2b common/spl/spl.o
 .comment       0x000000000000002a       0x2b common/spl/spl_bootrom.o
 .comment       0x000000000000002a       0x2b common/init/board_init.o
 .comment       0x000000000000002a       0x2b common/console.o
 .comment       0x000000000000002a       0x2b common/malloc_simple.o
 .comment       0x000000000000002a       0x2b common/stdio.o
 .comment       0x000000000000002a       0x2b common/command.o
 .comment       0x000000000000002a       0x2b lib/libfdt/fdt.o
 .comment       0x000000000000002a       0x2b lib/libfdt/fdt_ro.o
 .comment       0x000000000000002a       0x2b lib/libfdt/fdt_addresses.o
 .comment       0x000000000000002a       0x2b lib/fdtdec_common.o
 .comment       0x000000000000002a       0x2b lib/fdtdec.o
 .comment       0x000000000000002a       0x2b lib/hang.o
 .comment       0x000000000000002a       0x2b lib/string.o
 .comment       0x000000000000002a       0x2b lib/time.o
 .comment       0x000000000000002a       0x2b lib/tiny-printf.o
 .comment       0x000000000000002a       0x2b drivers/clk/clk-uclass.o
 .comment       0x000000000000002a       0x2b drivers/clk/clk_fixed_rate.o
 .comment       0x000000000000002a       0x2b drivers/clk/clk_fixed_factor.o
 .comment       0x000000000000002a       0x2b drivers/clk/rockchip/clk_rk3399.o
 .comment       0x000000000000002a       0x2b drivers/core/device.o
 .comment       0x000000000000002a       0x2b drivers/core/fdtaddr.o
 .comment       0x000000000000002a       0x2b drivers/core/lists.o
 .comment       0x000000000000002a       0x2b drivers/core/root.o
 .comment       0x000000000000002a       0x2b drivers/core/uclass.o
 .comment       0x000000000000002a       0x2b drivers/core/simple-bus.o
 .comment       0x000000000000002a       0x2b drivers/core/dump.o
 .comment       0x000000000000002a       0x2b drivers/core/regmap.o
 .comment       0x000000000000002a       0x2b drivers/core/syscon-uclass.o
 .comment       0x000000000000002a       0x2b drivers/core/ofnode.o
 .comment       0x000000000000002a       0x2b drivers/misc/misc-uclass.o
 .comment       0x000000000000002a       0x2b drivers/sysreset/sysreset-uclass.o
 .comment       0x000000000000002a       0x2b drivers/sysreset/sysreset_rockchip.o
 .comment       0x000000000000002a       0x2b drivers/ram/ram-uclass.o
 .comment       0x000000000000002a       0x2b drivers/ram/rockchip/sdram_rk3399.o
 .comment       0x000000000000002a       0x2b drivers/ram/rockchip/sdram_common.o
 .comment       0x000000000000002a       0x2b drivers/serial/serial-uclass.o
 .comment       0x000000000000002a       0x2b drivers/serial/ns16550.o

.note.GNU-stack
                0x0000000000000000        0x0
 .note.GNU-stack
                0x0000000000000000        0x0 arch/arm/mach-rockchip/sdram.o
 .note.GNU-stack
                0x0000000000000000        0x0 arch/arm/mach-rockchip/rk3399/clk_rk3399.o
 .note.GNU-stack
                0x0000000000000000        0x0 arch/arm/mach-rockchip/rk3399/rk3399.o
 .note.GNU-stack
                0x0000000000000000        0x0 arch/arm/mach-rockchip/rk3399/syscon_rk3399.o
 .note.GNU-stack
                0x0000000000000000        0x0 arch/arm/mach-rockchip/bootrom.o
 .note.GNU-stack
                0x0000000000000000        0x0 arch/arm/mach-rockchip/tpl.o
 .note.GNU-stack
                0x0000000000000000        0x0 arch/arm/cpu/armv8/generic_timer.o
 .note.GNU-stack
                0x0000000000000000        0x0 arch/arm/cpu/armv8/cache_v8.o
 .note.GNU-stack
                0x0000000000000000        0x0 arch/arm/lib/sections.o
 .note.GNU-stack
                0x0000000000000000        0x0 common/spl/spl.o
 .note.GNU-stack
                0x0000000000000000        0x0 common/spl/spl_bootrom.o
 .note.GNU-stack
                0x0000000000000000        0x0 common/init/board_init.o
 .note.GNU-stack
                0x0000000000000000        0x0 common/console.o
 .note.GNU-stack
                0x0000000000000000        0x0 common/malloc_simple.o
 .note.GNU-stack
                0x0000000000000000        0x0 common/stdio.o
 .note.GNU-stack
                0x0000000000000000        0x0 common/command.o
 .note.GNU-stack
                0x0000000000000000        0x0 lib/libfdt/fdt.o
 .note.GNU-stack
                0x0000000000000000        0x0 lib/libfdt/fdt_ro.o
 .note.GNU-stack
                0x0000000000000000        0x0 lib/libfdt/fdt_addresses.o
 .note.GNU-stack
                0x0000000000000000        0x0 lib/fdtdec_common.o
 .note.GNU-stack
                0x0000000000000000        0x0 lib/fdtdec.o
 .note.GNU-stack
                0x0000000000000000        0x0 lib/hang.o
 .note.GNU-stack
                0x0000000000000000        0x0 lib/string.o
 .note.GNU-stack
                0x0000000000000000        0x0 lib/time.o
 .note.GNU-stack
                0x0000000000000000        0x0 lib/tiny-printf.o
 .note.GNU-stack
                0x0000000000000000        0x0 drivers/clk/clk-uclass.o
 .note.GNU-stack
                0x0000000000000000        0x0 drivers/clk/clk_fixed_rate.o
 .note.GNU-stack
                0x0000000000000000        0x0 drivers/clk/clk_fixed_factor.o
 .note.GNU-stack
                0x0000000000000000        0x0 drivers/clk/rockchip/clk_rk3399.o
 .note.GNU-stack
                0x0000000000000000        0x0 drivers/core/device.o
 .note.GNU-stack
                0x0000000000000000        0x0 drivers/core/fdtaddr.o
 .note.GNU-stack
                0x0000000000000000        0x0 drivers/core/lists.o
 .note.GNU-stack
                0x0000000000000000        0x0 drivers/core/root.o
 .note.GNU-stack
                0x0000000000000000        0x0 drivers/core/uclass.o
 .note.GNU-stack
                0x0000000000000000        0x0 drivers/core/simple-bus.o
 .note.GNU-stack
                0x0000000000000000        0x0 drivers/core/dump.o
 .note.GNU-stack
                0x0000000000000000        0x0 drivers/core/regmap.o
 .note.GNU-stack
                0x0000000000000000        0x0 drivers/core/syscon-uclass.o
 .note.GNU-stack
                0x0000000000000000        0x0 drivers/core/ofnode.o
 .note.GNU-stack
                0x0000000000000000        0x0 drivers/misc/misc-uclass.o
 .note.GNU-stack
                0x0000000000000000        0x0 drivers/sysreset/sysreset-uclass.o
 .note.GNU-stack
                0x0000000000000000        0x0 drivers/sysreset/sysreset_rockchip.o
 .note.GNU-stack
                0x0000000000000000        0x0 drivers/ram/ram-uclass.o
 .note.GNU-stack
                0x0000000000000000        0x0 drivers/ram/rockchip/sdram_rk3399.o
 .note.GNU-stack
                0x0000000000000000        0x0 drivers/ram/rockchip/sdram_common.o
 .note.GNU-stack
                0x0000000000000000        0x0 drivers/serial/serial-uclass.o
 .note.GNU-stack
                0x0000000000000000        0x0 drivers/serial/ns16550.o